Archive member included to satisfy reference by file (symbol)

/home/hung/Desktop/lora-repo/AI-THINKER-NEWVERSION/Ai-Thinker-LoRaWAN-Ra-08-new/drivers/crypto/lib/libcrypto.a(aes.o)
                              out/AES_n.o (aes_init)
/usr/lib/gcc/arm-none-eabi/13.2.1/thumb/v7e-m/nofp/libgcc.a(_arm_muldf3.o)
                              out/printf-stdarg.o (__aeabi_dmul)
/usr/lib/gcc/arm-none-eabi/13.2.1/thumb/v7e-m/nofp/libgcc.a(_arm_addsubdf3.o)
                              out/printf-stdarg.o (__aeabi_dsub)
/usr/lib/gcc/arm-none-eabi/13.2.1/thumb/v7e-m/nofp/libgcc.a(_arm_muldivdf3.o)
                              out/printf-stdarg.o (__aeabi_ddiv)
/usr/lib/gcc/arm-none-eabi/13.2.1/thumb/v7e-m/nofp/libgcc.a(_arm_cmpdf2.o)
                              out/printf-stdarg.o (__aeabi_dcmpeq)
/usr/lib/gcc/arm-none-eabi/13.2.1/thumb/v7e-m/nofp/libgcc.a(_arm_fixdfsi.o)
                              out/printf-stdarg.o (__aeabi_d2iz)
/usr/lib/gcc/arm-none-eabi/13.2.1/thumb/v7e-m/nofp/libgcc.a(_arm_fixunsdfsi.o)
                              out/printf-stdarg.o (__aeabi_d2uiz)
/usr/lib/gcc/arm-none-eabi/13.2.1/thumb/v7e-m/nofp/libgcc.a(_aeabi_uldivmod.o)
                              out/printf-stdarg.o (__aeabi_uldivmod)
/usr/lib/gcc/arm-none-eabi/13.2.1/thumb/v7e-m/nofp/libgcc.a(_fixunsdfdi.o)
                              out/rtc-board.o (__aeabi_d2ulz)
/usr/lib/gcc/arm-none-eabi/13.2.1/thumb/v7e-m/nofp/libgcc.a(_udivmoddi4.o)
                              /usr/lib/gcc/arm-none-eabi/13.2.1/thumb/v7e-m/nofp/libgcc.a(_aeabi_uldivmod.o) (__udivmoddi4)
/usr/lib/gcc/arm-none-eabi/13.2.1/thumb/v7e-m/nofp/libgcc.a(_dvmd_tls.o)
                              /usr/lib/gcc/arm-none-eabi/13.2.1/thumb/v7e-m/nofp/libgcc.a(_aeabi_uldivmod.o) (__aeabi_ldiv0)
/usr/lib/gcc/arm-none-eabi/13.2.1/../../../arm-none-eabi/lib/thumb/v7e-m/nofp/libc.a(libc_a-memset.o)
                              /usr/lib/gcc/arm-none-eabi/13.2.1/../../../arm-none-eabi/lib/thumb/v7e-m/nofp/crt0.o (memset)
/usr/lib/gcc/arm-none-eabi/13.2.1/../../../arm-none-eabi/lib/thumb/v7e-m/nofp/libc.a(libc_a-strncmp.o)
                              out/authentication.o (strncmp)
/usr/lib/gcc/arm-none-eabi/13.2.1/../../../arm-none-eabi/lib/thumb/v7e-m/nofp/libc.a(libc_a-calloc.o)
                              out/AES_n.o (calloc)
/usr/lib/gcc/arm-none-eabi/13.2.1/../../../arm-none-eabi/lib/thumb/v7e-m/nofp/libc.a(libc_a-impure.o)
                              /usr/lib/gcc/arm-none-eabi/13.2.1/../../../arm-none-eabi/lib/thumb/v7e-m/nofp/libc.a(libc_a-calloc.o) (_impure_ptr)
/usr/lib/gcc/arm-none-eabi/13.2.1/../../../arm-none-eabi/lib/thumb/v7e-m/nofp/libc.a(libc_a-callocr.o)
                              /usr/lib/gcc/arm-none-eabi/13.2.1/../../../arm-none-eabi/lib/thumb/v7e-m/nofp/libc.a(libc_a-calloc.o) (_calloc_r)
/usr/lib/gcc/arm-none-eabi/13.2.1/../../../arm-none-eabi/lib/thumb/v7e-m/nofp/libc.a(libc_a-mallocr.o)
                              /usr/lib/gcc/arm-none-eabi/13.2.1/../../../arm-none-eabi/lib/thumb/v7e-m/nofp/libc.a(libc_a-callocr.o) (_malloc_r)
/usr/lib/gcc/arm-none-eabi/13.2.1/../../../arm-none-eabi/lib/thumb/v7e-m/nofp/libc.a(libc_a-freer.o)
                              /usr/lib/gcc/arm-none-eabi/13.2.1/../../../arm-none-eabi/lib/thumb/v7e-m/nofp/libc.a(libc_a-mallocr.o) (_free_r)
/usr/lib/gcc/arm-none-eabi/13.2.1/../../../arm-none-eabi/lib/thumb/v7e-m/nofp/libc.a(libc_a-atoi.o)
                              out/configuration_funcs.o (atoi)
/usr/lib/gcc/arm-none-eabi/13.2.1/../../../arm-none-eabi/lib/thumb/v7e-m/nofp/libc.a(libc_a-strtol.o)
                              /usr/lib/gcc/arm-none-eabi/13.2.1/../../../arm-none-eabi/lib/thumb/v7e-m/nofp/libc.a(libc_a-atoi.o) (_strtol_r)
/usr/lib/gcc/arm-none-eabi/13.2.1/../../../arm-none-eabi/lib/thumb/v7e-m/nofp/libc.a(libc_a-malloc.o)
                              out/pingpong.o (malloc)
/usr/lib/gcc/arm-none-eabi/13.2.1/../../../arm-none-eabi/lib/thumb/v7e-m/nofp/libc.a(libc_a-memcpy.o)
                              out/reformatstring.o (memcpy)
/usr/lib/gcc/arm-none-eabi/13.2.1/../../../arm-none-eabi/lib/thumb/v7e-m/nofp/libc.a(libc_a-sysconf.o)
                              /usr/lib/gcc/arm-none-eabi/13.2.1/../../../arm-none-eabi/lib/thumb/v7e-m/nofp/libc.a(libc_a-mallocr.o) (sysconf)
/usr/lib/gcc/arm-none-eabi/13.2.1/../../../arm-none-eabi/lib/thumb/v7e-m/nofp/libc.a(libc_a-init.o)
                              /usr/lib/gcc/arm-none-eabi/13.2.1/../../../arm-none-eabi/lib/thumb/v7e-m/nofp/crt0.o (__libc_init_array)
/usr/lib/gcc/arm-none-eabi/13.2.1/../../../arm-none-eabi/lib/thumb/v7e-m/nofp/libc.a(libc_a-mlock.o)
                              /usr/lib/gcc/arm-none-eabi/13.2.1/../../../arm-none-eabi/lib/thumb/v7e-m/nofp/libc.a(libc_a-mallocr.o) (__malloc_lock)
/usr/lib/gcc/arm-none-eabi/13.2.1/../../../arm-none-eabi/lib/thumb/v7e-m/nofp/libc.a(libc_a-findfp.o)
                              /usr/lib/gcc/arm-none-eabi/13.2.1/../../../arm-none-eabi/lib/thumb/v7e-m/nofp/libc.a(libc_a-impure.o) (__sf)
[...]
Memory Configuration

Name             Origin             Length             Attributes
FLASH            0x08000000         0x00020000         xr
RAM              0x20000000         0x00004000         xrw
*default*        0x00000000         0xffffffff

Linker script and memory map

LOAD /usr/lib/gcc/arm-none-eabi/13.2.1/thumb/v7e-m/nofp/crti.o
LOAD /usr/lib/gcc/arm-none-eabi/13.2.1/thumb/v7e-m/nofp/crtbegin.o
LOAD /usr/lib/gcc/arm-none-eabi/13.2.1/../../../arm-none-eabi/lib/thumb/v7e-m/nofp/crt0.o
LOAD out/custom_sbrk.o
LOAD out/enum_implement_variables.o
LOAD out/main.o
LOAD out/pingpong.o
LOAD out/tremo_it.o
LOAD out/check_hexa_input.o
LOAD out/check_if_have_done_yet_in_that_section.o
LOAD out/interval_format.o
LOAD out/reformatstring.o
LOAD out/take_bytes_from_flash.o
LOAD out/AES_n.o
LOAD out/dealing_with_flash.o
LOAD out/rewrite_data_to_flash.o
LOAD out/take_authentication_information_from_flash.o
LOAD out/authentication.o
LOAD out/configuration.o
LOAD out/operation.o
LOAD out/interval.o
LOAD out/Error_handling_Toggle_gpio_pin_State_when_gateway_not_response.o
LOAD out/gptimer_implement.o
LOAD out/filter_uart_receive.o
LOAD out/uart_receive.o
LOAD out/variables_from_enum.o
LOAD out/authentication_assign.o
LOAD out/authentication_funcs.o
LOAD out/configuration_funcs.o
LOAD out/operation_funcs.o
LOAD out/Interrupt_gpio.o
LOAD out/lora_get_config.o
LOAD out/lora_send.o
LOAD out/lora_get_config_funcs.o
LOAD out/printf-stdarg.o
LOAD out/system_cm4.o
LOAD out/tremo_adc.o
LOAD out/tremo_bstimer.o
LOAD out/tremo_crc.o
LOAD out/tremo_dac.o
LOAD out/tremo_delay.o
LOAD out/tremo_dma.o
LOAD out/tremo_flash.o
LOAD out/tremo_gpio.o
LOAD out/tremo_i2c.o
LOAD out/tremo_i2s.o
LOAD out/tremo_iwdg.o
LOAD out/tremo_lcd.o
LOAD out/tremo_lptimer.o
LOAD out/tremo_lpuart.o
LOAD out/tremo_pwr.o
LOAD out/tremo_rcc.o
LOAD out/tremo_rtc.o
LOAD out/tremo_spi.o
LOAD out/tremo_system.o
LOAD out/tremo_timer.o
LOAD out/tremo_uart.o
LOAD out/tremo_wdg.o
LOAD out/delay.o
LOAD out/timer.o
LOAD out/cmac.o
LOAD out/radio.o
LOAD out/sx126x.o
LOAD out/rtc-board.o
LOAD out/sx1262-board.o
LOAD out/utilities.o
LOAD out/startup_cm4.o
LOAD /home/hung/Desktop/lora-repo/AI-THINKER-NEWVERSION/Ai-Thinker-LoRaWAN-Ra-08-new/drivers/crypto/lib/libcrypto.a
START GROUP
LOAD /usr/lib/gcc/arm-none-eabi/13.2.1/thumb/v7e-m/nofp/libgcc.a
LOAD /usr/lib/gcc/arm-none-eabi/13.2.1/../../../arm-none-eabi/lib/thumb/v7e-m/nofp/libc.a
END GROUP
LOAD /usr/lib/gcc/arm-none-eabi/13.2.1/thumb/v7e-m/nofp/crtend.o
LOAD /usr/lib/gcc/arm-none-eabi/13.2.1/thumb/v7e-m/nofp/crtn.o
                0x20004000                        _estack = 0x20004000
                0x00000000                        _HEAP_SIZE = 0x0
                0x00001000                        _STACK_SIZE = 0x1000

.isr_vector     0x08000000       0xd4
                0x08000000                        . = ALIGN (0x4)
 *(.isr_vector)
 .isr_vector    0x08000000       0xd4 out/startup_cm4.o
                0x08000000                g_pfnVectors
                0x080000d4                        . = ALIGN (0x4)

.text           0x080000d8     0x7f50
                0x080000d8                        . = ALIGN (0x4)
 *(.text)
 .text          0x080000d8       0x88 /usr/lib/gcc/arm-none-eabi/13.2.1/thumb/v7e-m/nofp/crtbegin.o
 .text          0x08000160      0x1ec /home/hung/Desktop/lora-repo/AI-THINKER-NEWVERSION/Ai-Thinker-LoRaWAN-Ra-08-new/drivers/crypto/lib/libcrypto.a(aes.o)
                0x08000160                aes_init
                0x08000270                aes_crypto
                0x08000314                aes_close
 .text          0x0800034c      0x378 /usr/lib/gcc/arm-none-eabi/13.2.1/thumb/v7e-m/nofp/libgcc.a(_arm_addsubdf3.o)
                0x0800034c                __aeabi_drsub
                0x08000354                __aeabi_dsub
                0x08000354                __subdf3
                0x08000358                __adddf3
                0x08000358                __aeabi_dadd
                0x080005d0                __aeabi_ui2d
                0x080005d0                __floatunsidf
                0x080005f0                __floatsidf
                0x080005f0                __aeabi_i2d
                0x08000614                __extendsfdf2
                0x08000614                __aeabi_f2d
                0x08000658                __aeabi_ul2d
                0x08000658                __floatundidf
                0x08000668                __floatdidf
                0x08000668                __aeabi_l2d
 .text          0x080006c4      0x424 /usr/lib/gcc/arm-none-eabi/13.2.1/thumb/v7e-m/nofp/libgcc.a(_arm_muldivdf3.o)
                0x080006c4                __aeabi_dmul
                0x080006c4                __muldf3
                0x08000918                __aeabi_ddiv
                0x08000918                __divdf3
 .text          0x08000ae8      0x110 /usr/lib/gcc/arm-none-eabi/13.2.1/thumb/v7e-m/nofp/libgcc.a(_arm_cmpdf2.o)
                0x08000ae8                __gtdf2
                0x08000ae8                __gedf2
                0x08000af0                __ltdf2
                0x08000af0                __ledf2
                0x08000af8                __cmpdf2
                0x08000af8                __eqdf2
                0x08000af8                __nedf2
                0x08000b74                __aeabi_cdrcmple
                0x08000b84                __aeabi_cdcmple
                0x08000b84                __aeabi_cdcmpeq
                0x08000b94                __aeabi_dcmpeq
                0x08000ba8                __aeabi_dcmplt
                0x08000bbc                __aeabi_dcmple
                0x08000bd0                __aeabi_dcmpge
                0x08000be4                __aeabi_dcmpgt
 .text          0x08000bf8       0x50 /usr/lib/gcc/arm-none-eabi/13.2.1/thumb/v7e-m/nofp/libgcc.a(_arm_fixdfsi.o)
                0x08000bf8                __fixdfsi
                0x08000bf8                __aeabi_d2iz
 .text          0x08000c48       0x40 /usr/lib/gcc/arm-none-eabi/13.2.1/thumb/v7e-m/nofp/libgcc.a(_arm_fixunsdfsi.o)
                0x08000c48                __fixunsdfsi
                0x08000c48                __aeabi_d2uiz
 .text          0x08000c88       0x30 /usr/lib/gcc/arm-none-eabi/13.2.1/thumb/v7e-m/nofp/libgcc.a(_aeabi_uldivmod.o)
                0x08000c88                __aeabi_uldivmod
 .text          0x08000cb8       0x3c /usr/lib/gcc/arm-none-eabi/13.2.1/thumb/v7e-m/nofp/libgcc.a(_fixunsdfdi.o)
                0x08000cb8                __aeabi_d2ulz
                0x08000cb8                __fixunsdfdi
 .text          0x08000cf4      0x2bc /usr/lib/gcc/arm-none-eabi/13.2.1/thumb/v7e-m/nofp/libgcc.a(_udivmoddi4.o)
                0x08000cf4                __udivmoddi4
 .text          0x08000fb0        0x4 /usr/lib/gcc/arm-none-eabi/13.2.1/thumb/v7e-m/nofp/libgcc.a(_dvmd_tls.o)
                0x08000fb0                __aeabi_ldiv0
                0x08000fb0                __aeabi_idiv0
 .text          0x08000fb4       0xa4 /usr/lib/gcc/arm-none-eabi/13.2.1/../../../arm-none-eabi/lib/thumb/v7e-m/nofp/libc.a(libc_a-memset.o)
                0x08000fb4                memset
 .text          0x08001058       0x8c /usr/lib/gcc/arm-none-eabi/13.2.1/../../../arm-none-eabi/lib/thumb/v7e-m/nofp/libc.a(libc_a-strncmp.o)
                0x08001058                strncmp
 .text          0x080010e4       0x18 /usr/lib/gcc/arm-none-eabi/13.2.1/../../../arm-none-eabi/lib/thumb/v7e-m/nofp/libc.a(libc_a-calloc.o)
                0x080010e4                calloc
 .text          0x080010fc       0x6c /usr/lib/gcc/arm-none-eabi/13.2.1/../../../arm-none-eabi/lib/thumb/v7e-m/nofp/libc.a(libc_a-callocr.o)
                0x080010fc                _calloc_r
 .text          0x08001168      0x55c /usr/lib/gcc/arm-none-eabi/13.2.1/../../../arm-none-eabi/lib/thumb/v7e-m/nofp/libc.a(libc_a-mallocr.o)
                0x08001168                _malloc_r
 .text          0x080016c4      0x2b0 /usr/lib/gcc/arm-none-eabi/13.2.1/../../../arm-none-eabi/lib/thumb/v7e-m/nofp/libc.a(libc_a-freer.o)
                0x080016c4                _malloc_trim_r
                0x0800177c                _free_r
 .text          0x08001974       0x10 /usr/lib/gcc/arm-none-eabi/13.2.1/../../../arm-none-eabi/lib/thumb/v7e-m/nofp/libc.a(libc_a-atoi.o)
                0x08001974                atoi
                0x0800197c                _atoi_r
 .text          0x08001984      0x16c /usr/lib/gcc/arm-none-eabi/13.2.1/../../../arm-none-eabi/lib/thumb/v7e-m/nofp/libc.a(libc_a-strtol.o)
                0x08001abc                _strtol_r
                0x08001ac0                strtol_l
                0x08001ad8                strtol
 .text          0x08001af0       0x20 /usr/lib/gcc/arm-none-eabi/13.2.1/../../../arm-none-eabi/lib/thumb/v7e-m/nofp/libc.a(libc_a-malloc.o)
                0x08001af0                malloc
                0x08001b00                free
 .text          0x08001b10      0x134 /usr/lib/gcc/arm-none-eabi/13.2.1/../../../arm-none-eabi/lib/thumb/v7e-m/nofp/libc.a(libc_a-memcpy.o)
                0x08001b10                memcpy
 .text          0x08001c44       0x1c /usr/lib/gcc/arm-none-eabi/13.2.1/../../../arm-none-eabi/lib/thumb/v7e-m/nofp/libc.a(libc_a-sysconf.o)
                0x08001c44                sysconf
 .text          0x08001c60       0x50 /usr/lib/gcc/arm-none-eabi/13.2.1/../../../arm-none-eabi/lib/thumb/v7e-m/nofp/libc.a(libc_a-init.o)
                0x08001c60                __libc_init_array
 .text          0x08001cb0        0x8 /usr/lib/gcc/arm-none-eabi/13.2.1/../../../arm-none-eabi/lib/thumb/v7e-m/nofp/libc.a(libc_a-mlock.o)
                0x08001cb0                __malloc_lock
                0x08001cb4                __malloc_unlock
 .text          0x08001cb8        0xc /usr/lib/gcc/arm-none-eabi/13.2.1/../../../arm-none-eabi/lib/thumb/v7e-m/nofp/libc.a(libc_a-atexit.o)
                0x08001cb8                atexit
 .text          0x08001cc4       0x24 /usr/lib/gcc/arm-none-eabi/13.2.1/../../../arm-none-eabi/lib/thumb/v7e-m/nofp/libc.a(libc_a-sbrkr.o)
                0x08001cc4                _sbrk_r
 .text          0x08001ce8       0x28 /usr/lib/gcc/arm-none-eabi/13.2.1/../../../arm-none-eabi/lib/thumb/v7e-m/nofp/libc.a(libc_a-fini.o)
                0x08001ce8                __libc_fini_array
 .text          0x08001d10        0xc /usr/lib/gcc/arm-none-eabi/13.2.1/../../../arm-none-eabi/lib/thumb/v7e-m/nofp/libc.a(libc_a-errno.o)
                0x08001d10                __errno
 .text          0x08001d1c       0x64 /usr/lib/gcc/arm-none-eabi/13.2.1/../../../arm-none-eabi/lib/thumb/v7e-m/nofp/libc.a(libc_a-__atexit.o)
                0x08001d1c                __register_exitproc
 .text          0x08001d80       0xf8 /usr/lib/gcc/arm-none-eabi/13.2.1/../../../arm-none-eabi/lib/thumb/v7e-m/nofp/libm.a(libm_a-s_ceil.o)
                0x08001d80                ceil
 .text          0x08001e78       0x9c /usr/lib/gcc/arm-none-eabi/13.2.1/../../../arm-none-eabi/lib/thumb/v7e-m/nofp/libm.a(libm_a-s_round.o)
                0x08001e78                round
 *fill*         0x08001f14        0x4 
 .text          0x08001f18      0x108 /usr/lib/gcc/arm-none-eabi/13.2.1/../../../arm-none-eabi/lib/thumb/v7e-m/nofp/libm.a(libm_a-s_floor.o)
                0x08001f18                floor
 .text          0x08002020      0x124 /usr/lib/gcc/arm-none-eabi/13.2.1/../../../arm-none-eabi/lib/thumb/v7e-m/nofp/libm.a(libm_a-s_rint.o)
                0x08002020                rint
 *(.text*)
 .text._sbrk    0x08002144       0x10 out/custom_sbrk.o
                0x08002144                _sbrk
 .text.board_init
                0x08002154       0x6a out/main.o
                0x08002154                board_init
 .text.startup.main
                0x080021be        0xe out/main.o
                0x080021be                main
 .text.app_start
                0x080021cc      0x17c out/pingpong.o
                0x080021cc                app_start
 .text.NMI_Handler
                0x08002348        0x2 out/tremo_it.o
                0x08002348                NMI_Handler
 .text.HardFault_Handler
                0x0800234a        0x2 out/tremo_it.o
                0x0800234a                HardFault_Handler
 .text.MemManage_Handler
                0x0800234c        0x2 out/tremo_it.o
                0x0800234c                MemManage_Handler
 .text.BusFault_Handler
                0x0800234e        0x2 out/tremo_it.o
                0x0800234e                BusFault_Handler
 .text.UsageFault_Handler
                0x08002350        0x2 out/tremo_it.o
                0x08002350                UsageFault_Handler
 .text.SVC_Handler
                0x08002352        0x2 out/tremo_it.o
                0x08002352                SVC_Handler
 .text.PendSV_Handler
                0x08002354        0x2 out/tremo_it.o
                0x08002354                PendSV_Handler
 .text.SysTick_Handler
                0x08002356        0x2 out/tremo_it.o
                0x08002356                SysTick_Handler
 .text.PWR_IRQHandler
                0x08002358        0x2 out/tremo_it.o
                0x08002358                PWR_IRQHandler
 .text.LORA_IRQHandler
                0x0800235a        0x4 out/tremo_it.o
                0x0800235a                LORA_IRQHandler
 .text.RTC_IRQHandler
                0x0800235e        0x4 out/tremo_it.o
                0x0800235e                RTC_IRQHandler
 .text.hex_char_to_nibble
                0x08002362       0x2c out/check_hexa_input.o
 .text.parse_strict_hex_bytes
                0x0800238e       0x5a out/check_hexa_input.o
                0x0800238e                parse_strict_hex_bytes
 .text.parse_strict_hex_bytes_ver2
                0x080023e8       0x5a out/check_hexa_input.o
                0x080023e8                parse_strict_hex_bytes_ver2
 .text.check_if_have_done_yet_in_that_section
                0x08002442       0x34 out/check_if_have_done_yet_in_that_section.o
                0x08002442                check_if_have_done_yet_in_that_section
 .text.parse_time_string
                0x08002476       0x4e out/interval_format.o
                0x08002476                parse_time_string
 .text.take_byte_from_flash
                0x080024c4       0x22 out/take_bytes_from_flash.o
                0x080024c4                take_byte_from_flash
 .text.allocation
                0x080024e6       0x1a out/AES_n.o
                0x080024e6                allocation
 .text.aes_ecb  0x08002500       0x90 out/AES_n.o
                0x08002500                aes_ecb
 .text.flash_data_to_memory
                0x08002590       0x90 out/dealing_with_flash.o
                0x08002590                flash_data_to_memory
 .text.take_data_from_flash_memory
                0x08002620       0x1e out/dealing_with_flash.o
                0x08002620                take_data_from_flash_memory
 *fill*         0x0800263e        0x2 
 .text.rewritedata
                0x08002640       0xd8 out/rewrite_data_to_flash.o
                0x08002640                rewritedata
 .text.get_username_and_password
                0x08002718       0xc4 out/take_authentication_information_from_flash.o
                0x08002718                get_username_and_password
 .text.first_enter
                0x080027dc       0xa0 out/authentication.o
                0x080027dc                first_enter
 .text.username_enter
                0x0800287c       0xb4 out/authentication.o
                0x0800287c                username_enter
 .text.password_enter
                0x08002930       0x90 out/authentication.o
                0x08002930                password_enter
 .text.Authentication
                0x080029c0       0xf4 out/authentication.o
                0x080029c0                Authentication
 .text.testcase
                0x08002ab4       0x2c out/configuration.o
                0x08002ab4                testcase
 .text.Configuration
                0x08002ae0      0x2f8 out/configuration.o
                0x08002ae0                Configuration
 .text.operate  0x08002dd8      0x1a0 out/operation.o
                0x08002dd8                operate
 .text.OnTxDone
                0x08002f78       0x18 out/operation.o
                0x08002f78                OnTxDone
 .text.OnRxDone
                0x08002f90       0x48 out/operation.o
                0x08002f90                OnRxDone
 .text.OnTxTimeout
                0x08002fd8       0x18 out/operation.o
                0x08002fd8                OnTxTimeout
 .text.OnRxTimeout
                0x08002ff0       0x18 out/operation.o
                0x08002ff0                OnRxTimeout
 .text.OnRxError
                0x08003008       0x18 out/operation.o
                0x08003008                OnRxError
 .text.GPIO_IRQHandler
                0x08003020       0x28 out/operation.o
                0x08003020                GPIO_IRQHandler
 .text.gptim0_IRQHandler
                0x08003048       0x30 out/operation.o
                0x08003048                gptim0_IRQHandler
 .text.TIMER0_IRQHandler
                0x08003078        0x4 out/operation.o
                0x08003078                TIMER0_IRQHandler
 .text.gptim1_IRQHandler
                0x0800307c       0x30 out/operation.o
                0x0800307c                gptim1_IRQHandler
 .text.TIMER1_IRQHandler
                0x080030ac        0x4 out/operation.o
                0x080030ac                TIMER1_IRQHandler
 .text.gptimer_simple_timer
                0x080030b0       0x48 out/gptimer_implement.o
                0x080030b0                gptimer_simple_timer
 .text.uart_init_config
                0x080030f8       0x78 out/uart_receive.o
                0x080030f8                uart_init_config
 .text.handle_uart_rx
                0x08003170       0x70 out/uart_receive.o
                0x08003170                handle_uart_rx
 .text.init_authentication_made
                0x080031e0      0x164 out/authentication_assign.o
                0x080031e0                init_authentication_made
 .text.node_id_set
                0x08003344       0xe0 out/configuration_funcs.o
                0x08003344                node_id_set
 .text.key_set1
                0x08003424       0x34 out/configuration_funcs.o
                0x08003424                key_set1
 .text.key_set2
                0x08003458       0x34 out/configuration_funcs.o
                0x08003458                key_set2
 .text.key_set3
                0x0800348c       0x34 out/configuration_funcs.o
                0x0800348c                key_set3
 .text.key_set4
                0x080034c0       0x4c out/configuration_funcs.o
                0x080034c0                key_set4
 .text.key_set_result
                0x0800350c       0x7c out/configuration_funcs.o
                0x0800350c                key_set_result
 .text.interval_set
                0x08003588       0x8c out/configuration_funcs.o
                0x08003588                interval_set
 .text.authenticcation_key_set
                0x08003614       0xbc out/configuration_funcs.o
                0x08003614                authenticcation_key_set
 .text.address_key_set
                0x080036d0       0x84 out/configuration_funcs.o
                0x080036d0                address_key_set
 .text.add_data_to_flash_memory
                0x08003754       0x7c out/configuration_funcs.o
                0x08003754                add_data_to_flash_memory
 .text.extract_uint16_to_2_bytes
                0x080037d0       0x2c out/configuration_funcs.o
                0x080037d0                extract_uint16_to_2_bytes
 .text.checkconfigdata
                0x080037fc       0x2c out/configuration_funcs.o
                0x080037fc                checkconfigdata
 .text.tx_power_set
                0x08003828       0xa8 out/configuration_funcs.o
                0x08003828                tx_power_set
 .text.threshold_set
                0x080038d0       0x9c out/configuration_funcs.o
                0x080038d0                threshold_set
 .text.frequency_set
                0x0800396c       0xc0 out/configuration_funcs.o
                0x0800396c                frequency_set
 .text.bandwidth_set
                0x08003a2c       0xd4 out/configuration_funcs.o
                0x08003a2c                bandwidth_set
 .text.spreading_factor_set
                0x08003b00       0xcc out/configuration_funcs.o
                0x08003b00                spreading_factor_set
 .text.codingrate_set
                0x08003bcc       0xb8 out/configuration_funcs.o
                0x08003bcc                codingrate_set
 .text.preamblelen_set
                0x08003c84      0x104 out/configuration_funcs.o
                0x08003c84                preamblelen_set
 .text.fixlen_set
                0x08003d88       0x80 out/configuration_funcs.o
                0x08003d88                fixlen_set
 .text.crcon_set
                0x08003e08       0x80 out/configuration_funcs.o
                0x08003e08                crcon_set
 .text.freqhopn_set
                0x08003e88       0x80 out/configuration_funcs.o
                0x08003e88                freqhopn_set
 .text.hopperiod_set
                0x08003f08       0xb4 out/configuration_funcs.o
                0x08003f08                hopperiod_set
 .text.iqinverted_set
                0x08003fbc       0x80 out/configuration_funcs.o
                0x08003fbc                iqinverted_set
 .text.tx_timeout_set
                0x0800403c      0x108 out/configuration_funcs.o
                0x0800403c                tx_timeout_set
 .text.interrupt_init
                0x08004144       0x2c out/Interrupt_gpio.o
                0x08004144                interrupt_init
 .text.config_lora_transmit
                0x08004170      0x2cc out/lora_get_config.o
                0x08004170                config_lora_transmit
 .text.push_data_to_payload
                0x0800443c       0x1e out/lora_send.o
                0x0800443c                push_data_to_payload
 *fill*         0x0800445a        0x2 
 .text.send_data_through_lora
                0x0800445c      0x1a8 out/lora_send.o
                0x0800445c                send_data_through_lora
 .text.get_param_from_flash
                0x08004604      0x17c out/lora_get_config_funcs.o
                0x08004604                get_param_from_flash
 .text._out_null
                0x08004780        0x2 out/printf-stdarg.o
 .text._out_rev
                0x08004782       0x88 out/printf-stdarg.o
 .text._ntoa_format
                0x0800480a      0x114 out/printf-stdarg.o
 .text._ntoa_long
                0x0800491e       0x84 out/printf-stdarg.o
 .text._ntoa_long_long
                0x080049a2       0xa0 out/printf-stdarg.o
 *fill*         0x08004a42        0x6 
 .text._etoa    0x08004a48      0x374 out/printf-stdarg.o
 *fill*         0x08004dbc        0x4 
 .text._ftoa    0x08004dc0      0x304 out/printf-stdarg.o
 .text._out_char
                0x080050c4       0x10 out/printf-stdarg.o
 .text._vsnprintf
                0x080050d4      0x518 out/printf-stdarg.o
 .text.__wrap_printf
                0x080055ec       0x28 out/printf-stdarg.o
                0x080055ec                __wrap_printf
 .text.nvic_init
                0x08005614       0x24 out/system_cm4.o
                0x08005614                nvic_init
 .text.system_init
                0x08005638       0x44 out/system_cm4.o
                0x08005638                system_init
 .text.delay_init
                0x0800567c       0x48 out/tremo_delay.o
                0x0800567c                delay_init
 .text.delay_us
                0x080056c4       0x38 out/tremo_delay.o
                0x080056c4                delay_us
 .text.delay_ms
                0x080056fc        0xa out/tremo_delay.o
                0x080056fc                delay_ms
 *fill*         0x08005706        0x2 
 .text.flash_erase_page
                0x08005708       0x64 out/tremo_flash.o
                0x08005708                flash_erase_page
 .text.flash_program_bytes
                0x0800576c       0xb4 out/tremo_flash.o
                0x0800576c                flash_program_bytes
 .text.gpio_init
                0x08005820      0x120 out/tremo_gpio.o
                0x08005820                gpio_init
 .text.gpio_toggle
                0x08005940        0xc out/tremo_gpio.o
                0x08005940                gpio_toggle
 .text.gpio_clear_interrupt
                0x0800594c        0xe out/tremo_gpio.o
                0x0800594c                gpio_clear_interrupt
 .text.gpio_config_interrupt
                0x0800595a       0x1e out/tremo_gpio.o
                0x0800595a                gpio_config_interrupt
 .text.gpio_get_interrupt_status
                0x08005978       0x12 out/tremo_gpio.o
                0x08005978                gpio_get_interrupt_status
 *fill*         0x0800598a        0x2 
 .text.gpio_set_iomux
                0x0800598c       0x44 out/tremo_gpio.o
                0x0800598c                gpio_set_iomux
 .text.pwr_xo32k_lpm_cmd
                0x080059d0       0x18 out/tremo_pwr.o
                0x080059d0                pwr_xo32k_lpm_cmd
 .text.rcc_get_clk_freq
                0x080059e8       0x9c out/tremo_rcc.o
                0x080059e8                rcc_get_clk_freq
 .text.rcc_get_uart0_clk_source
                0x08005a84        0xc out/tremo_rcc.o
                0x08005a84                rcc_get_uart0_clk_source
 .text.rcc_get_uart1_clk_source
                0x08005a90        0xc out/tremo_rcc.o
                0x08005a90                rcc_get_uart1_clk_source
 .text.rcc_get_uart2_clk_source
                0x08005a9c        0xc out/tremo_rcc.o
                0x08005a9c                rcc_get_uart2_clk_source
 .text.rcc_get_uart3_clk_source
                0x08005aa8        0xc out/tremo_rcc.o
                0x08005aa8                rcc_get_uart3_clk_source
 .text.rcc_get_rtc_clk_source
                0x08005ab4        0xc out/tremo_rcc.o
                0x08005ab4                rcc_get_rtc_clk_source
 .text.rcc_enable_peripheral_clk
                0x08005ac0      0x4b4 out/tremo_rcc.o
                0x08005ac0                rcc_enable_peripheral_clk
 .text.rcc_enable_oscillator
                0x08005f74       0xfc out/tremo_rcc.o
                0x08005f74                rcc_enable_oscillator
 .text.rcc_rst_peripheral
                0x08006070       0x4a out/tremo_rcc.o
                0x08006070                rcc_rst_peripheral
 .text.rtc_deinit
                0x080060ba       0x1e out/tremo_rtc.o
                0x080060ba                rtc_deinit
 .text.rtc_check_syn
                0x080060d8       0x14 out/tremo_rtc.o
                0x080060d8                rtc_check_syn
 .text.rtc_calendar_cmd
                0x080060ec       0x20 out/tremo_rtc.o
                0x080060ec                rtc_calendar_cmd
 .text.rtc_cyc_cmd
                0x0800610c       0x20 out/tremo_rtc.o
                0x0800610c                rtc_cyc_cmd
 .text.rtc_config_cyc_wakeup
                0x0800612c       0x24 out/tremo_rtc.o
                0x0800612c                rtc_config_cyc_wakeup
 .text.rtc_get_calendar
                0x08006150       0xdc out/tremo_rtc.o
                0x08006150                rtc_get_calendar
 .text.rtc_set_status
                0x0800622c       0x3c out/tremo_rtc.o
                0x0800622c                rtc_set_status
 .text.rtc_get_status
                0x08006268       0x44 out/tremo_rtc.o
                0x08006268                rtc_get_status
 .text.rtc_config_interrupt
                0x080062ac       0x40 out/tremo_rtc.o
                0x080062ac                rtc_config_interrupt
 .text.rtc_config_cyc_max
                0x080062ec       0x14 out/tremo_rtc.o
                0x080062ec                rtc_config_cyc_max
 .text.timer_init
                0x08006300       0x46 out/tremo_timer.o
                0x08006300                timer_init
 .text.timer_cmd
                0x08006346       0x12 out/tremo_timer.o
                0x08006346                timer_cmd
 .text.timer_config_interrupt
                0x08006358        0xe out/tremo_timer.o
                0x08006358                timer_config_interrupt
 .text.timer_get_status
                0x08006366        0xe out/tremo_timer.o
                0x08006366                timer_get_status
 .text.timer_clear_status
                0x08006374        0xa out/tremo_timer.o
                0x08006374                timer_clear_status
 .text.timer_generate_event
                0x0800637e        0xe out/tremo_timer.o
                0x0800637e                timer_generate_event
 .text.uart_get_flag_status
                0x0800638c        0xc out/tremo_uart.o
                0x0800638c                uart_get_flag_status
 .text.uart_send_data
                0x08006398        0xa out/tremo_uart.o
                0x08006398                uart_send_data
 .text.uart_receive_data
                0x080063a2        0xc out/tremo_uart.o
                0x080063a2                uart_receive_data
 .text.uart_config_interrupt
                0x080063ae       0x10 out/tremo_uart.o
                0x080063ae                uart_config_interrupt
 .text.uart_config_init
                0x080063be       0x16 out/tremo_uart.o
                0x080063be                uart_config_init
 .text.uart_cmd
                0x080063d4       0x12 out/tremo_uart.o
                0x080063d4                uart_cmd
 .text.uart_get_interrupt_status
                0x080063e6        0xc out/tremo_uart.o
                0x080063e6                uart_get_interrupt_status
 .text.uart_clear_interrupt
                0x080063f2        0x4 out/tremo_uart.o
                0x080063f2                uart_clear_interrupt
 *fill*         0x080063f6        0x2 
 .text.uart_init
                0x080063f8      0x148 out/tremo_uart.o
                0x080063f8                uart_init
 .text.DelayMs  0x08006540        0x4 out/delay.o
                0x08006540                DelayMs
 .text.TimeStampsUpdate
                0x08006544       0x2c out/timer.o
 .text.TimerInsertNewHeadTimer
                0x08006570       0x1c out/timer.o
 .text.TimerInit
                0x0800658c        0xe out/timer.o
                0x0800658c                TimerInit
 *fill*         0x0800659a        0x2 
 .text.TimerStart
                0x0800659c       0x78 out/timer.o
                0x0800659c                TimerStart
 .text.TimerIrqHandler
                0x08006614       0x68 out/timer.o
                0x08006614                TimerIrqHandler
 .text.TimerStop
                0x0800667c       0x60 out/timer.o
                0x0800667c                TimerStop
 .text.TimerSetValue
                0x080066dc       0x10 out/timer.o
                0x080066dc                TimerSetValue
 .text.TimerGetCurrentTime
                0x080066ec       0x18 out/timer.o
                0x080066ec                TimerGetCurrentTime
 .text.TimerGetElapsedTime
                0x08006704       0x12 out/timer.o
                0x08006704                TimerGetElapsedTime
 .text.RadioCheckRfFrequency
                0x08006716        0x4 out/radio.o
                0x08006716                RadioCheckRfFrequency
 *fill*         0x0800671a        0x2 
 .text.RadioOnTxTimeoutIrq
                0x0800671c       0x14 out/radio.o
                0x0800671c                RadioOnTxTimeoutIrq
 .text.RadioOnRxTimeoutIrq
                0x08006730       0x14 out/radio.o
                0x08006730                RadioOnRxTimeoutIrq
 .text.RadioStandby
                0x08006744        0x6 out/radio.o
                0x08006744                RadioStandby
 *fill*         0x0800674a        0x2 
 .text.RadioInit
                0x0800674c       0x6c out/radio.o
                0x0800674c                RadioInit
 .text.RadioGetStatus
                0x080067b8       0x18 out/radio.o
                0x080067b8                RadioGetStatus
 .text.RadioSetChannel
                0x080067d0        0x4 out/radio.o
                0x080067d0                RadioSetChannel
 .text.RadioRssi
                0x080067d4        0x8 out/radio.o
                0x080067d4                RadioRssi
 .text.RadioRead
                0x080067dc        0x4 out/radio.o
                0x080067dc                RadioRead
 .text.RadioWrite
                0x080067e0        0x4 out/radio.o
                0x080067e0                RadioWrite
 .text.RadioSend
                0x080067e4       0x58 out/radio.o
                0x080067e4                RadioSend
 .text.RadioSleep
                0x0800683c       0x14 out/radio.o
                0x0800683c                RadioSleep
 .text.RadioSetRxDutyCycle
                0x08006850        0x4 out/radio.o
                0x08006850                RadioSetRxDutyCycle
 .text.RadioStartCad
                0x08006854       0x6c out/radio.o
                0x08006854                RadioStartCad
 .text.RadioSetTxContinuousWave
                0x080068c0       0x4c out/radio.o
                0x080068c0                RadioSetTxContinuousWave
 .text.RadioWriteBuffer
                0x0800690c        0x4 out/radio.o
                0x0800690c                RadioWriteBuffer
 .text.RadioReadBuffer
                0x08006910        0x4 out/radio.o
                0x08006910                RadioReadBuffer
 .text.RadioGetWakeupTime
                0x08006914        0xa out/radio.o
                0x08006914                RadioGetWakeupTime
 *fill*         0x0800691e        0x2 
 .text.RadioOnCadTimeoutIrq
                0x08006920       0x20 out/radio.o
                0x08006920                RadioOnCadTimeoutIrq
 .text.RadioGetFskBandwidthRegValue
                0x08006940       0x34 out/radio.o
 .text.RadioSetMaxPayloadLength
                0x08006974       0x30 out/radio.o
                0x08006974                RadioSetMaxPayloadLength
 .text.RadioRx  0x080069a4       0x48 out/radio.o
                0x080069a4                RadioRx
 .text.RadioRxBoosted
                0x080069ec       0x44 out/radio.o
                0x080069ec                RadioRxBoosted
 .text.RadioIrqProcess
                0x08006a30      0x178 out/radio.o
                0x08006a30                RadioIrqProcess
 .text.RadioSetPublicNetwork
                0x08006ba8       0x40 out/radio.o
                0x08006ba8                RadioSetPublicNetwork
 .text.RadioSetModem.part.0
                0x08006be8       0x28 out/radio.o
 .text.RadioSetModem
                0x08006c10       0x24 out/radio.o
                0x08006c10                RadioSetModem
 .text.RadioIsChannelFree
                0x08006c34       0x4a out/radio.o
                0x08006c34                RadioIsChannelFree
 .text.RadioRandom
                0x08006c7e       0x38 out/radio.o
                0x08006c7e                RadioRandom
 *fill*         0x08006cb6        0x2 
 .text.RadioSymbTime
                0x08006cb8       0x2c out/radio.o
                0x08006cb8                RadioSymbTime
 *fill*         0x08006ce4        0x4 
 .text.RadioSetRxConfig
                0x08006ce8      0x228 out/radio.o
                0x08006ce8                RadioSetRxConfig
 .text.RadioSetTxConfig
                0x08006f10      0x1a4 out/radio.o
                0x08006f10                RadioSetTxConfig
 *fill*         0x080070b4        0x4 
 .text.RadioTimeOnAir
                0x080070b8      0x190 out/radio.o
                0x080070b8                RadioTimeOnAir
 .text.RadioOnDioIrq
                0x08007248       0x24 out/radio.o
                0x08007248                RadioOnDioIrq
 .text.SX126xGetOperatingMode
                0x0800726c        0xc out/sx126x.o
                0x0800726c                SX126xGetOperatingMode
 .text.SX126xSetOperatingMode
                0x08007278        0xc out/sx126x.o
                0x08007278                SX126xSetOperatingMode
 .text.SX126xCheckDeviceReady
                0x08007284       0x38 out/sx126x.o
                0x08007284                SX126xCheckDeviceReady
 .text.SX126xSetPayload
                0x080072bc        0xa out/sx126x.o
                0x080072bc                SX126xSetPayload
 .text.SX126xSetSyncWord
                0x080072c6       0x12 out/sx126x.o
                0x080072c6                SX126xSetSyncWord
 .text.SX126xSetCrcSeed
                0x080072d8       0x24 out/sx126x.o
                0x080072d8                SX126xSetCrcSeed
 .text.SX126xSetCrcPolynomial
                0x080072fc       0x24 out/sx126x.o
                0x080072fc                SX126xSetCrcPolynomial
 .text.SX126xSetWhiteningSeed
                0x08007320       0x38 out/sx126x.o
                0x08007320                SX126xSetWhiteningSeed
 .text.SX126xSetSleep
                0x08007358       0x24 out/sx126x.o
                0x08007358                SX126xSetSleep
 .text.SX126xSetStandby
                0x0800737c       0x2c out/sx126x.o
                0x0800737c                SX126xSetStandby
 .text.SX126xSetTx
                0x080073a8       0x2c out/sx126x.o
                0x080073a8                SX126xSetTx
 .text.SX126xSendPayload
                0x080073d4       0x12 out/sx126x.o
                0x080073d4                SX126xSendPayload
 *fill*         0x080073e6        0x2 
 .text.SX126xSetRx
                0x080073e8       0x2c out/sx126x.o
                0x080073e8                SX126xSetRx
 .text.SX126xSetRxBoosted
                0x08007414       0x38 out/sx126x.o
                0x08007414                SX126xSetRxBoosted
 .text.SX126xSetRxDutyCycle
                0x0800744c       0x38 out/sx126x.o
                0x0800744c                SX126xSetRxDutyCycle
 .text.SX126xSetCad
                0x08007484       0x18 out/sx126x.o
                0x08007484                SX126xSetCad
 .text.SX126xSetTxContinuousWave
                0x0800749c        0xa out/sx126x.o
                0x0800749c                SX126xSetTxContinuousWave
 .text.SX126xSetStopRxTimerOnPreambleDetect
                0x080074a6       0x18 out/sx126x.o
                0x080074a6                SX126xSetStopRxTimerOnPreambleDetect
 .text.SX126xSetLoRaSymbNumTimeout
                0x080074be       0x18 out/sx126x.o
                0x080074be                SX126xSetLoRaSymbNumTimeout
 .text.SX126xSetRegulatorMode
                0x080074d6       0x18 out/sx126x.o
                0x080074d6                SX126xSetRegulatorMode
 *fill*         0x080074ee        0x2 
 .text.SX126xCalibrateImage
                0x080074f0       0x64 out/sx126x.o
                0x080074f0                SX126xCalibrateImage
 .text.SX126xSetPaConfig
                0x08007554       0x24 out/sx126x.o
                0x08007554                SX126xSetPaConfig
 .text.SX126xSetDioIrqParams
                0x08007578       0x2a out/sx126x.o
                0x08007578                SX126xSetDioIrqParams
 .text.SX126xGetIrqStatus
                0x080075a2       0x1a out/sx126x.o
                0x080075a2                SX126xGetIrqStatus
 .text.SX126xSetDio2AsRfSwitchCtrl
                0x080075bc       0x18 out/sx126x.o
                0x080075bc                SX126xSetDio2AsRfSwitchCtrl
 .text.SX126xInit
                0x080075d4       0x28 out/sx126x.o
                0x080075d4                SX126xInit
 *fill*         0x080075fc        0x4 
 .text.SX126xSetRfFrequency
                0x08007600       0x4c out/sx126x.o
                0x08007600                SX126xSetRfFrequency
 .text.SX126xSetPacketType
                0x0800764c       0x20 out/sx126x.o
                0x0800764c                SX126xSetPacketType
 .text.SX126xGetPacketType
                0x0800766c        0xc out/sx126x.o
                0x0800766c                SX126xGetPacketType
 .text.SX126xSetTxParams
                0x08007678       0xbc out/sx126x.o
                0x08007678                SX126xSetTxParams
 *fill*         0x08007734        0x4 
 .text.SX126xSetModulationParams
                0x08007738       0xb0 out/sx126x.o
                0x08007738                SX126xSetModulationParams
 .text.SX126xSetPacketParams
                0x080077e8       0xa4 out/sx126x.o
                0x080077e8                SX126xSetPacketParams
 .text.SX126xSetCadParams
                0x0800788c       0x3c out/sx126x.o
                0x0800788c                SX126xSetCadParams
 .text.SX126xSetBufferBaseAddress
                0x080078c8       0x1a out/sx126x.o
                0x080078c8                SX126xSetBufferBaseAddress
 .text.SX126xGetRssiInst
                0x080078e2       0x1a out/sx126x.o
                0x080078e2                SX126xGetRssiInst
 .text.SX126xGetRxBufferStatus
                0x080078fc       0x48 out/sx126x.o
                0x080078fc                SX126xGetRxBufferStatus
 .text.SX126xGetPayload
                0x08007944       0x2c out/sx126x.o
                0x08007944                SX126xGetPayload
 .text.SX126xGetPacketStatus
                0x08007970       0x80 out/sx126x.o
                0x08007970                SX126xGetPacketStatus
 .text.SX126xClearIrqStatus
                0x080079f0       0x18 out/sx126x.o
                0x080079f0                SX126xClearIrqStatus
 .text.RtcInit  0x08007a08       0x30 out/rtc-board.o
                0x08007a08                RtcInit
 .text.RtcSetTimeout
                0x08007a38       0x8c out/rtc-board.o
                0x08007a38                RtcSetTimeout
 .text.RtcStopTimeout
                0x08007ac4       0x14 out/rtc-board.o
                0x08007ac4                RtcStopTimeout
 .text.RtcGetTimerContext
                0x08007ad8        0xc out/rtc-board.o
                0x08007ad8                RtcGetTimerContext
 .text.RtcGetTimerValue
                0x08007ae4      0x118 out/rtc-board.o
                0x08007ae4                RtcGetTimerValue
 .text.RtcSetTimerContext
                0x08007bfc       0x18 out/rtc-board.o
                0x08007bfc                RtcSetTimerContext
 .text.RtcGetElapsedTime
                0x08007c14       0x18 out/rtc-board.o
                0x08007c14                RtcGetElapsedTime
 .text.RtcOnIrq
                0x08007c2c       0x32 out/rtc-board.o
                0x08007c2c                RtcOnIrq
 .text.BoardDisableIrq
                0x08007c5e        0x4 out/sx1262-board.o
                0x08007c5e                BoardDisableIrq
 .text.BoardEnableIrq
                0x08007c62        0x4 out/sx1262-board.o
                0x08007c62                BoardEnableIrq
 *fill*         0x08007c66        0x2 
 .text.SpiInOut
                0x08007c68       0x18 out/sx1262-board.o
                0x08007c68                SpiInOut
 .text.SX126xLoracInit
                0x08007c80       0x5c out/sx1262-board.o
                0x08007c80                SX126xLoracInit
 .text.SX126xGetBoardTcxoWakeupTime
                0x08007cdc        0x4 out/sx1262-board.o
                0x08007cdc                SX126xGetBoardTcxoWakeupTime
 .text.SX126xReset
                0x08007ce0       0x54 out/sx1262-board.o
                0x08007ce0                SX126xReset
 .text.SX126xWaitOnBusy
                0x08007d34       0x18 out/sx1262-board.o
                0x08007d34                SX126xWaitOnBusy
 .text.SX126xWakeup
                0x08007d4c       0x30 out/sx1262-board.o
                0x08007d4c                SX126xWakeup
 .text.SX126xWriteCommand
                0x08007d7c       0x44 out/sx1262-board.o
                0x08007d7c                SX126xWriteCommand
 .text.SX126xReadCommand
                0x08007dc0       0x44 out/sx1262-board.o
                0x08007dc0                SX126xReadCommand
 .text.SX126xWriteRegisters
                0x08007e04       0x48 out/sx1262-board.o
                0x08007e04                SX126xWriteRegisters
 .text.SX126xWriteRegister
                0x08007e4c       0x16 out/sx1262-board.o
                0x08007e4c                SX126xWriteRegister
 *fill*         0x08007e62        0x2 
 .text.SX126xReadRegisters
                0x08007e64       0x50 out/sx1262-board.o
                0x08007e64                SX126xReadRegisters
 .text.SX126xReadRegister
                0x08007eb4       0x16 out/sx1262-board.o
                0x08007eb4                SX126xReadRegister
 *fill*         0x08007eca        0x2 
 .text.SX126xWriteBuffer
                0x08007ecc       0x44 out/sx1262-board.o
                0x08007ecc                SX126xWriteBuffer
 .text.SX126xReadBuffer
                0x08007f10       0x4c out/sx1262-board.o
                0x08007f10                SX126xReadBuffer
 .text.SX126xSetRfTxPower
                0x08007f5c        0x6 out/sx1262-board.o
                0x08007f5c                SX126xSetRfTxPower
 .text.SX126xGetPaSelect
                0x08007f62        0x4 out/sx1262-board.o
                0x08007f62                SX126xGetPaSelect
 *fill*         0x08007f66        0x2 
 .text.SX126xAntSwOn
                0x08007f68       0x10 out/sx1262-board.o
                0x08007f68                SX126xAntSwOn
 .text.SX126xAntSwOff
                0x08007f78       0x10 out/sx1262-board.o
                0x08007f78                SX126xAntSwOff
 .text.rand1    0x08007f88       0x28 out/utilities.o
                0x08007f88                rand1
 .text.Reset_Handler
                0x08007fb0       0x48 out/startup_cm4.o
                0x08007fb0                Reset_Handler
 .text.Default_Handler
                0x08007ff8        0x2 out/startup_cm4.o
                0x08007ff8                SCC_IRQHandler
                0x08007ff8                TIMER2_IRQHandler
                0x08007ff8                EFC_IRQHandler
                0x08007ff8                I2C0_IRQHandler
                0x08007ff8                SAC_IRQHandler
                0x08007ff8                I2C1_IRQHandler
                0x08007ff8                UART1_IRQHandler
                0x08007ff8                BSTIMER0_IRQHandler
                0x08007ff8                TIMER3_IRQHandler
                0x08007ff8                UART0_IRQHandler
                0x08007ff8                SEC_IRQHandler
                0x08007ff8                WDG_IRQHandler
                0x08007ff8                LPTIMER1_IRQHandler
                0x08007ff8                LPTIMER0_IRQHandler
                0x08007ff8                SSP0_IRQHandler
                0x08007ff8                I2S_IRQHandler
                0x08007ff8                I2C2_IRQHandler
                0x08007ff8                LCD_IRQHandler
                0x08007ff8                LPUART_IRQHandler
                0x08007ff8                UART2_IRQHandler
                0x08007ff8                Default_Handler
                0x08007ff8                ADC_IRQHandler
                0x08007ff8                SSP1_IRQHandler
                0x08007ff8                DMA0_IRQHandler
                0x08007ff8                IWDG_IRQHandler
                0x08007ff8                SSP2_IRQHandler
                0x08007ff8                BSTIMER1_IRQHandler
                0x08007ff8                DAC_IRQHandler
                0x08007ff8                AFEC_IRQHandler
                0x08007ff8                UART3_IRQHandler
                0x08007ff8                QSPI_IRQHandler
                0x08007ff8                DMA1_IRQHandler
 *fill*         0x08007ffa        0x2 
 .text.startup  0x08007ffc       0x14 /usr/lib/gcc/arm-none-eabi/13.2.1/../../../arm-none-eabi/lib/thumb/v7e-m/nofp/libc.a(libc_a-__call_atexit.o)
 *(.glue_7)
 .glue_7        0x08008010        0x0 linker stubs
 *(.glue_7t)
 .glue_7t       0x08008010        0x0 linker stubs
 *(.eh_frame)
 .eh_frame      0x08008010        0x0 /usr/lib/gcc/arm-none-eabi/13.2.1/thumb/v7e-m/nofp/crtbegin.o
 *(.init)
 .init          0x08008010        0x4 /usr/lib/gcc/arm-none-eabi/13.2.1/thumb/v7e-m/nofp/crti.o
                0x08008010                _init
 .init          0x08008014        0x8 /usr/lib/gcc/arm-none-eabi/13.2.1/thumb/v7e-m/nofp/crtn.o
 *(.fini)
 .fini          0x0800801c        0x4 /usr/lib/gcc/arm-none-eabi/13.2.1/thumb/v7e-m/nofp/crti.o
                0x0800801c                _fini
 .fini          0x08008020        0x8 /usr/lib/gcc/arm-none-eabi/13.2.1/thumb/v7e-m/nofp/crtn.o
                0x08008028                        . = ALIGN (0x4)
                0x08008028                        _etext = .

.vfp11_veneer   0x08008028        0x0
 .vfp11_veneer  0x08008028        0x0 linker stubs

.v4_bx          0x08008028        0x0
 .v4_bx         0x08008028        0x0 linker stubs

.iplt           0x08008028        0x0
 .iplt          0x08008028        0x0 /usr/lib/gcc/arm-none-eabi/13.2.1/thumb/v7e-m/nofp/crtbegin.o

.rodata         0x08008028     0x1508
                0x08008028                        . = ALIGN (0x4)
 *(.rodata)
 .rodata        0x08008028       0x16 out/enum_implement_variables.o
                0x08008028                PROPERTY_ADDRESS_JUMP
 .rodata        0x0800803e        0x2 out/authentication.o
 .rodata        0x08008040       0x50 out/configuration_funcs.o
 .rodata        0x08008090       0x50 out/lora_get_config_funcs.o
 .rodata        0x080080e0       0x50 out/printf-stdarg.o
 .rodata        0x08008130        0xc out/tremo_uart.o
 *fill*         0x0800813c        0x4 
 .rodata        0x08008140      0x188 out/radio.o
                0x08008140                FskBandwidths
                0x08008250                Bandwidths
                0x0800825c                Radio
 .rodata        0x080082c8       0x18 out/rtc-board.o
 .rodata        0x080082e0       0x10 /home/hung/Desktop/lora-repo/AI-THINKER-NEWVERSION/Ai-Thinker-LoRaWAN-Ra-08-new/drivers/crypto/lib/libcrypto.a(aes.o)
 .rodata        0x080082f0      0x101 /usr/lib/gcc/arm-none-eabi/13.2.1/../../../arm-none-eabi/lib/thumb/v7e-m/nofp/libc.a(libc_a-ctype_.o)
                0x080082f0                _ctype_
 *fill*         0x080083f1        0x7 
 .rodata        0x080083f8       0x10 /usr/lib/gcc/arm-none-eabi/13.2.1/../../../arm-none-eabi/lib/thumb/v7e-m/nofp/libm.a(libm_a-s_rint.o)
 *(.rodata*)
 .rodata.str1.1
                0x08008408     0x1127 out/pingpong.o
                                 0xbe (size before relaxing)
 .rodata.str1.1
                0x0800952f       0x5c out/AES_n.o
 .rodata.str1.1
                0x0800952f       0xbf out/dealing_with_flash.o
 .rodata.str1.1
                0x0800952f       0x4b out/rewrite_data_to_flash.o
 .rodata.str1.1
                0x0800952f       0x88 out/take_authentication_information_from_flash.o
 .rodata.str1.1
                0x0800952f      0x22f out/authentication.o
 .rodata.str1.1
                0x0800952f      0x151 out/configuration.o
 .rodata.str1.1
                0x0800952f       0xf6 out/operation.o
 .rodata.str1.1
                0x0800952f       0x10 out/uart_receive.o
 .rodata.str1.1
                0x0800952f       0xed out/authentication_assign.o
 .rodata.str1.1
                0x0800952f      0x634 out/configuration_funcs.o
 .rodata.str1.1
                0x0800952f      0x24d out/lora_get_config.o
 .rodata.str1.1
                0x0800952f       0xa7 out/lora_send.o
 .rodata.str1.1
                0x0800952f       0x65 out/lora_get_config_funcs.o
 .rodata.str1.1
                0x0800952f       0x19 out/printf-stdarg.o
                0x08009b64                        . = ALIGN (0x4)
 *fill*         0x0800952f        0x1 

.ARM.extab
 *(.ARM.extab* .gnu.linkonce.armextab.*)

.ARM            0x08009530        0x8
                0x08009530                        __exidx_start = .
 *(.ARM.exidx*)
 .ARM.exidx     0x08009530        0x8 /usr/lib/gcc/arm-none-eabi/13.2.1/thumb/v7e-m/nofp/libgcc.a(_udivmoddi4.o)
 .ARM.exidx     0x08009538        0x0 /usr/lib/gcc/arm-none-eabi/13.2.1/../../../arm-none-eabi/lib/thumb/v7e-m/nofp/libc.a(libc_a-memcpy.o)
                                  0x8 (size before relaxing)
                0x08009538                        __exidx_end = .

.rel.dyn        0x08009538        0x0
 .rel.iplt      0x08009538        0x0 /usr/lib/gcc/arm-none-eabi/13.2.1/thumb/v7e-m/nofp/crtbegin.o

.preinit_array  0x08009538        0x0
                0x08009538                        PROVIDE (__preinit_array_start = .)
 *(.preinit_array*)
                0x08009538                        PROVIDE (__preinit_array_end = .)

.init_array     0x08009538        0x8
                0x08009538                        PROVIDE (__init_array_start = .)
 *(SORT_BY_NAME(.init_array.*))
 .init_array.00000
                0x08009538        0x4 /usr/lib/gcc/arm-none-eabi/13.2.1/../../../arm-none-eabi/lib/thumb/v7e-m/nofp/libc.a(libc_a-__call_atexit.o)
 *(.init_array*)
 .init_array    0x0800953c        0x4 /usr/lib/gcc/arm-none-eabi/13.2.1/thumb/v7e-m/nofp/crtbegin.o
                0x08009540                        PROVIDE (__init_array_end = .)

.fini_array     0x08009540        0x4
                0x08009540                        PROVIDE (__fini_array_start = .)
 *(SORT_BY_NAME(.fini_array.*))
 *(.fini_array*)
 .fini_array    0x08009540        0x4 /usr/lib/gcc/arm-none-eabi/13.2.1/thumb/v7e-m/nofp/crtbegin.o
                0x08009544                        PROVIDE (__fini_array_end = .)
                0x08009544                        _sidata = LOADADDR (.data)

.data           0x20000000      0x558 load address 0x08009544
                0x20000000                        . = ALIGN (0x4)
                0x20000000                        _sdata = .
 *(.data)
 .data          0x20000000        0x4 out/custom_sbrk.o
 .data          0x20000004       0x14 out/operation.o
                0x20000004                GLOBAL_TIMER_IN_THIS_FILE
                0x20000008                GLOBAL_TIMER_SR_TYPE_IN_THIS_FILE
                0x2000000a                g_test_pin
                0x2000000c                g_test_gpiox
                0x20000010                led_pin
                0x20000011                operation_state
                0x20000014                GLOBAL_TIMER_IN_THIS_FILE_2
 .data          0x20000018        0x1 out/radio.o
                0x20000018                MaxPayloadLength
 *fill*         0x20000019        0x3 
 .data          0x2000001c        0x4 out/utilities.o
 .data          0x20000020      0x128 /usr/lib/gcc/arm-none-eabi/13.2.1/../../../arm-none-eabi/lib/thumb/v7e-m/nofp/libc.a(libc_a-impure.o)
                0x20000020                _impure_ptr
                0x20000028                _impure_data
 .data          0x20000148      0x410 /usr/lib/gcc/arm-none-eabi/13.2.1/../../../arm-none-eabi/lib/thumb/v7e-m/nofp/libc.a(libc_a-mallocr.o)
                0x20000148                __malloc_av_
                0x20000550                __malloc_sbrk_base
                0x20000554                __malloc_trim_threshold
 *(.data*)
                0x20000558                        . = ALIGN (0x4)
                0x20000558                        _edata = .

.tm_clone_table
                0x20000558        0x0 load address 0x08009a9c
 .tm_clone_table
                0x20000558        0x0 /usr/lib/gcc/arm-none-eabi/13.2.1/thumb/v7e-m/nofp/crtbegin.o
 .tm_clone_table
                0x20000558        0x0 /usr/lib/gcc/arm-none-eabi/13.2.1/thumb/v7e-m/nofp/crtend.o

.igot.plt       0x20000558        0x0 load address 0x08009a9c
 .igot.plt      0x20000558        0x0 /usr/lib/gcc/arm-none-eabi/13.2.1/thumb/v7e-m/nofp/crtbegin.o
                0x20000558                        . = ALIGN (0x4)

.bss            0x20000558      0x548 load address 0x08009a9c
                0x20000558                        _sbss = .
                0x20000558                        __bss_start__ = _sbss
 *(.bss)
 .bss           0x20000558       0x1c /usr/lib/gcc/arm-none-eabi/13.2.1/thumb/v7e-m/nofp/crtbegin.o
 .bss           0x20000574        0x8 out/configuration.o
 .bss           0x2000057c        0xd out/operation.o
                0x2000057c                g_gpio_interrupt_flag
                0x20000580                timer0_interrupt_flag
                0x20000584                downlink_data
                0x20000588                timer1_interrupt_flag
 *fill*         0x20000589        0x3 
 .bss           0x2000058c       0x1c out/lora_get_config.o
 .bss           0x200005a8        0x1 out/lora_send.o
 .bss           0x200005a9        0x1 out/tremo_delay.o
 *fill*         0x200005aa        0x6 
 .bss           0x200005b0       0x11 out/timer.o
                0x200005c0                HasLoopedThroughMain
 *fill*         0x200005c1        0x3 
 .bss           0x200005c4      0x1a6 out/radio.o
                0x200005c8                TxTimeoutTimer
                0x200005dc                RxTimeoutTimer
                0x200005f0                CadTimeoutTimer
                0x20000604                IrqFired
                0x20000608                SX126x
                0x20000644                TxTimeout
                0x20000648                RxContinuous
                0x2000064c                RxTimeout
                0x20000650                irqRegs
                0x20000652                RadioRxPayload
                0x20000754                RadioPktStatus
 *fill*         0x2000076a        0x2 
 .bss           0x2000076c        0x8 out/sx126x.o
                0x20000770                FrequencyError
 *fill*         0x20000774        0x4 
 .bss           0x20000778       0x1d out/rtc-board.o
                0x2000077c                RtcCalendarContext
                0x20000788                RtcTimerContext
                0x20000790                McuWakeUpTime
                0x20000794                NonScheduledWakeUp
 .bss           0x20000795        0x1 out/sx1262-board.o
                0x20000795                gPaOptSetting
 *fill*         0x20000796        0x2 
 .bss           0x20000798       0x34 /usr/lib/gcc/arm-none-eabi/13.2.1/../../../arm-none-eabi/lib/thumb/v7e-m/nofp/libc.a(libc_a-mallocr.o)
                0x20000798                __malloc_top_pad
                0x2000079c                __malloc_current_mallinfo
                0x200007c4                __malloc_max_sbrked_mem
                0x200007c8                __malloc_max_total_mem
 .bss           0x200007cc      0x13c /usr/lib/gcc/arm-none-eabi/13.2.1/../../../arm-none-eabi/lib/thumb/v7e-m/nofp/libc.a(libc_a-findfp.o)
                0x200007cc                __sf
                0x20000904                __stdio_exit_handler
 .bss           0x20000908        0x4 /usr/lib/gcc/arm-none-eabi/13.2.1/../../../arm-none-eabi/lib/thumb/v7e-m/nofp/libc.a(libc_a-__call_atexit.o)
                0x20000908                __atexit
 .bss           0x2000090c        0x4 /usr/lib/gcc/arm-none-eabi/13.2.1/../../../arm-none-eabi/lib/thumb/v7e-m/nofp/libc.a(libc_a-reent.o)
                0x2000090c                errno
 .bss           0x20000910      0x190 /usr/lib/gcc/arm-none-eabi/13.2.1/../../../arm-none-eabi/lib/thumb/v7e-m/nofp/libc.a(libc_a-__atexit.o)
                0x20000910                __atexit0
 *(.bss*)
 *(COMMON)
                0x20000aa0                        . = ALIGN (0x4)
                0x20000aa0                        _ebss = .
                0x20000aa0                        __bss_end__ = _ebss

.heap           0x20000aa0        0x0 load address 0x08009a9c
                0x20000aa0                        . = ALIGN (0x4)
                0x20000aa0                        _heap_bottom = .
                0x20000aa0                        end = _heap_bottom
                0x20000aa0                        _end = end
                0x20000aa0                        __end = end
                0x20000aa0                        . = (. + _HEAP_SIZE)
                0x20000aa0                        _heap_top = .

.stack          0x20000aa0     0x1000 load address 0x08009a9c
                0x20000aa0                        . = ALIGN (0x4)
                0x20000aa0                        _stack_bottom = .
                0x20001aa0                        . = (. + _STACK_SIZE)
 *fill*         0x20000aa0     0x1000 
                0x20001aa0                        _stack_top = .

/DISCARD/
 libc.a(*)
 libm.a(*)
 libgcc.a(*)

.ARM.attributes
                0x00000000       0x2e
 *(.ARM.attributes)
 .ARM.attributes
                0x00000000       0x1e /usr/lib/gcc/arm-none-eabi/13.2.1/thumb/v7e-m/nofp/crti.o
 .ARM.attributes
                0x0000001e       0x2e /usr/lib/gcc/arm-none-eabi/13.2.1/thumb/v7e-m/nofp/crtbegin.o
 .ARM.attributes
                0x0000004c       0x32 out/custom_sbrk.o
 .ARM.attributes
                0x0000007e       0x32 out/enum_implement_variables.o
 .ARM.attributes
                0x000000b0       0x32 out/main.o
 .ARM.attributes
                0x000000e2       0x32 out/pingpong.o
 .ARM.attributes
                0x00000114       0x32 out/tremo_it.o
 .ARM.attributes
                0x00000146       0x32 out/check_hexa_input.o
 .ARM.attributes
                0x00000178       0x32 out/check_if_have_done_yet_in_that_section.o
 .ARM.attributes
                0x000001aa       0x32 out/interval_format.o
 .ARM.attributes
                0x000001dc       0x32 out/take_bytes_from_flash.o
 .ARM.attributes
                0x0000020e       0x32 out/AES_n.o
 .ARM.attributes
                0x00000240       0x32 out/dealing_with_flash.o
 .ARM.attributes
                0x00000272       0x32 out/rewrite_data_to_flash.o
 .ARM.attributes
                0x000002a4       0x32 out/take_authentication_information_from_flash.o
 .ARM.attributes
                0x000002d6       0x32 out/authentication.o
 .ARM.attributes
                0x00000308       0x32 out/configuration.o
 .ARM.attributes
                0x0000033a       0x32 out/operation.o
 .ARM.attributes
                0x0000036c       0x32 out/gptimer_implement.o
 .ARM.attributes
                0x0000039e       0x32 out/uart_receive.o
 .ARM.attributes
                0x000003d0       0x32 out/authentication_assign.o
 .ARM.attributes
                0x00000402       0x32 out/configuration_funcs.o
 .ARM.attributes
                0x00000434       0x32 out/Interrupt_gpio.o
 .ARM.attributes
                0x00000466       0x32 out/lora_get_config.o
 .ARM.attributes
                0x00000498       0x32 out/lora_send.o
 .ARM.attributes
                0x000004ca       0x32 out/lora_get_config_funcs.o
 .ARM.attributes
                0x000004fc       0x32 out/printf-stdarg.o
 .ARM.attributes
                0x0000052e       0x32 out/system_cm4.o
 .ARM.attributes
                0x00000560       0x32 out/tremo_delay.o
 .ARM.attributes
                0x00000592       0x32 out/tremo_flash.o
 .ARM.attributes
                0x000005c4       0x32 out/tremo_gpio.o
 .ARM.attributes
                0x000005f6       0x32 out/tremo_pwr.o
 .ARM.attributes
                0x00000628       0x32 out/tremo_rcc.o
 .ARM.attributes
                0x0000065a       0x32 out/tremo_rtc.o
 .ARM.attributes
                0x0000068c       0x32 out/tremo_timer.o
 .ARM.attributes
                0x000006be       0x32 out/tremo_uart.o
 .ARM.attributes
                0x000006f0       0x32 out/delay.o
 .ARM.attributes
                0x00000722       0x32 out/timer.o
 .ARM.attributes
                0x00000754       0x32 out/radio.o
 .ARM.attributes
                0x00000786       0x32 out/sx126x.o
 .ARM.attributes
                0x000007b8       0x32 out/rtc-board.o
 .ARM.attributes
                0x000007ea       0x32 out/sx1262-board.o
 .ARM.attributes
                0x0000081c       0x32 out/utilities.o
 .ARM.attributes
                0x0000084e       0x21 out/startup_cm4.o
 .ARM.attributes
                0x0000086f       0x2e /home/hung/Desktop/lora-repo/AI-THINKER-NEWVERSION/Ai-Thinker-LoRaWAN-Ra-08-new/drivers/crypto/lib/libcrypto.a(aes.o)
 .ARM.attributes
                0x0000089d       0x1e /usr/lib/gcc/arm-none-eabi/13.2.1/thumb/v7e-m/nofp/libgcc.a(_arm_addsubdf3.o)
 .ARM.attributes
                0x000008bb       0x1e /usr/lib/gcc/arm-none-eabi/13.2.1/thumb/v7e-m/nofp/libgcc.a(_arm_muldivdf3.o)
 .ARM.attributes
                0x000008d9       0x1e /usr/lib/gcc/arm-none-eabi/13.2.1/thumb/v7e-m/nofp/libgcc.a(_arm_cmpdf2.o)
 .ARM.attributes
                0x000008f7       0x1e /usr/lib/gcc/arm-none-eabi/13.2.1/thumb/v7e-m/nofp/libgcc.a(_arm_fixdfsi.o)
 .ARM.attributes
                0x00000915       0x1e /usr/lib/gcc/arm-none-eabi/13.2.1/thumb/v7e-m/nofp/libgcc.a(_arm_fixunsdfsi.o)
 .ARM.attributes
                0x00000933       0x1e /usr/lib/gcc/arm-none-eabi/13.2.1/thumb/v7e-m/nofp/libgcc.a(_aeabi_uldivmod.o)
 .ARM.attributes
                0x00000951       0x2e /usr/lib/gcc/arm-none-eabi/13.2.1/thumb/v7e-m/nofp/libgcc.a(_fixunsdfdi.o)
 .ARM.attributes
                0x0000097f       0x2e /usr/lib/gcc/arm-none-eabi/13.2.1/thumb/v7e-m/nofp/libgcc.a(_udivmoddi4.o)
 .ARM.attributes
                0x000009ad       0x1e /usr/lib/gcc/arm-none-eabi/13.2.1/thumb/v7e-m/nofp/libgcc.a(_dvmd_tls.o)
 .ARM.attributes
                0x000009cb       0x2e /usr/lib/gcc/arm-none-eabi/13.2.1/../../../arm-none-eabi/lib/thumb/v7e-m/nofp/libc.a(libc_a-memset.o)
 .ARM.attributes
                0x000009f9       0x2e /usr/lib/gcc/arm-none-eabi/13.2.1/../../../arm-none-eabi/lib/thumb/v7e-m/nofp/libc.a(libc_a-strncmp.o)
 .ARM.attributes
                0x00000a27       0x2e /usr/lib/gcc/arm-none-eabi/13.2.1/../../../arm-none-eabi/lib/thumb/v7e-m/nofp/libc.a(libc_a-calloc.o)
 .ARM.attributes
                0x00000a55       0x2e /usr/lib/gcc/arm-none-eabi/13.2.1/../../../arm-none-eabi/lib/thumb/v7e-m/nofp/libc.a(libc_a-impure.o)
 .ARM.attributes
                0x00000a83       0x2e /usr/lib/gcc/arm-none-eabi/13.2.1/../../../arm-none-eabi/lib/thumb/v7e-m/nofp/libc.a(libc_a-callocr.o)
 .ARM.attributes
                0x00000ab1       0x2e /usr/lib/gcc/arm-none-eabi/13.2.1/../../../arm-none-eabi/lib/thumb/v7e-m/nofp/libc.a(libc_a-mallocr.o)
 .ARM.attributes
                0x00000adf       0x2e /usr/lib/gcc/arm-none-eabi/13.2.1/../../../arm-none-eabi/lib/thumb/v7e-m/nofp/libc.a(libc_a-freer.o)
 .ARM.attributes
                0x00000b0d       0x2e /usr/lib/gcc/arm-none-eabi/13.2.1/../../../arm-none-eabi/lib/thumb/v7e-m/nofp/libc.a(libc_a-atoi.o)
 .ARM.attributes
                0x00000b3b       0x2e /usr/lib/gcc/arm-none-eabi/13.2.1/../../../arm-none-eabi/lib/thumb/v7e-m/nofp/libc.a(libc_a-strtol.o)
 .ARM.attributes
                0x00000b69       0x2e /usr/lib/gcc/arm-none-eabi/13.2.1/../../../arm-none-eabi/lib/thumb/v7e-m/nofp/libc.a(libc_a-malloc.o)
 .ARM.attributes
                0x00000b97       0x1c /usr/lib/gcc/arm-none-eabi/13.2.1/../../../arm-none-eabi/lib/thumb/v7e-m/nofp/libc.a(libc_a-memcpy.o)
 .ARM.attributes
                0x00000bb3       0x2e /usr/lib/gcc/arm-none-eabi/13.2.1/../../../arm-none-eabi/lib/thumb/v7e-m/nofp/libc.a(libc_a-sysconf.o)
 .ARM.attributes
                0x00000be1       0x2e /usr/lib/gcc/arm-none-eabi/13.2.1/../../../arm-none-eabi/lib/thumb/v7e-m/nofp/libc.a(libc_a-init.o)
 .ARM.attributes
                0x00000c0f       0x2e /usr/lib/gcc/arm-none-eabi/13.2.1/../../../arm-none-eabi/lib/thumb/v7e-m/nofp/libc.a(libc_a-mlock.o)
 .ARM.attributes
                0x00000c3d       0x2e /usr/lib/gcc/arm-none-eabi/13.2.1/../../../arm-none-eabi/lib/thumb/v7e-m/nofp/libc.a(libc_a-findfp.o)
 .ARM.attributes
                0x00000c6b       0x2e /usr/lib/gcc/arm-none-eabi/13.2.1/../../../arm-none-eabi/lib/thumb/v7e-m/nofp/libc.a(libc_a-ctype_.o)
 .ARM.attributes
                0x00000c99       0x2e /usr/lib/gcc/arm-none-eabi/13.2.1/../../../arm-none-eabi/lib/thumb/v7e-m/nofp/libc.a(libc_a-atexit.o)
 .ARM.attributes
                0x00000cc7       0x2e /usr/lib/gcc/arm-none-eabi/13.2.1/../../../arm-none-eabi/lib/thumb/v7e-m/nofp/libc.a(libc_a-sbrkr.o)
 .ARM.attributes
                0x00000cf5       0x2e /usr/lib/gcc/arm-none-eabi/13.2.1/../../../arm-none-eabi/lib/thumb/v7e-m/nofp/libc.a(libc_a-fini.o)
 .ARM.attributes
                0x00000d23       0x2e /usr/lib/gcc/arm-none-eabi/13.2.1/../../../arm-none-eabi/lib/thumb/v7e-m/nofp/libc.a(libc_a-errno.o)
 .ARM.attributes
                0x00000d51       0x2e /usr/lib/gcc/arm-none-eabi/13.2.1/../../../arm-none-eabi/lib/thumb/v7e-m/nofp/libc.a(libc_a-__call_atexit.o)
 .ARM.attributes
                0x00000d7f       0x2e /usr/lib/gcc/arm-none-eabi/13.2.1/../../../arm-none-eabi/lib/thumb/v7e-m/nofp/libc.a(libc_a-reent.o)
 .ARM.attributes
                0x00000dad       0x2e /usr/lib/gcc/arm-none-eabi/13.2.1/../../../arm-none-eabi/lib/thumb/v7e-m/nofp/libc.a(libc_a-__atexit.o)
 .ARM.attributes
                0x00000ddb       0x2e /usr/lib/gcc/arm-none-eabi/13.2.1/thumb/v7e-m/nofp/crtend.o
 .ARM.attributes
                0x00000e09       0x1e /usr/lib/gcc/arm-none-eabi/13.2.1/thumb/v7e-m/nofp/crtn.o
OUTPUT(out/node_lora_button.elf elf32-littlearm)
LOAD linker stubs
LOAD /usr/lib/gcc/arm-none-eabi/13.2.1/../../../arm-none-eabi/lib/thumb/v7e-m/nofp/libc.a
LOAD /usr/lib/gcc/arm-none-eabi/13.2.1/../../../arm-none-eabi/lib/thumb/v7e-m/nofp/libm.a
LOAD /usr/lib/gcc/arm-none-eabi/13.2.1/thumb/v7e-m/nofp/libgcc.a

.comment        0x00000000       0x9f
 .comment       0x00000000       0x9f /usr/lib/gcc/arm-none-eabi/13.2.1/thumb/v7e-m/nofp/crtbegin.o
                                 0x27 (size before relaxing)
 .comment       0x0000009f       0x27 out/custom_sbrk.o
 .comment       0x0000009f       0x27 out/enum_implement_variables.o
 .comment       0x0000009f       0x27 out/main.o
 .comment       0x0000009f       0x27 out/pingpong.o
 .comment       0x0000009f       0x27 out/tremo_it.o
 .comment       0x0000009f       0x27 out/check_hexa_input.o
 .comment       0x0000009f       0x27 out/check_if_have_done_yet_in_that_section.o
 .comment       0x0000009f       0x27 out/interval_format.o
 .comment       0x0000009f       0x27 out/take_bytes_from_flash.o
 .comment       0x0000009f       0x27 out/AES_n.o
 .comment       0x0000009f       0x27 out/dealing_with_flash.o
 .comment       0x0000009f       0x27 out/rewrite_data_to_flash.o
 .comment       0x0000009f       0x27 out/take_authentication_information_from_flash.o
 .comment       0x0000009f       0x27 out/authentication.o
 .comment       0x0000009f       0x27 out/configuration.o
 .comment       0x0000009f       0x27 out/operation.o
 .comment       0x0000009f       0x27 out/gptimer_implement.o
 .comment       0x0000009f       0x27 out/uart_receive.o
 .comment       0x0000009f       0x27 out/authentication_assign.o
 .comment       0x0000009f       0x27 out/configuration_funcs.o
 .comment       0x0000009f       0x27 out/Interrupt_gpio.o
 .comment       0x0000009f       0x27 out/lora_get_config.o
 .comment       0x0000009f       0x27 out/lora_send.o
 .comment       0x0000009f       0x27 out/lora_get_config_funcs.o
 .comment       0x0000009f       0x27 out/printf-stdarg.o
 .comment       0x0000009f       0x27 out/system_cm4.o
 .comment       0x0000009f       0x27 out/tremo_delay.o
 .comment       0x0000009f       0x27 out/tremo_flash.o
 .comment       0x0000009f       0x27 out/tremo_gpio.o
 .comment       0x0000009f       0x27 out/tremo_pwr.o
 .comment       0x0000009f       0x27 out/tremo_rcc.o
 .comment       0x0000009f       0x27 out/tremo_rtc.o
 .comment       0x0000009f       0x27 out/tremo_timer.o
 .comment       0x0000009f       0x27 out/tremo_uart.o
 .comment       0x0000009f       0x27 out/delay.o
 .comment       0x0000009f       0x27 out/timer.o
 .comment       0x0000009f       0x27 out/radio.o
 .comment       0x0000009f       0x27 out/sx126x.o
 .comment       0x0000009f       0x27 out/rtc-board.o
 .comment       0x0000009f       0x27 out/sx1262-board.o
 .comment       0x0000009f       0x27 out/utilities.o
 .comment       0x0000009f       0x7a /home/hung/Desktop/lora-repo/AI-THINKER-NEWVERSION/Ai-Thinker-LoRaWAN-Ra-08-new/drivers/crypto/lib/libcrypto.a(aes.o)
 .comment       0x0000009f       0x27 /usr/lib/gcc/arm-none-eabi/13.2.1/thumb/v7e-m/nofp/libgcc.a(_fixunsdfdi.o)
 .comment       0x0000009f       0x27 /usr/lib/gcc/arm-none-eabi/13.2.1/thumb/v7e-m/nofp/libgcc.a(_udivmoddi4.o)
 .comment       0x0000009f       0x27 /usr/lib/gcc/arm-none-eabi/13.2.1/../../../arm-none-eabi/lib/thumb/v7e-m/nofp/libc.a(libc_a-memset.o)
 .comment       0x0000009f       0x27 /usr/lib/gcc/arm-none-eabi/13.2.1/../../../arm-none-eabi/lib/thumb/v7e-m/nofp/libc.a(libc_a-strncmp.o)
 .comment       0x0000009f       0x27 /usr/lib/gcc/arm-none-eabi/13.2.1/../../../arm-none-eabi/lib/thumb/v7e-m/nofp/libc.a(libc_a-calloc.o)
 .comment       0x0000009f       0x27 /usr/lib/gcc/arm-none-eabi/13.2.1/../../../arm-none-eabi/lib/thumb/v7e-m/nofp/libc.a(libc_a-impure.o)
 .comment       0x0000009f       0x27 /usr/lib/gcc/arm-none-eabi/13.2.1/../../../arm-none-eabi/lib/thumb/v7e-m/nofp/libc.a(libc_a-callocr.o)
 .comment       0x0000009f       0x27 /usr/lib/gcc/arm-none-eabi/13.2.1/../../../arm-none-eabi/lib/thumb/v7e-m/nofp/libc.a(libc_a-mallocr.o)
 .comment       0x0000009f       0x27 /usr/lib/gcc/arm-none-eabi/13.2.1/../../../arm-none-eabi/lib/thumb/v7e-m/nofp/libc.a(libc_a-freer.o)
 .comment       0x0000009f       0x27 /usr/lib/gcc/arm-none-eabi/13.2.1/../../../arm-none-eabi/lib/thumb/v7e-m/nofp/libc.a(libc_a-atoi.o)
 .comment       0x0000009f       0x27 /usr/lib/gcc/arm-none-eabi/13.2.1/../../../arm-none-eabi/lib/thumb/v7e-m/nofp/libc.a(libc_a-strtol.o)
 .comment       0x0000009f       0x27 /usr/lib/gcc/arm-none-eabi/13.2.1/../../../arm-none-eabi/lib/thumb/v7e-m/nofp/libc.a(libc_a-malloc.o)
 .comment       0x0000009f       0x27 /usr/lib/gcc/arm-none-eabi/13.2.1/../../../arm-none-eabi/lib/thumb/v7e-m/nofp/libc.a(libc_a-sysconf.o)
 .comment       0x0000009f       0x27 /usr/lib/gcc/arm-none-eabi/13.2.1/../../../arm-none-eabi/lib/thumb/v7e-m/nofp/libc.a(libc_a-init.o)
 .comment       0x0000009f       0x27 /usr/lib/gcc/arm-none-eabi/13.2.1/../../../arm-none-eabi/lib/thumb/v7e-m/nofp/libc.a(libc_a-mlock.o)
 .comment       0x0000009f       0x27 /usr/lib/gcc/arm-none-eabi/13.2.1/../../../arm-none-eabi/lib/thumb/v7e-m/nofp/libc.a(libc_a-findfp.o)
 .comment       0x0000009f       0x27 /usr/lib/gcc/arm-none-eabi/13.2.1/../../../arm-none-eabi/lib/thumb/v7e-m/nofp/libc.a(libc_a-ctype_.o)
 .comment       0x0000009f       0x27 /usr/lib/gcc/arm-none-eabi/13.2.1/../../../arm-none-eabi/lib/thumb/v7e-m/nofp/libc.a(libc_a-atexit.o)
 .comment       0x0000009f       0x27 /usr/lib/gcc/arm-none-eabi/13.2.1/../../../arm-none-eabi/lib/thumb/v7e-m/nofp/libc.a(libc_a-sbrkr.o)
 .comment       0x0000009f       0x27 /usr/lib/gcc/arm-none-eabi/13.2.1/../../../arm-none-eabi/lib/thumb/v7e-m/nofp/libc.a(libc_a-fini.o)
 .comment       0x0000009f       0x27 /usr/lib/gcc/arm-none-eabi/13.2.1/../../../arm-none-eabi/lib/thumb/v7e-m/nofp/libc.a(libc_a-errno.o)
 .comment       0x0000009f       0x27 /usr/lib/gcc/arm-none-eabi/13.2.1/../../../arm-none-eabi/lib/thumb/v7e-m/nofp/libc.a(libc_a-__call_atexit.o)
 .comment       0x0000009f       0x27 /usr/lib/gcc/arm-none-eabi/13.2.1/../../../arm-none-eabi/lib/thumb/v7e-m/nofp/libc.a(libc_a-reent.o)
 .comment       0x0000009f       0x27 /usr/lib/gcc/arm-none-eabi/13.2.1/../../../arm-none-eabi/lib/thumb/v7e-m/nofp/libc.a(libc_a-__atexit.o)
 .comment       0x0000009f       0x27 /usr/lib/gcc/arm-none-eabi/13.2.1/thumb/v7e-m/nofp/crtend.o

.debug_info     0x00000000     0x9eaf
 .debug_info    0x00000000      0xc3a /home/hung/Desktop/lora-repo/AI-THINKER-NEWVERSION/Ai-Thinker-LoRaWAN-Ra-08-new/drivers/crypto/lib/libcrypto.a(aes.o)
 .debug_info    0x00000c3a       0xd3 /usr/lib/gcc/arm-none-eabi/13.2.1/thumb/v7e-m/nofp/libgcc.a(_arm_addsubdf3.o)
 .debug_info    0x00000d0d       0x57 /usr/lib/gcc/arm-none-eabi/13.2.1/thumb/v7e-m/nofp/libgcc.a(_arm_muldivdf3.o)
 .debug_info    0x00000d64       0xdf /usr/lib/gcc/arm-none-eabi/13.2.1/thumb/v7e-m/nofp/libgcc.a(_arm_cmpdf2.o)
 .debug_info    0x00000e43       0x3c /usr/lib/gcc/arm-none-eabi/13.2.1/thumb/v7e-m/nofp/libgcc.a(_arm_fixdfsi.o)
 .debug_info    0x00000e7f       0x3c /usr/lib/gcc/arm-none-eabi/13.2.1/thumb/v7e-m/nofp/libgcc.a(_arm_fixunsdfsi.o)
 .debug_info    0x00000ebb       0x24 /usr/lib/gcc/arm-none-eabi/13.2.1/thumb/v7e-m/nofp/libgcc.a(_aeabi_uldivmod.o)
 .debug_info    0x00000edf      0x374 /usr/lib/gcc/arm-none-eabi/13.2.1/thumb/v7e-m/nofp/libgcc.a(_fixunsdfdi.o)
 .debug_info    0x00001253      0x6f5 /usr/lib/gcc/arm-none-eabi/13.2.1/thumb/v7e-m/nofp/libgcc.a(_udivmoddi4.o)
 .debug_info    0x00001948       0x3c /usr/lib/gcc/arm-none-eabi/13.2.1/thumb/v7e-m/nofp/libgcc.a(_dvmd_tls.o)
 .debug_info    0x00001984      0x135 /usr/lib/gcc/arm-none-eabi/13.2.1/../../../arm-none-eabi/lib/thumb/v7e-m/nofp/libc.a(libc_a-memset.o)
 .debug_info    0x00001ab9      0x108 /usr/lib/gcc/arm-none-eabi/13.2.1/../../../arm-none-eabi/lib/thumb/v7e-m/nofp/libc.a(libc_a-strncmp.o)
 .debug_info    0x00001bc1      0x782 /usr/lib/gcc/arm-none-eabi/13.2.1/../../../arm-none-eabi/lib/thumb/v7e-m/nofp/libc.a(libc_a-calloc.o)
 .debug_info    0x00002343      0x729 /usr/lib/gcc/arm-none-eabi/13.2.1/../../../arm-none-eabi/lib/thumb/v7e-m/nofp/libc.a(libc_a-impure.o)
 .debug_info    0x00002a6c      0x8d9 /usr/lib/gcc/arm-none-eabi/13.2.1/../../../arm-none-eabi/lib/thumb/v7e-m/nofp/libc.a(libc_a-callocr.o)
 .debug_info    0x00003345      0xcd9 /usr/lib/gcc/arm-none-eabi/13.2.1/../../../arm-none-eabi/lib/thumb/v7e-m/nofp/libc.a(libc_a-mallocr.o)
 .debug_info    0x0000401e      0xb55 /usr/lib/gcc/arm-none-eabi/13.2.1/../../../arm-none-eabi/lib/thumb/v7e-m/nofp/libc.a(libc_a-freer.o)
 .debug_info    0x00004b73      0x7ed /usr/lib/gcc/arm-none-eabi/13.2.1/../../../arm-none-eabi/lib/thumb/v7e-m/nofp/libc.a(libc_a-atoi.o)
 .debug_info    0x00005360      0xd95 /usr/lib/gcc/arm-none-eabi/13.2.1/../../../arm-none-eabi/lib/thumb/v7e-m/nofp/libc.a(libc_a-strtol.o)
 .debug_info    0x000060f5      0x7b4 /usr/lib/gcc/arm-none-eabi/13.2.1/../../../arm-none-eabi/lib/thumb/v7e-m/nofp/libc.a(libc_a-malloc.o)
 .debug_info    0x000068a9       0x33 /usr/lib/gcc/arm-none-eabi/13.2.1/../../../arm-none-eabi/lib/thumb/v7e-m/nofp/libc.a(libc_a-memcpy.o)
 .debug_info    0x000068dc       0xc1 /usr/lib/gcc/arm-none-eabi/13.2.1/../../../arm-none-eabi/lib/thumb/v7e-m/nofp/libc.a(libc_a-sysconf.o)
 .debug_info    0x0000699d      0x10b /usr/lib/gcc/arm-none-eabi/13.2.1/../../../arm-none-eabi/lib/thumb/v7e-m/nofp/libc.a(libc_a-init.o)
 .debug_info    0x00006aa8      0x73a /usr/lib/gcc/arm-none-eabi/13.2.1/../../../arm-none-eabi/lib/thumb/v7e-m/nofp/libc.a(libc_a-mlock.o)
 .debug_info    0x000071e2      0xea8 /usr/lib/gcc/arm-none-eabi/13.2.1/../../../arm-none-eabi/lib/thumb/v7e-m/nofp/libc.a(libc_a-findfp.o)
 .debug_info    0x0000808a       0xb9 /usr/lib/gcc/arm-none-eabi/13.2.1/../../../arm-none-eabi/lib/thumb/v7e-m/nofp/libc.a(libc_a-ctype_.o)
 .debug_info    0x00008143      0x11e /usr/lib/gcc/arm-none-eabi/13.2.1/../../../arm-none-eabi/lib/thumb/v7e-m/nofp/libc.a(libc_a-atexit.o)
 .debug_info    0x00008261      0x796 /usr/lib/gcc/arm-none-eabi/13.2.1/../../../arm-none-eabi/lib/thumb/v7e-m/nofp/libc.a(libc_a-sbrkr.o)
 .debug_info    0x000089f7       0xf7 /usr/lib/gcc/arm-none-eabi/13.2.1/../../../arm-none-eabi/lib/thumb/v7e-m/nofp/libc.a(libc_a-fini.o)
 .debug_info    0x00008aee      0x70f /usr/lib/gcc/arm-none-eabi/13.2.1/../../../arm-none-eabi/lib/thumb/v7e-m/nofp/libc.a(libc_a-errno.o)
 .debug_info    0x000091fd      0x284 /usr/lib/gcc/arm-none-eabi/13.2.1/../../../arm-none-eabi/lib/thumb/v7e-m/nofp/libc.a(libc_a-__call_atexit.o)
 .debug_info    0x00009481      0x831 /usr/lib/gcc/arm-none-eabi/13.2.1/../../../arm-none-eabi/lib/thumb/v7e-m/nofp/libc.a(libc_a-reent.o)
 .debug_info    0x00009cb2      0x1fd /usr/lib/gcc/arm-none-eabi/13.2.1/../../../arm-none-eabi/lib/thumb/v7e-m/nofp/libc.a(libc_a-__atexit.o)

.debug_abbrev   0x00000000     0x2ba5
 .debug_abbrev  0x00000000      0x228 /home/hung/Desktop/lora-repo/AI-THINKER-NEWVERSION/Ai-Thinker-LoRaWAN-Ra-08-new/drivers/crypto/lib/libcrypto.a(aes.o)
 .debug_abbrev  0x00000228       0x28 /usr/lib/gcc/arm-none-eabi/13.2.1/thumb/v7e-m/nofp/libgcc.a(_arm_addsubdf3.o)
 .debug_abbrev  0x00000250       0x28 /usr/lib/gcc/arm-none-eabi/13.2.1/thumb/v7e-m/nofp/libgcc.a(_arm_muldivdf3.o)
 .debug_abbrev  0x00000278       0x28 /usr/lib/gcc/arm-none-eabi/13.2.1/thumb/v7e-m/nofp/libgcc.a(_arm_cmpdf2.o)
 .debug_abbrev  0x000002a0       0x28 /usr/lib/gcc/arm-none-eabi/13.2.1/thumb/v7e-m/nofp/libgcc.a(_arm_fixdfsi.o)
 .debug_abbrev  0x000002c8       0x28 /usr/lib/gcc/arm-none-eabi/13.2.1/thumb/v7e-m/nofp/libgcc.a(_arm_fixunsdfsi.o)
 .debug_abbrev  0x000002f0       0x14 /usr/lib/gcc/arm-none-eabi/13.2.1/thumb/v7e-m/nofp/libgcc.a(_aeabi_uldivmod.o)
 .debug_abbrev  0x00000304      0x103 /usr/lib/gcc/arm-none-eabi/13.2.1/thumb/v7e-m/nofp/libgcc.a(_fixunsdfdi.o)
 .debug_abbrev  0x00000407      0x16a /usr/lib/gcc/arm-none-eabi/13.2.1/thumb/v7e-m/nofp/libgcc.a(_udivmoddi4.o)
 .debug_abbrev  0x00000571       0x26 /usr/lib/gcc/arm-none-eabi/13.2.1/thumb/v7e-m/nofp/libgcc.a(_dvmd_tls.o)
 .debug_abbrev  0x00000597       0xb7 /usr/lib/gcc/arm-none-eabi/13.2.1/../../../arm-none-eabi/lib/thumb/v7e-m/nofp/libc.a(libc_a-memset.o)
 .debug_abbrev  0x0000064e       0x92 /usr/lib/gcc/arm-none-eabi/13.2.1/../../../arm-none-eabi/lib/thumb/v7e-m/nofp/libc.a(libc_a-strncmp.o)
 .debug_abbrev  0x000006e0      0x1ee /usr/lib/gcc/arm-none-eabi/13.2.1/../../../arm-none-eabi/lib/thumb/v7e-m/nofp/libc.a(libc_a-calloc.o)
 .debug_abbrev  0x000008ce      0x185 /usr/lib/gcc/arm-none-eabi/13.2.1/../../../arm-none-eabi/lib/thumb/v7e-m/nofp/libc.a(libc_a-impure.o)
 .debug_abbrev  0x00000a53      0x25b /usr/lib/gcc/arm-none-eabi/13.2.1/../../../arm-none-eabi/lib/thumb/v7e-m/nofp/libc.a(libc_a-callocr.o)
 .debug_abbrev  0x00000cae      0x2d7 /usr/lib/gcc/arm-none-eabi/13.2.1/../../../arm-none-eabi/lib/thumb/v7e-m/nofp/libc.a(libc_a-mallocr.o)
 .debug_abbrev  0x00000f85      0x27f /usr/lib/gcc/arm-none-eabi/13.2.1/../../../arm-none-eabi/lib/thumb/v7e-m/nofp/libc.a(libc_a-freer.o)
 .debug_abbrev  0x00001204      0x1ee /usr/lib/gcc/arm-none-eabi/13.2.1/../../../arm-none-eabi/lib/thumb/v7e-m/nofp/libc.a(libc_a-atoi.o)
 .debug_abbrev  0x000013f2      0x326 /usr/lib/gcc/arm-none-eabi/13.2.1/../../../arm-none-eabi/lib/thumb/v7e-m/nofp/libc.a(libc_a-strtol.o)
 .debug_abbrev  0x00001718      0x20b /usr/lib/gcc/arm-none-eabi/13.2.1/../../../arm-none-eabi/lib/thumb/v7e-m/nofp/libc.a(libc_a-malloc.o)
 .debug_abbrev  0x00001923       0x28 /usr/lib/gcc/arm-none-eabi/13.2.1/../../../arm-none-eabi/lib/thumb/v7e-m/nofp/libc.a(libc_a-memcpy.o)
 .debug_abbrev  0x0000194b       0x80 /usr/lib/gcc/arm-none-eabi/13.2.1/../../../arm-none-eabi/lib/thumb/v7e-m/nofp/libc.a(libc_a-sysconf.o)
 .debug_abbrev  0x000019cb       0xc9 /usr/lib/gcc/arm-none-eabi/13.2.1/../../../arm-none-eabi/lib/thumb/v7e-m/nofp/libc.a(libc_a-init.o)
 .debug_abbrev  0x00001a94      0x1ce /usr/lib/gcc/arm-none-eabi/13.2.1/../../../arm-none-eabi/lib/thumb/v7e-m/nofp/libc.a(libc_a-mlock.o)
 .debug_abbrev  0x00001c62      0x446 /usr/lib/gcc/arm-none-eabi/13.2.1/../../../arm-none-eabi/lib/thumb/v7e-m/nofp/libc.a(libc_a-findfp.o)
 .debug_abbrev  0x000020a8       0x62 /usr/lib/gcc/arm-none-eabi/13.2.1/../../../arm-none-eabi/lib/thumb/v7e-m/nofp/libc.a(libc_a-ctype_.o)
 .debug_abbrev  0x0000210a       0xc1 /usr/lib/gcc/arm-none-eabi/13.2.1/../../../arm-none-eabi/lib/thumb/v7e-m/nofp/libc.a(libc_a-atexit.o)
 .debug_abbrev  0x000021cb      0x216 /usr/lib/gcc/arm-none-eabi/13.2.1/../../../arm-none-eabi/lib/thumb/v7e-m/nofp/libc.a(libc_a-sbrkr.o)
 .debug_abbrev  0x000023e1       0xcc /usr/lib/gcc/arm-none-eabi/13.2.1/../../../arm-none-eabi/lib/thumb/v7e-m/nofp/libc.a(libc_a-fini.o)
 .debug_abbrev  0x000024ad      0x19a /usr/lib/gcc/arm-none-eabi/13.2.1/../../../arm-none-eabi/lib/thumb/v7e-m/nofp/libc.a(libc_a-errno.o)
 .debug_abbrev  0x00002647      0x1dd /usr/lib/gcc/arm-none-eabi/13.2.1/../../../arm-none-eabi/lib/thumb/v7e-m/nofp/libc.a(libc_a-__call_atexit.o)
 .debug_abbrev  0x00002824      0x22a /usr/lib/gcc/arm-none-eabi/13.2.1/../../../arm-none-eabi/lib/thumb/v7e-m/nofp/libc.a(libc_a-reent.o)
 .debug_abbrev  0x00002a4e      0x157 /usr/lib/gcc/arm-none-eabi/13.2.1/../../../arm-none-eabi/lib/thumb/v7e-m/nofp/libc.a(libc_a-__atexit.o)

.debug_loc      0x00000000       0xe4
 .debug_loc     0x00000000       0xe4 /home/hung/Desktop/lora-repo/AI-THINKER-NEWVERSION/Ai-Thinker-LoRaWAN-Ra-08-new/drivers/crypto/lib/libcrypto.a(aes.o)

.debug_aranges  0x00000000      0x418
 .debug_aranges
                0x00000000       0x20 /home/hung/Desktop/lora-repo/AI-THINKER-NEWVERSION/Ai-Thinker-LoRaWAN-Ra-08-new/drivers/crypto/lib/libcrypto.a(aes.o)
 .debug_aranges
                0x00000020       0x20 /usr/lib/gcc/arm-none-eabi/13.2.1/thumb/v7e-m/nofp/libgcc.a(_arm_addsubdf3.o)
 .debug_aranges
                0x00000040       0x20 /usr/lib/gcc/arm-none-eabi/13.2.1/thumb/v7e-m/nofp/libgcc.a(_arm_muldivdf3.o)
 .debug_aranges
                0x00000060       0x20 /usr/lib/gcc/arm-none-eabi/13.2.1/thumb/v7e-m/nofp/libgcc.a(_arm_cmpdf2.o)
 .debug_aranges
                0x00000080       0x20 /usr/lib/gcc/arm-none-eabi/13.2.1/thumb/v7e-m/nofp/libgcc.a(_arm_fixdfsi.o)
 .debug_aranges
                0x000000a0       0x20 /usr/lib/gcc/arm-none-eabi/13.2.1/thumb/v7e-m/nofp/libgcc.a(_arm_fixunsdfsi.o)
 .debug_aranges
                0x000000c0       0x20 /usr/lib/gcc/arm-none-eabi/13.2.1/thumb/v7e-m/nofp/libgcc.a(_aeabi_uldivmod.o)
 .debug_aranges
                0x000000e0       0x20 /usr/lib/gcc/arm-none-eabi/13.2.1/thumb/v7e-m/nofp/libgcc.a(_fixunsdfdi.o)
 .debug_aranges
                0x00000100       0x20 /usr/lib/gcc/arm-none-eabi/13.2.1/thumb/v7e-m/nofp/libgcc.a(_udivmoddi4.o)
 .debug_aranges
                0x00000120       0x20 /usr/lib/gcc/arm-none-eabi/13.2.1/thumb/v7e-m/nofp/libgcc.a(_dvmd_tls.o)
 .debug_aranges
                0x00000140       0x20 /usr/lib/gcc/arm-none-eabi/13.2.1/../../../arm-none-eabi/lib/thumb/v7e-m/nofp/libc.a(libc_a-memset.o)
 .debug_aranges
                0x00000160       0x20 /usr/lib/gcc/arm-none-eabi/13.2.1/../../../arm-none-eabi/lib/thumb/v7e-m/nofp/libc.a(libc_a-strncmp.o)
 .debug_aranges
                0x00000180       0x20 /usr/lib/gcc/arm-none-eabi/13.2.1/../../../arm-none-eabi/lib/thumb/v7e-m/nofp/libc.a(libc_a-calloc.o)
 .debug_aranges
                0x000001a0       0x18 /usr/lib/gcc/arm-none-eabi/13.2.1/../../../arm-none-eabi/lib/thumb/v7e-m/nofp/libc.a(libc_a-impure.o)
 .debug_aranges
                0x000001b8       0x20 /usr/lib/gcc/arm-none-eabi/13.2.1/../../../arm-none-eabi/lib/thumb/v7e-m/nofp/libc.a(libc_a-callocr.o)
 .debug_aranges
                0x000001d8       0x20 /usr/lib/gcc/arm-none-eabi/13.2.1/../../../arm-none-eabi/lib/thumb/v7e-m/nofp/libc.a(libc_a-mallocr.o)
 .debug_aranges
                0x000001f8       0x20 /usr/lib/gcc/arm-none-eabi/13.2.1/../../../arm-none-eabi/lib/thumb/v7e-m/nofp/libc.a(libc_a-freer.o)
 .debug_aranges
                0x00000218       0x20 /usr/lib/gcc/arm-none-eabi/13.2.1/../../../arm-none-eabi/lib/thumb/v7e-m/nofp/libc.a(libc_a-atoi.o)
 .debug_aranges
                0x00000238       0x20 /usr/lib/gcc/arm-none-eabi/13.2.1/../../../arm-none-eabi/lib/thumb/v7e-m/nofp/libc.a(libc_a-strtol.o)
 .debug_aranges
                0x00000258       0x20 /usr/lib/gcc/arm-none-eabi/13.2.1/../../../arm-none-eabi/lib/thumb/v7e-m/nofp/libc.a(libc_a-malloc.o)
 .debug_aranges
                0x00000278       0x20 /usr/lib/gcc/arm-none-eabi/13.2.1/../../../arm-none-eabi/lib/thumb/v7e-m/nofp/libc.a(libc_a-memcpy.o)
 .debug_aranges
                0x00000298       0x20 /usr/lib/gcc/arm-none-eabi/13.2.1/../../../arm-none-eabi/lib/thumb/v7e-m/nofp/libc.a(libc_a-sysconf.o)
 .debug_aranges
                0x000002b8       0x20 /usr/lib/gcc/arm-none-eabi/13.2.1/../../../arm-none-eabi/lib/thumb/v7e-m/nofp/libc.a(libc_a-init.o)
 .debug_aranges
                0x000002d8       0x20 /usr/lib/gcc/arm-none-eabi/13.2.1/../../../arm-none-eabi/lib/thumb/v7e-m/nofp/libc.a(libc_a-mlock.o)
 .debug_aranges
                0x000002f8       0x20 /usr/lib/gcc/arm-none-eabi/13.2.1/../../../arm-none-eabi/lib/thumb/v7e-m/nofp/libc.a(libc_a-findfp.o)
 .debug_aranges
                0x00000318       0x18 /usr/lib/gcc/arm-none-eabi/13.2.1/../../../arm-none-eabi/lib/thumb/v7e-m/nofp/libc.a(libc_a-ctype_.o)
 .debug_aranges
                0x00000330       0x20 /usr/lib/gcc/arm-none-eabi/13.2.1/../../../arm-none-eabi/lib/thumb/v7e-m/nofp/libc.a(libc_a-atexit.o)
 .debug_aranges
                0x00000350       0x20 /usr/lib/gcc/arm-none-eabi/13.2.1/../../../arm-none-eabi/lib/thumb/v7e-m/nofp/libc.a(libc_a-sbrkr.o)
 .debug_aranges
                0x00000370       0x20 /usr/lib/gcc/arm-none-eabi/13.2.1/../../../arm-none-eabi/lib/thumb/v7e-m/nofp/libc.a(libc_a-fini.o)
 .debug_aranges
                0x00000390       0x20 /usr/lib/gcc/arm-none-eabi/13.2.1/../../../arm-none-eabi/lib/thumb/v7e-m/nofp/libc.a(libc_a-errno.o)
 .debug_aranges
                0x000003b0       0x28 /usr/lib/gcc/arm-none-eabi/13.2.1/../../../arm-none-eabi/lib/thumb/v7e-m/nofp/libc.a(libc_a-__call_atexit.o)
 .debug_aranges
                0x000003d8       0x20 /usr/lib/gcc/arm-none-eabi/13.2.1/../../../arm-none-eabi/lib/thumb/v7e-m/nofp/libc.a(libc_a-reent.o)
 .debug_aranges
                0x000003f8       0x20 /usr/lib/gcc/arm-none-eabi/13.2.1/../../../arm-none-eabi/lib/thumb/v7e-m/nofp/libc.a(libc_a-__atexit.o)

.debug_line     0x00000000     0x3e28
 .debug_line    0x00000000      0x268 /home/hung/Desktop/lora-repo/AI-THINKER-NEWVERSION/Ai-Thinker-LoRaWAN-Ra-08-new/drivers/crypto/lib/libcrypto.a(aes.o)
 .debug_line    0x00000268      0x16f /usr/lib/gcc/arm-none-eabi/13.2.1/thumb/v7e-m/nofp/libgcc.a(_arm_addsubdf3.o)
 .debug_line    0x000003d7      0x184 /usr/lib/gcc/arm-none-eabi/13.2.1/thumb/v7e-m/nofp/libgcc.a(_arm_muldivdf3.o)
 .debug_line    0x0000055b       0xa6 /usr/lib/gcc/arm-none-eabi/13.2.1/thumb/v7e-m/nofp/libgcc.a(_arm_cmpdf2.o)
 .debug_line    0x00000601       0x62 /usr/lib/gcc/arm-none-eabi/13.2.1/thumb/v7e-m/nofp/libgcc.a(_arm_fixdfsi.o)
 .debug_line    0x00000663       0x5e /usr/lib/gcc/arm-none-eabi/13.2.1/thumb/v7e-m/nofp/libgcc.a(_arm_fixunsdfsi.o)
 .debug_line    0x000006c1       0x4e /usr/lib/gcc/arm-none-eabi/13.2.1/thumb/v7e-m/nofp/libgcc.a(_aeabi_uldivmod.o)
 .debug_line    0x0000070f       0xad /usr/lib/gcc/arm-none-eabi/13.2.1/thumb/v7e-m/nofp/libgcc.a(_fixunsdfdi.o)
 .debug_line    0x000007bc      0x574 /usr/lib/gcc/arm-none-eabi/13.2.1/thumb/v7e-m/nofp/libgcc.a(_udivmoddi4.o)
 .debug_line    0x00000d30       0x4a /usr/lib/gcc/arm-none-eabi/13.2.1/thumb/v7e-m/nofp/libgcc.a(_dvmd_tls.o)
 .debug_line    0x00000d7a      0x1b6 /usr/lib/gcc/arm-none-eabi/13.2.1/../../../arm-none-eabi/lib/thumb/v7e-m/nofp/libc.a(libc_a-memset.o)
 .debug_line    0x00000f30      0x1f6 /usr/lib/gcc/arm-none-eabi/13.2.1/../../../arm-none-eabi/lib/thumb/v7e-m/nofp/libc.a(libc_a-strncmp.o)
 .debug_line    0x00001126      0x15c /usr/lib/gcc/arm-none-eabi/13.2.1/../../../arm-none-eabi/lib/thumb/v7e-m/nofp/libc.a(libc_a-calloc.o)
 .debug_line    0x00001282       0xe7 /usr/lib/gcc/arm-none-eabi/13.2.1/../../../arm-none-eabi/lib/thumb/v7e-m/nofp/libc.a(libc_a-impure.o)
 .debug_line    0x00001369      0x208 /usr/lib/gcc/arm-none-eabi/13.2.1/../../../arm-none-eabi/lib/thumb/v7e-m/nofp/libc.a(libc_a-callocr.o)
 .debug_line    0x00001571      0x8e9 /usr/lib/gcc/arm-none-eabi/13.2.1/../../../arm-none-eabi/lib/thumb/v7e-m/nofp/libc.a(libc_a-mallocr.o)
 .debug_line    0x00001e5a      0x544 /usr/lib/gcc/arm-none-eabi/13.2.1/../../../arm-none-eabi/lib/thumb/v7e-m/nofp/libc.a(libc_a-freer.o)
 .debug_line    0x0000239e      0x15b /usr/lib/gcc/arm-none-eabi/13.2.1/../../../arm-none-eabi/lib/thumb/v7e-m/nofp/libc.a(libc_a-atoi.o)
 .debug_line    0x000024f9      0x42f /usr/lib/gcc/arm-none-eabi/13.2.1/../../../arm-none-eabi/lib/thumb/v7e-m/nofp/libc.a(libc_a-strtol.o)
 .debug_line    0x00002928      0x16b /usr/lib/gcc/arm-none-eabi/13.2.1/../../../arm-none-eabi/lib/thumb/v7e-m/nofp/libc.a(libc_a-malloc.o)
 .debug_line    0x00002a93       0xb9 /usr/lib/gcc/arm-none-eabi/13.2.1/../../../arm-none-eabi/lib/thumb/v7e-m/nofp/libc.a(libc_a-memcpy.o)
 .debug_line    0x00002b4c       0xe6 /usr/lib/gcc/arm-none-eabi/13.2.1/../../../arm-none-eabi/lib/thumb/v7e-m/nofp/libc.a(libc_a-sysconf.o)
 .debug_line    0x00002c32      0x11e /usr/lib/gcc/arm-none-eabi/13.2.1/../../../arm-none-eabi/lib/thumb/v7e-m/nofp/libc.a(libc_a-init.o)
 .debug_line    0x00002d50      0x153 /usr/lib/gcc/arm-none-eabi/13.2.1/../../../arm-none-eabi/lib/thumb/v7e-m/nofp/libc.a(libc_a-mlock.o)
 .debug_line    0x00002ea3      0x4fc /usr/lib/gcc/arm-none-eabi/13.2.1/../../../arm-none-eabi/lib/thumb/v7e-m/nofp/libc.a(libc_a-findfp.o)
 .debug_line    0x0000339f       0x97 /usr/lib/gcc/arm-none-eabi/13.2.1/../../../arm-none-eabi/lib/thumb/v7e-m/nofp/libc.a(libc_a-ctype_.o)
 .debug_line    0x00003436       0xc3 /usr/lib/gcc/arm-none-eabi/13.2.1/../../../arm-none-eabi/lib/thumb/v7e-m/nofp/libc.a(libc_a-atexit.o)
 .debug_line    0x000034f9      0x193 /usr/lib/gcc/arm-none-eabi/13.2.1/../../../arm-none-eabi/lib/thumb/v7e-m/nofp/libc.a(libc_a-sbrkr.o)
 .debug_line    0x0000368c       0xd2 /usr/lib/gcc/arm-none-eabi/13.2.1/../../../arm-none-eabi/lib/thumb/v7e-m/nofp/libc.a(libc_a-fini.o)
 .debug_line    0x0000375e      0x10c /usr/lib/gcc/arm-none-eabi/13.2.1/../../../arm-none-eabi/lib/thumb/v7e-m/nofp/libc.a(libc_a-errno.o)
 .debug_line    0x0000386a      0x27f /usr/lib/gcc/arm-none-eabi/13.2.1/../../../arm-none-eabi/lib/thumb/v7e-m/nofp/libc.a(libc_a-__call_atexit.o)
 .debug_line    0x00003ae9      0x1f0 /usr/lib/gcc/arm-none-eabi/13.2.1/../../../arm-none-eabi/lib/thumb/v7e-m/nofp/libc.a(libc_a-reent.o)
 .debug_line    0x00003cd9      0x14f /usr/lib/gcc/arm-none-eabi/13.2.1/../../../arm-none-eabi/lib/thumb/v7e-m/nofp/libc.a(libc_a-__atexit.o)

.debug_str      0x00000000     0x1c91
 .debug_str     0x00000000     0x1c91 /home/hung/Desktop/lora-repo/AI-THINKER-NEWVERSION/Ai-Thinker-LoRaWAN-Ra-08-new/drivers/crypto/lib/libcrypto.a(aes.o)
                                0x74e (size before relaxing)
 .debug_str     0x00001c91      0x151 /usr/lib/gcc/arm-none-eabi/13.2.1/thumb/v7e-m/nofp/libgcc.a(_arm_addsubdf3.o)
 .debug_str     0x00001c91       0xd1 /usr/lib/gcc/arm-none-eabi/13.2.1/thumb/v7e-m/nofp/libgcc.a(_arm_muldivdf3.o)
 .debug_str     0x00001c91      0x15a /usr/lib/gcc/arm-none-eabi/13.2.1/thumb/v7e-m/nofp/libgcc.a(_arm_cmpdf2.o)
 .debug_str     0x00001c91       0xbc /usr/lib/gcc/arm-none-eabi/13.2.1/thumb/v7e-m/nofp/libgcc.a(_arm_fixdfsi.o)