Archive member included to satisfy reference by file (symbol)

/home/hung/Desktop/lora-repo/AI-THINKER-NEWVERSION/Ai-Thinker-LoRaWAN-Ra-08-new/drivers/crypto/lib/libcrypto.a(aes.o)
                              out/cmac.o (aes_init)
/usr/lib/gcc/arm-none-eabi/13.2.1/thumb/v7e-m/nofp/libgcc.a(_arm_muldf3.o)
                              out/printf-stdarg.o (__aeabi_dmul)
/usr/lib/gcc/arm-none-eabi/13.2.1/thumb/v7e-m/nofp/libgcc.a(_arm_addsubdf3.o)
                              out/printf-stdarg.o (__aeabi_dsub)
/usr/lib/gcc/arm-none-eabi/13.2.1/thumb/v7e-m/nofp/libgcc.a(_arm_muldivdf3.o)
                              out/printf-stdarg.o (__aeabi_ddiv)
/usr/lib/gcc/arm-none-eabi/13.2.1/thumb/v7e-m/nofp/libgcc.a(_arm_cmpdf2.o)
                              out/printf-stdarg.o (__aeabi_dcmpeq)
/usr/lib/gcc/arm-none-eabi/13.2.1/thumb/v7e-m/nofp/libgcc.a(_arm_fixdfsi.o)
                              out/printf-stdarg.o (__aeabi_d2iz)
/usr/lib/gcc/arm-none-eabi/13.2.1/thumb/v7e-m/nofp/libgcc.a(_arm_fixunsdfsi.o)
                              out/printf-stdarg.o (__aeabi_d2uiz)
/usr/lib/gcc/arm-none-eabi/13.2.1/thumb/v7e-m/nofp/libgcc.a(_aeabi_uldivmod.o)
                              out/printf-stdarg.o (__aeabi_uldivmod)
/usr/lib/gcc/arm-none-eabi/13.2.1/thumb/v7e-m/nofp/libgcc.a(_fixunsdfdi.o)
                              out/rtc-board.o (__aeabi_d2ulz)
/usr/lib/gcc/arm-none-eabi/13.2.1/thumb/v7e-m/nofp/libgcc.a(_udivmoddi4.o)
                              /usr/lib/gcc/arm-none-eabi/13.2.1/thumb/v7e-m/nofp/libgcc.a(_aeabi_uldivmod.o) (__udivmoddi4)
/usr/lib/gcc/arm-none-eabi/13.2.1/thumb/v7e-m/nofp/libgcc.a(_dvmd_tls.o)
                              /usr/lib/gcc/arm-none-eabi/13.2.1/thumb/v7e-m/nofp/libgcc.a(_aeabi_uldivmod.o) (__aeabi_ldiv0)
/usr/lib/gcc/arm-none-eabi/13.2.1/../../../arm-none-eabi/lib/thumb/v7e-m/nofp/libc.a(libc_a-memset.o)
                              /usr/lib/gcc/arm-none-eabi/13.2.1/../../../arm-none-eabi/lib/thumb/v7e-m/nofp/crt0.o (memset)
/usr/lib/gcc/arm-none-eabi/13.2.1/../../../arm-none-eabi/lib/thumb/v7e-m/nofp/libc.a(libc_a-strncmp.o)
                              out/authentication.o (strncmp)
/usr/lib/gcc/arm-none-eabi/13.2.1/../../../arm-none-eabi/lib/thumb/v7e-m/nofp/libc.a(libc_a-atoi.o)
                              out/configuration_funcs.o (atoi)
/usr/lib/gcc/arm-none-eabi/13.2.1/../../../arm-none-eabi/lib/thumb/v7e-m/nofp/libc.a(libc_a-strtol.o)
                              /usr/lib/gcc/arm-none-eabi/13.2.1/../../../arm-none-eabi/lib/thumb/v7e-m/nofp/libc.a(libc_a-atoi.o) (_strtol_r)
/usr/lib/gcc/arm-none-eabi/13.2.1/../../../arm-none-eabi/lib/thumb/v7e-m/nofp/libc.a(libc_a-malloc.o)
                              out/pingpong.o (malloc)
/usr/lib/gcc/arm-none-eabi/13.2.1/../../../arm-none-eabi/lib/thumb/v7e-m/nofp/libc.a(libc_a-memcpy.o)
                              out/reformatstring.o (memcpy)
/usr/lib/gcc/arm-none-eabi/13.2.1/../../../arm-none-eabi/lib/thumb/v7e-m/nofp/libc.a(libc_a-init.o)
                              /usr/lib/gcc/arm-none-eabi/13.2.1/../../../arm-none-eabi/lib/thumb/v7e-m/nofp/crt0.o (__libc_init_array)
/usr/lib/gcc/arm-none-eabi/13.2.1/../../../arm-none-eabi/lib/thumb/v7e-m/nofp/libc.a(libc_a-exit.o)
                              /usr/lib/gcc/arm-none-eabi/13.2.1/../../../arm-none-eabi/lib/thumb/v7e-m/nofp/crt0.o (exit)
/usr/lib/gcc/arm-none-eabi/13.2.1/../../../arm-none-eabi/lib/thumb/v7e-m/nofp/libc.a(libc_a-ctype_.o)
                              /usr/lib/gcc/arm-none-eabi/13.2.1/../../../arm-none-eabi/lib/thumb/v7e-m/nofp/libc.a(libc_a-strtol.o) (_ctype_)
/usr/lib/gcc/arm-none-eabi/13.2.1/../../../arm-none-eabi/lib/thumb/v7e-m/nofp/libc.a(libc_a-atexit.o)
                              /usr/lib/gcc/arm-none-eabi/13.2.1/../../../arm-none-eabi/lib/thumb/v7e-m/nofp/crt0.o (atexit)
/usr/lib/gcc/arm-none-eabi/13.2.1/../../../arm-none-eabi/lib/thumb/v7e-m/nofp/libc.a(libc_a-fini.o)
                              /usr/lib/gcc/arm-none-eabi/13.2.1/../../../arm-none-eabi/lib/thumb/v7e-m/nofp/crt0.o (__libc_fini_array)
/usr/lib/gcc/arm-none-eabi/13.2.1/../../../arm-none-eabi/lib/thumb/v7e-m/nofp/libc.a(libc_a-errno.o)
                              /usr/lib/gcc/arm-none-eabi/13.2.1/../../../arm-none-eabi/lib/thumb/v7e-m/nofp/libc.a(libc_a-strtol.o) (__errno)
/usr/lib/gcc/arm-none-eabi/13.2.1/../../../arm-none-eabi/lib/thumb/v7e-m/nofp/libc.a(libc_a-impure.o)
                              /usr/lib/gcc/arm-none-eabi/13.2.1/../../../arm-none-eabi/lib/thumb/v7e-m/nofp/libc.a(libc_a-strtol.o) (_impure_ptr)
/usr/lib/gcc/arm-none-eabi/13.2.1/../../../arm-none-eabi/lib/thumb/v7e-m/nofp/libc.a(libc_a-mallocr.o)
                              /usr/lib/gcc/arm-none-eabi/13.2.1/../../../arm-none-eabi/lib/thumb/v7e-m/nofp/libc.a(libc_a-malloc.o) (_malloc_r)
/usr/lib/gcc/arm-none-eabi/13.2.1/../../../arm-none-eabi/lib/thumb/v7e-m/nofp/libc.a(libc_a-freer.o)
[...]
Memory Configuration

Name             Origin             Length             Attributes
FLASH            0x08000000         0x00020000         xr
RAM              0x20000000         0x00004000         xrw
*default*        0x00000000         0xffffffff

Linker script and memory map

LOAD /usr/lib/gcc/arm-none-eabi/13.2.1/thumb/v7e-m/nofp/crti.o
LOAD /usr/lib/gcc/arm-none-eabi/13.2.1/thumb/v7e-m/nofp/crtbegin.o
LOAD /usr/lib/gcc/arm-none-eabi/13.2.1/../../../arm-none-eabi/lib/thumb/v7e-m/nofp/crt0.o
LOAD out/custom_sbrk.o
LOAD out/main.o
LOAD out/pingpong.o
LOAD out/tremo_it.o
LOAD out/check_hexa_input.o
LOAD out/check_if_have_done_yet_in_that_section.o
LOAD out/interval_format.o
LOAD out/reformatstring.o
LOAD out/take_bytes_from_flash.o
LOAD out/dealing_with_flash.o
LOAD out/rewrite_data_to_flash.o
LOAD out/take_authentication_information_from_flash.o
LOAD out/authentication.o
LOAD out/configuration.o
LOAD out/operation.o
LOAD out/interval.o
LOAD out/filter_uart_receive.o
LOAD out/uart_receive.o
LOAD out/variables_from_enum.o
LOAD out/authentication_assign.o
LOAD out/authentication_funcs.o
LOAD out/configuration_funcs.o
LOAD out/operation_funcs.o
LOAD out/lora_get_config.o
LOAD out/lora_send.o
LOAD out/lora_get_config_funcs.o
LOAD out/printf-stdarg.o
LOAD out/system_cm4.o
LOAD out/tremo_adc.o
LOAD out/tremo_bstimer.o
LOAD out/tremo_crc.o
LOAD out/tremo_dac.o
LOAD out/tremo_delay.o
LOAD out/tremo_dma.o
LOAD out/tremo_flash.o
LOAD out/tremo_gpio.o
LOAD out/tremo_i2c.o
LOAD out/tremo_i2s.o
LOAD out/tremo_iwdg.o
LOAD out/tremo_lcd.o
LOAD out/tremo_lptimer.o
LOAD out/tremo_lpuart.o
LOAD out/tremo_pwr.o
LOAD out/tremo_rcc.o
LOAD out/tremo_rtc.o
LOAD out/tremo_spi.o
LOAD out/tremo_system.o
LOAD out/tremo_timer.o
LOAD out/tremo_uart.o
LOAD out/tremo_wdg.o
LOAD out/delay.o
LOAD out/timer.o
LOAD out/cmac.o
LOAD out/radio.o
LOAD out/sx126x.o
LOAD out/rtc-board.o
LOAD out/sx1262-board.o
LOAD out/utilities.o
LOAD out/startup_cm4.o
LOAD /home/hung/Desktop/lora-repo/AI-THINKER-NEWVERSION/Ai-Thinker-LoRaWAN-Ra-08-new/drivers/crypto/lib/libcrypto.a
START GROUP
LOAD /usr/lib/gcc/arm-none-eabi/13.2.1/thumb/v7e-m/nofp/libgcc.a
LOAD /usr/lib/gcc/arm-none-eabi/13.2.1/../../../arm-none-eabi/lib/thumb/v7e-m/nofp/libc.a
END GROUP
LOAD /usr/lib/gcc/arm-none-eabi/13.2.1/thumb/v7e-m/nofp/crtend.o
LOAD /usr/lib/gcc/arm-none-eabi/13.2.1/thumb/v7e-m/nofp/crtn.o
                0x20004000                        _estack = 0x20004000
                0x00000000                        _HEAP_SIZE = 0x0
                0x00001000                        _STACK_SIZE = 0x1000

.isr_vector     0x08000000       0xd4
                0x08000000                        . = ALIGN (0x4)
 *(.isr_vector)
 .isr_vector    0x08000000       0xd4 out/startup_cm4.o
                0x08000000                g_pfnVectors
                0x080000d4                        . = ALIGN (0x4)

.text           0x080000d8     0x7468
                0x080000d8                        . = ALIGN (0x4)
 *(.text)
 .text          0x080000d8       0x88 /usr/lib/gcc/arm-none-eabi/13.2.1/thumb/v7e-m/nofp/crtbegin.o
 .text          0x08000160      0x378 /usr/lib/gcc/arm-none-eabi/13.2.1/thumb/v7e-m/nofp/libgcc.a(_arm_addsubdf3.o)
                0x08000160                __aeabi_drsub
                0x08000168                __aeabi_dsub
                0x08000168                __subdf3
                0x0800016c                __adddf3
                0x0800016c                __aeabi_dadd
                0x080003e4                __aeabi_ui2d
                0x080003e4                __floatunsidf
                0x08000404                __floatsidf
                0x08000404                __aeabi_i2d
                0x08000428                __extendsfdf2
                0x08000428                __aeabi_f2d
                0x0800046c                __aeabi_ul2d
                0x0800046c                __floatundidf
                0x0800047c                __floatdidf
                0x0800047c                __aeabi_l2d
 .text          0x080004d8      0x424 /usr/lib/gcc/arm-none-eabi/13.2.1/thumb/v7e-m/nofp/libgcc.a(_arm_muldivdf3.o)
                0x080004d8                __aeabi_dmul
                0x080004d8                __muldf3
                0x0800072c                __aeabi_ddiv
                0x0800072c                __divdf3
 .text          0x080008fc      0x110 /usr/lib/gcc/arm-none-eabi/13.2.1/thumb/v7e-m/nofp/libgcc.a(_arm_cmpdf2.o)
                0x080008fc                __gtdf2
                0x080008fc                __gedf2
                0x08000904                __ltdf2
                0x08000904                __ledf2
                0x0800090c                __cmpdf2
                0x0800090c                __eqdf2
                0x0800090c                __nedf2
                0x08000988                __aeabi_cdrcmple
                0x08000998                __aeabi_cdcmple
                0x08000998                __aeabi_cdcmpeq
                0x080009a8                __aeabi_dcmpeq
                0x080009bc                __aeabi_dcmplt
                0x080009d0                __aeabi_dcmple
                0x080009e4                __aeabi_dcmpge
                0x080009f8                __aeabi_dcmpgt
 .text          0x08000a0c       0x50 /usr/lib/gcc/arm-none-eabi/13.2.1/thumb/v7e-m/nofp/libgcc.a(_arm_fixdfsi.o)
                0x08000a0c                __fixdfsi
                0x08000a0c                __aeabi_d2iz
 .text          0x08000a5c       0x40 /usr/lib/gcc/arm-none-eabi/13.2.1/thumb/v7e-m/nofp/libgcc.a(_arm_fixunsdfsi.o)
                0x08000a5c                __fixunsdfsi
                0x08000a5c                __aeabi_d2uiz
 .text          0x08000a9c       0x30 /usr/lib/gcc/arm-none-eabi/13.2.1/thumb/v7e-m/nofp/libgcc.a(_aeabi_uldivmod.o)
                0x08000a9c                __aeabi_uldivmod
 .text          0x08000acc       0x3c /usr/lib/gcc/arm-none-eabi/13.2.1/thumb/v7e-m/nofp/libgcc.a(_fixunsdfdi.o)
                0x08000acc                __aeabi_d2ulz
                0x08000acc                __fixunsdfdi
 .text          0x08000b08      0x2bc /usr/lib/gcc/arm-none-eabi/13.2.1/thumb/v7e-m/nofp/libgcc.a(_udivmoddi4.o)
                0x08000b08                __udivmoddi4
 .text          0x08000dc4        0x4 /usr/lib/gcc/arm-none-eabi/13.2.1/thumb/v7e-m/nofp/libgcc.a(_dvmd_tls.o)
                0x08000dc4                __aeabi_ldiv0
                0x08000dc4                __aeabi_idiv0
 .text          0x08000dc8       0xa4 /usr/lib/gcc/arm-none-eabi/13.2.1/../../../arm-none-eabi/lib/thumb/v7e-m/nofp/libc.a(libc_a-memset.o)
                0x08000dc8                memset
 .text          0x08000e6c       0x8c /usr/lib/gcc/arm-none-eabi/13.2.1/../../../arm-none-eabi/lib/thumb/v7e-m/nofp/libc.a(libc_a-strncmp.o)
                0x08000e6c                strncmp
 .text          0x08000ef8       0x10 /usr/lib/gcc/arm-none-eabi/13.2.1/../../../arm-none-eabi/lib/thumb/v7e-m/nofp/libc.a(libc_a-atoi.o)
                0x08000ef8                atoi
                0x08000f00                _atoi_r
 .text          0x08000f08      0x16c /usr/lib/gcc/arm-none-eabi/13.2.1/../../../arm-none-eabi/lib/thumb/v7e-m/nofp/libc.a(libc_a-strtol.o)
                0x08001040                _strtol_r
                0x08001044                strtol_l
                0x0800105c                strtol
 .text          0x08001074       0x20 /usr/lib/gcc/arm-none-eabi/13.2.1/../../../arm-none-eabi/lib/thumb/v7e-m/nofp/libc.a(libc_a-malloc.o)
                0x08001074                malloc
                0x08001084                free
 .text          0x08001094      0x134 /usr/lib/gcc/arm-none-eabi/13.2.1/../../../arm-none-eabi/lib/thumb/v7e-m/nofp/libc.a(libc_a-memcpy.o)
                0x08001094                memcpy
 .text          0x080011c8       0x50 /usr/lib/gcc/arm-none-eabi/13.2.1/../../../arm-none-eabi/lib/thumb/v7e-m/nofp/libc.a(libc_a-init.o)
                0x080011c8                __libc_init_array
 .text          0x08001218        0xc /usr/lib/gcc/arm-none-eabi/13.2.1/../../../arm-none-eabi/lib/thumb/v7e-m/nofp/libc.a(libc_a-atexit.o)
                0x08001218                atexit
 .text          0x08001224       0x28 /usr/lib/gcc/arm-none-eabi/13.2.1/../../../arm-none-eabi/lib/thumb/v7e-m/nofp/libc.a(libc_a-fini.o)
                0x08001224                __libc_fini_array
 .text          0x0800124c        0xc /usr/lib/gcc/arm-none-eabi/13.2.1/../../../arm-none-eabi/lib/thumb/v7e-m/nofp/libc.a(libc_a-errno.o)
                0x0800124c                __errno
 .text          0x08001258      0x55c /usr/lib/gcc/arm-none-eabi/13.2.1/../../../arm-none-eabi/lib/thumb/v7e-m/nofp/libc.a(libc_a-mallocr.o)
                0x08001258                _malloc_r
 .text          0x080017b4      0x2b0 /usr/lib/gcc/arm-none-eabi/13.2.1/../../../arm-none-eabi/lib/thumb/v7e-m/nofp/libc.a(libc_a-freer.o)
                0x080017b4                _malloc_trim_r
                0x0800186c                _free_r
 .text          0x08001a64       0x1c /usr/lib/gcc/arm-none-eabi/13.2.1/../../../arm-none-eabi/lib/thumb/v7e-m/nofp/libc.a(libc_a-sysconf.o)
                0x08001a64                sysconf
 .text          0x08001a80       0x64 /usr/lib/gcc/arm-none-eabi/13.2.1/../../../arm-none-eabi/lib/thumb/v7e-m/nofp/libc.a(libc_a-__atexit.o)
                0x08001a80                __register_exitproc
 .text          0x08001ae4        0x8 /usr/lib/gcc/arm-none-eabi/13.2.1/../../../arm-none-eabi/lib/thumb/v7e-m/nofp/libc.a(libc_a-mlock.o)
                0x08001ae4                __malloc_lock
                0x08001ae8                __malloc_unlock
 .text          0x08001aec       0x24 /usr/lib/gcc/arm-none-eabi/13.2.1/../../../arm-none-eabi/lib/thumb/v7e-m/nofp/libc.a(libc_a-sbrkr.o)
                0x08001aec                _sbrk_r
 .text          0x08001b10       0xf8 /usr/lib/gcc/arm-none-eabi/13.2.1/../../../arm-none-eabi/lib/thumb/v7e-m/nofp/libm.a(libm_a-s_ceil.o)
                0x08001b10                ceil
 .text          0x08001c08       0x9c /usr/lib/gcc/arm-none-eabi/13.2.1/../../../arm-none-eabi/lib/thumb/v7e-m/nofp/libm.a(libm_a-s_round.o)
                0x08001c08                round
 *fill*         0x08001ca4        0x4 
 .text          0x08001ca8      0x108 /usr/lib/gcc/arm-none-eabi/13.2.1/../../../arm-none-eabi/lib/thumb/v7e-m/nofp/libm.a(libm_a-s_floor.o)
                0x08001ca8                floor
 .text          0x08001db0      0x124 /usr/lib/gcc/arm-none-eabi/13.2.1/../../../arm-none-eabi/lib/thumb/v7e-m/nofp/libm.a(libm_a-s_rint.o)
                0x08001db0                rint
 *(.text*)
 .text._sbrk    0x08001ed4       0x10 out/custom_sbrk.o
                0x08001ed4                _sbrk
 .text.board_init
                0x08001ee4       0x6a out/main.o
                0x08001ee4                board_init
 .text.startup.main
                0x08001f4e        0xe out/main.o
                0x08001f4e                main
 .text.app_start
                0x08001f5c      0x168 out/pingpong.o
                0x08001f5c                app_start
 .text.NMI_Handler
                0x080020c4        0x2 out/tremo_it.o
                0x080020c4                NMI_Handler
 .text.HardFault_Handler
                0x080020c6        0x2 out/tremo_it.o
                0x080020c6                HardFault_Handler
 .text.MemManage_Handler
                0x080020c8        0x2 out/tremo_it.o
                0x080020c8                MemManage_Handler
 .text.BusFault_Handler
                0x080020ca        0x2 out/tremo_it.o
                0x080020ca                BusFault_Handler
 .text.UsageFault_Handler
                0x080020cc        0x2 out/tremo_it.o
                0x080020cc                UsageFault_Handler
 .text.SVC_Handler
                0x080020ce        0x2 out/tremo_it.o
                0x080020ce                SVC_Handler
 .text.PendSV_Handler
                0x080020d0        0x2 out/tremo_it.o
                0x080020d0                PendSV_Handler
 .text.SysTick_Handler
                0x080020d2        0x2 out/tremo_it.o
                0x080020d2                SysTick_Handler
 .text.PWR_IRQHandler
                0x080020d4        0x2 out/tremo_it.o
                0x080020d4                PWR_IRQHandler
 .text.LORA_IRQHandler
                0x080020d6        0x4 out/tremo_it.o
                0x080020d6                LORA_IRQHandler
 .text.RTC_IRQHandler
                0x080020da        0x4 out/tremo_it.o
                0x080020da                RTC_IRQHandler
 .text.hex_char_to_nibble
                0x080020de       0x2c out/check_hexa_input.o
 .text.parse_strict_hex_bytes
                0x0800210a       0x5a out/check_hexa_input.o
                0x0800210a                parse_strict_hex_bytes
 .text.check_if_have_done_yet_in_that_section
                0x08002164       0x34 out/check_if_have_done_yet_in_that_section.o
                0x08002164                check_if_have_done_yet_in_that_section
 .text.parse_time_string
                0x08002198       0x4e out/interval_format.o
                0x08002198                parse_time_string
 .text.take_byte_from_flash
                0x080021e6       0x22 out/take_bytes_from_flash.o
                0x080021e6                take_byte_from_flash
 .text.flash_data_to_memory
                0x08002208       0x90 out/dealing_with_flash.o
                0x08002208                flash_data_to_memory
 .text.take_data_from_flash_memory
                0x08002298       0x1e out/dealing_with_flash.o
                0x08002298                take_data_from_flash_memory
 *fill*         0x080022b6        0x2 
 .text.rewritedata
                0x080022b8       0xd8 out/rewrite_data_to_flash.o
                0x080022b8                rewritedata
 .text.get_username_and_password
                0x08002390       0xc4 out/take_authentication_information_from_flash.o
                0x08002390                get_username_and_password
 .text.first_enter
                0x08002454       0xa0 out/authentication.o
                0x08002454                first_enter
 .text.username_enter
                0x080024f4       0xb4 out/authentication.o
                0x080024f4                username_enter
 .text.password_enter
                0x080025a8       0x90 out/authentication.o
                0x080025a8                password_enter
 .text.Authentication
                0x08002638       0xf4 out/authentication.o
                0x08002638                Authentication
 .text.testcase
                0x0800272c       0x2c out/configuration.o
                0x0800272c                testcase
 .text.Configuration
                0x08002758      0x2bc out/configuration.o
                0x08002758                Configuration
 .text.operate  0x08002a14       0x68 out/operation.o
                0x08002a14                operate
 .text.OnTxDone
                0x08002a7c       0x18 out/operation.o
                0x08002a7c                OnTxDone
 .text.OnRxDone
                0x08002a94        0xc out/operation.o
                0x08002a94                OnRxDone
 .text.OnTxTimeout
                0x08002aa0        0xc out/operation.o
                0x08002aa0                OnTxTimeout
 .text.OnRxTimeout
                0x08002aac       0x18 out/operation.o
                0x08002aac                OnRxTimeout
 .text.OnRxError
                0x08002ac4        0xc out/operation.o
                0x08002ac4                OnRxError
 .text.uart_init_config
                0x08002ad0       0x78 out/uart_receive.o
                0x08002ad0                uart_init_config
 .text.handle_uart_rx
                0x08002b48       0x70 out/uart_receive.o
                0x08002b48                handle_uart_rx
 .text.init_authentication_made
                0x08002bb8      0x164 out/authentication_assign.o
                0x08002bb8                init_authentication_made
 .text.node_id_set
                0x08002d1c       0xe0 out/configuration_funcs.o
                0x08002d1c                node_id_set
 .text.key_set1
                0x08002dfc       0x34 out/configuration_funcs.o
                0x08002dfc                key_set1
 .text.key_set2
                0x08002e30       0x34 out/configuration_funcs.o
                0x08002e30                key_set2
 .text.key_set3
                0x08002e64       0x34 out/configuration_funcs.o
                0x08002e64                key_set3
 .text.key_set4
                0x08002e98       0x4c out/configuration_funcs.o
                0x08002e98                key_set4
 .text.key_set_result
                0x08002ee4       0x7c out/configuration_funcs.o
                0x08002ee4                key_set_result
 .text.interval_set
                0x08002f60       0x8c out/configuration_funcs.o
                0x08002f60                interval_set
 .text.add_data_to_flash_memory
                0x08002fec       0x7c out/configuration_funcs.o
                0x08002fec                add_data_to_flash_memory
 .text.extract_uint16_to_2_bytes
                0x08003068       0x2c out/configuration_funcs.o
                0x08003068                extract_uint16_to_2_bytes
 .text.checkconfigdata
                0x08003094       0x2c out/configuration_funcs.o
                0x08003094                checkconfigdata
 .text.tx_power_set
                0x080030c0       0xa8 out/configuration_funcs.o
                0x080030c0                tx_power_set
 .text.threshold_set
                0x08003168       0x9c out/configuration_funcs.o
                0x08003168                threshold_set
 .text.frequency_set
                0x08003204       0xc0 out/configuration_funcs.o
                0x08003204                frequency_set
 .text.bandwidth_set
                0x080032c4       0xd4 out/configuration_funcs.o
                0x080032c4                bandwidth_set
 .text.spreading_factor_set
                0x08003398       0xcc out/configuration_funcs.o
                0x08003398                spreading_factor_set
 .text.codingrate_set
                0x08003464       0xb8 out/configuration_funcs.o
                0x08003464                codingrate_set
 .text.preamblelen_set
                0x0800351c      0x104 out/configuration_funcs.o
                0x0800351c                preamblelen_set
 .text.fixlen_set
                0x08003620       0x80 out/configuration_funcs.o
                0x08003620                fixlen_set
 .text.crcon_set
                0x080036a0       0x80 out/configuration_funcs.o
                0x080036a0                crcon_set
 .text.freqhopn_set
                0x08003720       0x80 out/configuration_funcs.o
                0x08003720                freqhopn_set
 .text.hopperiod_set
                0x080037a0       0xb4 out/configuration_funcs.o
                0x080037a0                hopperiod_set
 .text.iqinverted_set
                0x08003854       0x80 out/configuration_funcs.o
                0x08003854                iqinverted_set
 .text.tx_timeout_set
                0x080038d4      0x114 out/configuration_funcs.o
                0x080038d4                tx_timeout_set
 .text.take_data_from_sensor
                0x080039e8        0xe out/operation_funcs.o
                0x080039e8                take_data_from_sensor
 *fill*         0x080039f6        0x2 
 .text.config_lora_transmit
                0x080039f8      0x264 out/lora_get_config.o
                0x080039f8                config_lora_transmit
 .text.send_data_through_lora
                0x08003c5c       0x24 out/lora_send.o
                0x08003c5c                send_data_through_lora
 .text.get_param_from_flash
                0x08003c80       0xf4 out/lora_get_config_funcs.o
                0x08003c80                get_param_from_flash
 .text._out_null
                0x08003d74        0x2 out/printf-stdarg.o
 .text._out_rev
                0x08003d76       0x88 out/printf-stdarg.o
 .text._ntoa_format
                0x08003dfe      0x114 out/printf-stdarg.o
 .text._ntoa_long
                0x08003f12       0x84 out/printf-stdarg.o
 .text._ntoa_long_long
                0x08003f96       0xa0 out/printf-stdarg.o
 *fill*         0x08004036        0x2 
 .text._etoa    0x08004038      0x374 out/printf-stdarg.o
 *fill*         0x080043ac        0x4 
 .text._ftoa    0x080043b0      0x304 out/printf-stdarg.o
 .text._out_char
                0x080046b4       0x10 out/printf-stdarg.o
 .text._vsnprintf
                0x080046c4      0x518 out/printf-stdarg.o
 .text.__wrap_printf
                0x08004bdc       0x28 out/printf-stdarg.o
                0x08004bdc                __wrap_printf
 .text.nvic_init
                0x08004c04       0x24 out/system_cm4.o
                0x08004c04                nvic_init
 .text.system_init
                0x08004c28       0x44 out/system_cm4.o
                0x08004c28                system_init
 .text.delay_init
                0x08004c6c       0x48 out/tremo_delay.o
                0x08004c6c                delay_init
 .text.delay_us
                0x08004cb4       0x38 out/tremo_delay.o
                0x08004cb4                delay_us
 .text.delay_ms
                0x08004cec        0xa out/tremo_delay.o
                0x08004cec                delay_ms
 *fill*         0x08004cf6        0x2 
 .text.flash_erase_page
                0x08004cf8       0x64 out/tremo_flash.o
                0x08004cf8                flash_erase_page
 .text.flash_program_bytes
                0x08004d5c       0xb4 out/tremo_flash.o
                0x08004d5c                flash_program_bytes
 .text.gpio_init
                0x08004e10      0x120 out/tremo_gpio.o
                0x08004e10                gpio_init
 .text.gpio_set_iomux
                0x08004f30       0x44 out/tremo_gpio.o
                0x08004f30                gpio_set_iomux
 .text.pwr_xo32k_lpm_cmd
                0x08004f74       0x18 out/tremo_pwr.o
                0x08004f74                pwr_xo32k_lpm_cmd
 .text.rcc_get_clk_freq
                0x08004f8c       0x9c out/tremo_rcc.o
                0x08004f8c                rcc_get_clk_freq
 .text.rcc_get_uart0_clk_source
                0x08005028        0xc out/tremo_rcc.o
                0x08005028                rcc_get_uart0_clk_source
 .text.rcc_get_uart1_clk_source
                0x08005034        0xc out/tremo_rcc.o
                0x08005034                rcc_get_uart1_clk_source
 .text.rcc_get_uart2_clk_source
                0x08005040        0xc out/tremo_rcc.o
                0x08005040                rcc_get_uart2_clk_source
 .text.rcc_get_uart3_clk_source
                0x0800504c        0xc out/tremo_rcc.o
                0x0800504c                rcc_get_uart3_clk_source
 .text.rcc_get_rtc_clk_source
                0x08005058        0xc out/tremo_rcc.o
                0x08005058                rcc_get_rtc_clk_source
 .text.rcc_enable_peripheral_clk
                0x08005064      0x4b4 out/tremo_rcc.o
                0x08005064                rcc_enable_peripheral_clk
 .text.rcc_enable_oscillator
                0x08005518       0xfc out/tremo_rcc.o
                0x08005518                rcc_enable_oscillator
 .text.rcc_rst_peripheral
                0x08005614       0x4a out/tremo_rcc.o
                0x08005614                rcc_rst_peripheral
 .text.rtc_deinit
                0x0800565e       0x1e out/tremo_rtc.o
                0x0800565e                rtc_deinit
 .text.rtc_check_syn
                0x0800567c       0x14 out/tremo_rtc.o
                0x0800567c                rtc_check_syn
 .text.rtc_calendar_cmd
                0x08005690       0x20 out/tremo_rtc.o
                0x08005690                rtc_calendar_cmd
 .text.rtc_cyc_cmd
                0x080056b0       0x20 out/tremo_rtc.o
                0x080056b0                rtc_cyc_cmd
 .text.rtc_config_cyc_wakeup
                0x080056d0       0x24 out/tremo_rtc.o
                0x080056d0                rtc_config_cyc_wakeup
 .text.rtc_get_calendar
                0x080056f4       0xdc out/tremo_rtc.o
                0x080056f4                rtc_get_calendar
 .text.rtc_set_status
                0x080057d0       0x3c out/tremo_rtc.o
                0x080057d0                rtc_set_status
 .text.rtc_get_status
                0x0800580c       0x44 out/tremo_rtc.o
                0x0800580c                rtc_get_status
 .text.rtc_config_interrupt
                0x08005850       0x40 out/tremo_rtc.o
                0x08005850                rtc_config_interrupt
 .text.rtc_config_cyc_max
                0x08005890       0x14 out/tremo_rtc.o
                0x08005890                rtc_config_cyc_max
 .text.uart_get_flag_status
                0x080058a4        0xc out/tremo_uart.o
                0x080058a4                uart_get_flag_status
 .text.uart_send_data
                0x080058b0        0xa out/tremo_uart.o
                0x080058b0                uart_send_data
 .text.uart_receive_data
                0x080058ba        0xc out/tremo_uart.o
                0x080058ba                uart_receive_data
 .text.uart_config_interrupt
                0x080058c6       0x10 out/tremo_uart.o
                0x080058c6                uart_config_interrupt
 .text.uart_config_init
                0x080058d6       0x16 out/tremo_uart.o
                0x080058d6                uart_config_init
 .text.uart_cmd
                0x080058ec       0x12 out/tremo_uart.o
                0x080058ec                uart_cmd
 .text.uart_get_interrupt_status
                0x080058fe        0xc out/tremo_uart.o
                0x080058fe                uart_get_interrupt_status
 .text.uart_clear_interrupt
                0x0800590a        0x4 out/tremo_uart.o
                0x0800590a                uart_clear_interrupt
 *fill*         0x0800590e        0x2 
 .text.uart_init
                0x08005910      0x148 out/tremo_uart.o
                0x08005910                uart_init
 .text.DelayMs  0x08005a58        0x4 out/delay.o
                0x08005a58                DelayMs
 .text.TimeStampsUpdate
                0x08005a5c       0x2c out/timer.o
 .text.TimerInsertNewHeadTimer
                0x08005a88       0x1c out/timer.o
 .text.TimerInit
                0x08005aa4        0xe out/timer.o
                0x08005aa4                TimerInit
 *fill*         0x08005ab2        0x2 
 .text.TimerStart
                0x08005ab4       0x78 out/timer.o
                0x08005ab4                TimerStart
 .text.TimerIrqHandler
                0x08005b2c       0x68 out/timer.o
                0x08005b2c                TimerIrqHandler
 .text.TimerStop
                0x08005b94       0x60 out/timer.o
                0x08005b94                TimerStop
 .text.TimerSetValue
                0x08005bf4       0x10 out/timer.o
                0x08005bf4                TimerSetValue
 .text.TimerGetCurrentTime
                0x08005c04       0x18 out/timer.o
                0x08005c04                TimerGetCurrentTime
 .text.TimerGetElapsedTime
                0x08005c1c       0x12 out/timer.o
                0x08005c1c                TimerGetElapsedTime
 .text.RadioCheckRfFrequency
                0x08005c2e        0x4 out/radio.o
                0x08005c2e                RadioCheckRfFrequency
 *fill*         0x08005c32        0x2 
 .text.RadioOnTxTimeoutIrq
                0x08005c34       0x14 out/radio.o
                0x08005c34                RadioOnTxTimeoutIrq
 .text.RadioOnRxTimeoutIrq
                0x08005c48       0x14 out/radio.o
                0x08005c48                RadioOnRxTimeoutIrq
 .text.RadioStandby
                0x08005c5c        0x6 out/radio.o
                0x08005c5c                RadioStandby
 *fill*         0x08005c62        0x2 
 .text.RadioInit
                0x08005c64       0x6c out/radio.o
                0x08005c64                RadioInit
 .text.RadioGetStatus
                0x08005cd0       0x18 out/radio.o
                0x08005cd0                RadioGetStatus
 .text.RadioSetChannel
                0x08005ce8        0x4 out/radio.o
                0x08005ce8                RadioSetChannel
 .text.RadioRssi
                0x08005cec        0x8 out/radio.o
                0x08005cec                RadioRssi
 .text.RadioRead
                0x08005cf4        0x4 out/radio.o
                0x08005cf4                RadioRead
 .text.RadioWrite
                0x08005cf8        0x4 out/radio.o
                0x08005cf8                RadioWrite
 .text.RadioSend
                0x08005cfc       0x58 out/radio.o
                0x08005cfc                RadioSend
 .text.RadioSleep
                0x08005d54       0x14 out/radio.o
                0x08005d54                RadioSleep
 .text.RadioSetRxDutyCycle
                0x08005d68        0x4 out/radio.o
                0x08005d68                RadioSetRxDutyCycle
 .text.RadioStartCad
                0x08005d6c       0x6c out/radio.o
                0x08005d6c                RadioStartCad
 .text.RadioSetTxContinuousWave
                0x08005dd8       0x4c out/radio.o
                0x08005dd8                RadioSetTxContinuousWave
 .text.RadioWriteBuffer
                0x08005e24        0x4 out/radio.o
                0x08005e24                RadioWriteBuffer
 .text.RadioReadBuffer
                0x08005e28        0x4 out/radio.o
                0x08005e28                RadioReadBuffer
 .text.RadioGetWakeupTime
                0x08005e2c        0xa out/radio.o
                0x08005e2c                RadioGetWakeupTime
 *fill*         0x08005e36        0x2 
 .text.RadioOnCadTimeoutIrq
                0x08005e38       0x20 out/radio.o
                0x08005e38                RadioOnCadTimeoutIrq
 .text.RadioGetFskBandwidthRegValue
                0x08005e58       0x34 out/radio.o
 .text.RadioSetMaxPayloadLength
                0x08005e8c       0x30 out/radio.o
                0x08005e8c                RadioSetMaxPayloadLength
 .text.RadioRx  0x08005ebc       0x48 out/radio.o
                0x08005ebc                RadioRx
 .text.RadioRxBoosted
                0x08005f04       0x44 out/radio.o
                0x08005f04                RadioRxBoosted
 .text.RadioIrqProcess
                0x08005f48      0x178 out/radio.o
                0x08005f48                RadioIrqProcess
 .text.RadioSetPublicNetwork
                0x080060c0       0x40 out/radio.o
                0x080060c0                RadioSetPublicNetwork
 .text.RadioSetModem.part.0
                0x08006100       0x28 out/radio.o
 .text.RadioSetModem
                0x08006128       0x24 out/radio.o
                0x08006128                RadioSetModem
 .text.RadioIsChannelFree
                0x0800614c       0x4a out/radio.o
                0x0800614c                RadioIsChannelFree
 .text.RadioRandom
                0x08006196       0x38 out/radio.o
                0x08006196                RadioRandom
 *fill*         0x080061ce        0x2 
 .text.RadioSymbTime
                0x080061d0       0x2c out/radio.o
                0x080061d0                RadioSymbTime
 *fill*         0x080061fc        0x4 
 .text.RadioSetRxConfig
                0x08006200      0x228 out/radio.o
                0x08006200                RadioSetRxConfig
 .text.RadioSetTxConfig
                0x08006428      0x1a4 out/radio.o
                0x08006428                RadioSetTxConfig
 *fill*         0x080065cc        0x4 
 .text.RadioTimeOnAir
                0x080065d0      0x190 out/radio.o
                0x080065d0                RadioTimeOnAir
 .text.RadioOnDioIrq
                0x08006760       0x24 out/radio.o
                0x08006760                RadioOnDioIrq
 .text.SX126xGetOperatingMode
                0x08006784        0xc out/sx126x.o
                0x08006784                SX126xGetOperatingMode
 .text.SX126xSetOperatingMode
                0x08006790        0xc out/sx126x.o
                0x08006790                SX126xSetOperatingMode
 .text.SX126xCheckDeviceReady
                0x0800679c       0x38 out/sx126x.o
                0x0800679c                SX126xCheckDeviceReady
 .text.SX126xSetPayload
                0x080067d4        0xa out/sx126x.o
                0x080067d4                SX126xSetPayload
 .text.SX126xSetSyncWord
                0x080067de       0x12 out/sx126x.o
                0x080067de                SX126xSetSyncWord
 .text.SX126xSetCrcSeed
                0x080067f0       0x24 out/sx126x.o
                0x080067f0                SX126xSetCrcSeed
 .text.SX126xSetCrcPolynomial
                0x08006814       0x24 out/sx126x.o
                0x08006814                SX126xSetCrcPolynomial
 .text.SX126xSetWhiteningSeed
                0x08006838       0x38 out/sx126x.o
                0x08006838                SX126xSetWhiteningSeed
 .text.SX126xSetSleep
                0x08006870       0x24 out/sx126x.o
                0x08006870                SX126xSetSleep
 .text.SX126xSetStandby
                0x08006894       0x2c out/sx126x.o
                0x08006894                SX126xSetStandby
 .text.SX126xSetTx
                0x080068c0       0x2c out/sx126x.o
                0x080068c0                SX126xSetTx
 .text.SX126xSendPayload
                0x080068ec       0x12 out/sx126x.o
                0x080068ec                SX126xSendPayload
 *fill*         0x080068fe        0x2 
 .text.SX126xSetRx
                0x08006900       0x2c out/sx126x.o
                0x08006900                SX126xSetRx
 .text.SX126xSetRxBoosted
                0x0800692c       0x38 out/sx126x.o
                0x0800692c                SX126xSetRxBoosted
 .text.SX126xSetRxDutyCycle
                0x08006964       0x38 out/sx126x.o
                0x08006964                SX126xSetRxDutyCycle
 .text.SX126xSetCad
                0x0800699c       0x18 out/sx126x.o
                0x0800699c                SX126xSetCad
 .text.SX126xSetTxContinuousWave
                0x080069b4        0xa out/sx126x.o
                0x080069b4                SX126xSetTxContinuousWave
 .text.SX126xSetStopRxTimerOnPreambleDetect
                0x080069be       0x18 out/sx126x.o
                0x080069be                SX126xSetStopRxTimerOnPreambleDetect
 .text.SX126xSetLoRaSymbNumTimeout
                0x080069d6       0x18 out/sx126x.o
                0x080069d6                SX126xSetLoRaSymbNumTimeout
 .text.SX126xSetRegulatorMode
                0x080069ee       0x18 out/sx126x.o
                0x080069ee                SX126xSetRegulatorMode
 *fill*         0x08006a06        0x2 
 .text.SX126xCalibrateImage
                0x08006a08       0x64 out/sx126x.o
                0x08006a08                SX126xCalibrateImage
 .text.SX126xSetPaConfig
                0x08006a6c       0x24 out/sx126x.o
                0x08006a6c                SX126xSetPaConfig
 .text.SX126xSetDioIrqParams
                0x08006a90       0x2a out/sx126x.o
                0x08006a90                SX126xSetDioIrqParams
 .text.SX126xGetIrqStatus
                0x08006aba       0x1a out/sx126x.o
                0x08006aba                SX126xGetIrqStatus
 .text.SX126xSetDio2AsRfSwitchCtrl
                0x08006ad4       0x18 out/sx126x.o
                0x08006ad4                SX126xSetDio2AsRfSwitchCtrl
 .text.SX126xInit
                0x08006aec       0x28 out/sx126x.o
                0x08006aec                SX126xInit
 *fill*         0x08006b14        0x4 
 .text.SX126xSetRfFrequency
                0x08006b18       0x4c out/sx126x.o
                0x08006b18                SX126xSetRfFrequency
 .text.SX126xSetPacketType
                0x08006b64       0x20 out/sx126x.o
                0x08006b64                SX126xSetPacketType
 .text.SX126xGetPacketType
                0x08006b84        0xc out/sx126x.o
                0x08006b84                SX126xGetPacketType
 .text.SX126xSetTxParams
                0x08006b90       0xbc out/sx126x.o
                0x08006b90                SX126xSetTxParams
 *fill*         0x08006c4c        0x4 
 .text.SX126xSetModulationParams
                0x08006c50       0xb0 out/sx126x.o
                0x08006c50                SX126xSetModulationParams
 .text.SX126xSetPacketParams
                0x08006d00       0xa4 out/sx126x.o
                0x08006d00                SX126xSetPacketParams
 .text.SX126xSetCadParams
                0x08006da4       0x3c out/sx126x.o
                0x08006da4                SX126xSetCadParams
 .text.SX126xSetBufferBaseAddress
                0x08006de0       0x1a out/sx126x.o
                0x08006de0                SX126xSetBufferBaseAddress
 .text.SX126xGetRssiInst
                0x08006dfa       0x1a out/sx126x.o
                0x08006dfa                SX126xGetRssiInst
 .text.SX126xGetRxBufferStatus
                0x08006e14       0x48 out/sx126x.o
                0x08006e14                SX126xGetRxBufferStatus
 .text.SX126xGetPayload
                0x08006e5c       0x2c out/sx126x.o
                0x08006e5c                SX126xGetPayload
 .text.SX126xGetPacketStatus
                0x08006e88       0x80 out/sx126x.o
                0x08006e88                SX126xGetPacketStatus
 .text.SX126xClearIrqStatus
                0x08006f08       0x18 out/sx126x.o
                0x08006f08                SX126xClearIrqStatus
 .text.RtcInit  0x08006f20       0x30 out/rtc-board.o
                0x08006f20                RtcInit
 .text.RtcSetTimeout
                0x08006f50       0x8c out/rtc-board.o
                0x08006f50                RtcSetTimeout
 .text.RtcStopTimeout
                0x08006fdc       0x14 out/rtc-board.o
                0x08006fdc                RtcStopTimeout
 .text.RtcGetTimerContext
                0x08006ff0        0xc out/rtc-board.o
                0x08006ff0                RtcGetTimerContext
 .text.RtcGetTimerValue
                0x08006ffc      0x118 out/rtc-board.o
                0x08006ffc                RtcGetTimerValue
 .text.RtcSetTimerContext
                0x08007114       0x18 out/rtc-board.o
                0x08007114                RtcSetTimerContext
 .text.RtcGetElapsedTime
                0x0800712c       0x18 out/rtc-board.o
                0x0800712c                RtcGetElapsedTime
 .text.RtcOnIrq
                0x08007144       0x32 out/rtc-board.o
                0x08007144                RtcOnIrq
 .text.BoardDisableIrq
                0x08007176        0x4 out/sx1262-board.o
                0x08007176                BoardDisableIrq
 .text.BoardEnableIrq
                0x0800717a        0x4 out/sx1262-board.o
                0x0800717a                BoardEnableIrq
 *fill*         0x0800717e        0x2 
 .text.SpiInOut
                0x08007180       0x18 out/sx1262-board.o
                0x08007180                SpiInOut
 .text.SX126xLoracInit
                0x08007198       0x5c out/sx1262-board.o
                0x08007198                SX126xLoracInit
 .text.SX126xGetBoardTcxoWakeupTime
                0x080071f4        0x4 out/sx1262-board.o
                0x080071f4                SX126xGetBoardTcxoWakeupTime
 .text.SX126xReset
                0x080071f8       0x54 out/sx1262-board.o
                0x080071f8                SX126xReset
 .text.SX126xWaitOnBusy
                0x0800724c       0x18 out/sx1262-board.o
                0x0800724c                SX126xWaitOnBusy
 .text.SX126xWakeup
                0x08007264       0x30 out/sx1262-board.o
                0x08007264                SX126xWakeup
 .text.SX126xWriteCommand
                0x08007294       0x44 out/sx1262-board.o
                0x08007294                SX126xWriteCommand
 .text.SX126xReadCommand
                0x080072d8       0x44 out/sx1262-board.o
                0x080072d8                SX126xReadCommand
 .text.SX126xWriteRegisters
                0x0800731c       0x48 out/sx1262-board.o
                0x0800731c                SX126xWriteRegisters
 .text.SX126xWriteRegister
                0x08007364       0x16 out/sx1262-board.o
                0x08007364                SX126xWriteRegister
 *fill*         0x0800737a        0x2 
 .text.SX126xReadRegisters
                0x0800737c       0x50 out/sx1262-board.o
                0x0800737c                SX126xReadRegisters
 .text.SX126xReadRegister
                0x080073cc       0x16 out/sx1262-board.o
                0x080073cc                SX126xReadRegister
 *fill*         0x080073e2        0x2 
 .text.SX126xWriteBuffer
                0x080073e4       0x44 out/sx1262-board.o
                0x080073e4                SX126xWriteBuffer
 .text.SX126xReadBuffer
                0x08007428       0x4c out/sx1262-board.o
                0x08007428                SX126xReadBuffer
 .text.SX126xSetRfTxPower
                0x08007474        0x6 out/sx1262-board.o
                0x08007474                SX126xSetRfTxPower
 .text.SX126xGetPaSelect
                0x0800747a        0x4 out/sx1262-board.o
                0x0800747a                SX126xGetPaSelect
 *fill*         0x0800747e        0x2 
 .text.SX126xAntSwOn
                0x08007480       0x10 out/sx1262-board.o
                0x08007480                SX126xAntSwOn
 .text.SX126xAntSwOff
                0x08007490       0x10 out/sx1262-board.o
                0x08007490                SX126xAntSwOff
 .text.rand1    0x080074a0       0x28 out/utilities.o
                0x080074a0                rand1
 .text.Reset_Handler
                0x080074c8       0x48 out/startup_cm4.o
                0x080074c8                Reset_Handler
 .text.Default_Handler
                0x08007510        0x2 out/startup_cm4.o
                0x08007510                GPIO_IRQHandler
                0x08007510                SCC_IRQHandler
                0x08007510                TIMER2_IRQHandler
                0x08007510                EFC_IRQHandler
                0x08007510                I2C0_IRQHandler
                0x08007510                SAC_IRQHandler
                0x08007510                I2C1_IRQHandler
                0x08007510                UART1_IRQHandler
                0x08007510                BSTIMER0_IRQHandler
                0x08007510                TIMER3_IRQHandler
                0x08007510                UART0_IRQHandler
                0x08007510                SEC_IRQHandler
                0x08007510                WDG_IRQHandler
                0x08007510                LPTIMER1_IRQHandler
                0x08007510                LPTIMER0_IRQHandler
                0x08007510                SSP0_IRQHandler
                0x08007510                I2S_IRQHandler
                0x08007510                I2C2_IRQHandler
                0x08007510                TIMER0_IRQHandler
                0x08007510                LCD_IRQHandler
                0x08007510                LPUART_IRQHandler
                0x08007510                TIMER1_IRQHandler
                0x08007510                UART2_IRQHandler
                0x08007510                Default_Handler
                0x08007510                ADC_IRQHandler
                0x08007510                SSP1_IRQHandler
                0x08007510                DMA0_IRQHandler
                0x08007510                IWDG_IRQHandler
                0x08007510                SSP2_IRQHandler
                0x08007510                BSTIMER1_IRQHandler
                0x08007510                DAC_IRQHandler
                0x08007510                AFEC_IRQHandler
                0x08007510                UART3_IRQHandler
                0x08007510                QSPI_IRQHandler
                0x08007510                DMA1_IRQHandler
 *fill*         0x08007512        0x2 
 .text.startup  0x08007514       0x14 /usr/lib/gcc/arm-none-eabi/13.2.1/../../../arm-none-eabi/lib/thumb/v7e-m/nofp/libc.a(libc_a-__call_atexit.o)
 *(.glue_7)
 .glue_7        0x08007528        0x0 linker stubs
 *(.glue_7t)
 .glue_7t       0x08007528        0x0 linker stubs
 *(.eh_frame)
 .eh_frame      0x08007528        0x0 /usr/lib/gcc/arm-none-eabi/13.2.1/thumb/v7e-m/nofp/crtbegin.o
 *(.init)
 .init          0x08007528        0x4 /usr/lib/gcc/arm-none-eabi/13.2.1/thumb/v7e-m/nofp/crti.o
                0x08007528                _init
 .init          0x0800752c        0x8 /usr/lib/gcc/arm-none-eabi/13.2.1/thumb/v7e-m/nofp/crtn.o
 *(.fini)
 .fini          0x08007534        0x4 /usr/lib/gcc/arm-none-eabi/13.2.1/thumb/v7e-m/nofp/crti.o
                0x08007534                _fini
 .fini          0x08007538        0x8 /usr/lib/gcc/arm-none-eabi/13.2.1/thumb/v7e-m/nofp/crtn.o
                0x08007540                        . = ALIGN (0x4)
                0x08007540                        _etext = .

.vfp11_veneer   0x08007540        0x0
 .vfp11_veneer  0x08007540        0x0 linker stubs

.v4_bx          0x08007540        0x0
 .v4_bx         0x08007540        0x0 linker stubs

.iplt           0x08007540        0x0
 .iplt          0x08007540        0x0 /usr/lib/gcc/arm-none-eabi/13.2.1/thumb/v7e-m/nofp/crtbegin.o

.rodata         0x08007540     0x1324
                0x08007540                        . = ALIGN (0x4)
 *(.rodata)
 .rodata        0x08007540        0x2 out/authentication.o
 *fill*         0x08007542        0x2 
 .rodata        0x08007544       0x50 out/configuration_funcs.o
 .rodata        0x08007594       0x50 out/lora_get_config_funcs.o
 *fill*         0x080075e4        0x4 
 .rodata        0x080075e8       0x50 out/printf-stdarg.o
 .rodata        0x08007638        0xc out/tremo_uart.o
 *fill*         0x08007644        0x4 
 .rodata        0x08007648      0x188 out/radio.o
                0x08007648                FskBandwidths
                0x08007758                Bandwidths
                0x08007764                Radio
 .rodata        0x080077d0       0x18 out/rtc-board.o
 .rodata        0x080077e8      0x101 /usr/lib/gcc/arm-none-eabi/13.2.1/../../../arm-none-eabi/lib/thumb/v7e-m/nofp/libc.a(libc_a-ctype_.o)
                0x080077e8                _ctype_
 *fill*         0x080078e9        0x7 
 .rodata        0x080078f0       0x10 /usr/lib/gcc/arm-none-eabi/13.2.1/../../../arm-none-eabi/lib/thumb/v7e-m/nofp/libm.a(libm_a-s_rint.o)
 *(.rodata*)
 .rodata.str1.1
                0x08007900      0xf62 out/pingpong.o
                                 0xbe (size before relaxing)
 .rodata.str1.1
                0x08008862       0xbf out/dealing_with_flash.o
 .rodata.str1.1
                0x08008862       0x4b out/rewrite_data_to_flash.o
 .rodata.str1.1
                0x08008862       0x88 out/take_authentication_information_from_flash.o
 .rodata.str1.1
                0x08008862      0x22f out/authentication.o
 .rodata.str1.1
                0x08008862      0x127 out/configuration.o
 .rodata.str1.1
                0x08008862       0x66 out/operation.o
 .rodata.str1.1
                0x08008862       0x10 out/uart_receive.o
 .rodata.str1.1
                0x08008862       0xed out/authentication_assign.o
 .rodata.str1.1
                0x08008862      0x597 out/configuration_funcs.o
 .rodata.str1.1
                0x08008862      0x286 out/lora_get_config.o
 .rodata.str1.1
                0x08008862       0x1e out/lora_send.o
 .rodata.str1.1
                0x08008862       0x53 out/lora_get_config_funcs.o
 .rodata.str1.1
                0x08008862       0x19 out/printf-stdarg.o
                0x08008dfc                        . = ALIGN (0x4)
 *fill*         0x08008862        0x2 

.ARM.extab
 *(.ARM.extab* .gnu.linkonce.armextab.*)

.ARM            0x08008864        0x8
                0x08008864                        __exidx_start = .
 *(.ARM.exidx*)
 .ARM.exidx     0x08008864        0x8 /usr/lib/gcc/arm-none-eabi/13.2.1/thumb/v7e-m/nofp/libgcc.a(_udivmoddi4.o)
 .ARM.exidx     0x0800886c        0x0 /usr/lib/gcc/arm-none-eabi/13.2.1/../../../arm-none-eabi/lib/thumb/v7e-m/nofp/libc.a(libc_a-memcpy.o)
                                  0x8 (size before relaxing)
                0x0800886c                        __exidx_end = .

.rel.dyn        0x0800886c        0x0
 .rel.iplt      0x0800886c        0x0 /usr/lib/gcc/arm-none-eabi/13.2.1/thumb/v7e-m/nofp/crtbegin.o

.preinit_array  0x0800886c        0x0
                0x0800886c                        PROVIDE (__preinit_array_start = .)
 *(.preinit_array*)
                0x0800886c                        PROVIDE (__preinit_array_end = .)

.init_array     0x0800886c        0x8
                0x0800886c                        PROVIDE (__init_array_start = .)
 *(SORT_BY_NAME(.init_array.*))
 .init_array.00000
                0x0800886c        0x4 /usr/lib/gcc/arm-none-eabi/13.2.1/../../../arm-none-eabi/lib/thumb/v7e-m/nofp/libc.a(libc_a-__call_atexit.o)
 *(.init_array*)
 .init_array    0x08008870        0x4 /usr/lib/gcc/arm-none-eabi/13.2.1/thumb/v7e-m/nofp/crtbegin.o
                0x08008874                        PROVIDE (__init_array_end = .)

.fini_array     0x08008874        0x4
                0x08008874                        PROVIDE (__fini_array_start = .)
 *(SORT_BY_NAME(.fini_array.*))
 *(.fini_array*)
 .fini_array    0x08008874        0x4 /usr/lib/gcc/arm-none-eabi/13.2.1/thumb/v7e-m/nofp/crtbegin.o
                0x08008878                        PROVIDE (__fini_array_end = .)
                0x08008878                        _sidata = LOADADDR (.data)

.data           0x20000000      0x548 load address 0x08008878
                0x20000000                        . = ALIGN (0x4)
                0x20000000                        _sdata = .
 *(.data)
 .data          0x20000000        0x4 out/custom_sbrk.o
 .data          0x20000004        0x1 out/radio.o
                0x20000004                MaxPayloadLength
 *fill*         0x20000005        0x3 
 .data          0x20000008        0x4 out/utilities.o
 *fill*         0x2000000c        0x4 
 .data          0x20000010      0x128 /usr/lib/gcc/arm-none-eabi/13.2.1/../../../arm-none-eabi/lib/thumb/v7e-m/nofp/libc.a(libc_a-impure.o)
                0x20000010                _impure_ptr
                0x20000018                _impure_data
 .data          0x20000138      0x410 /usr/lib/gcc/arm-none-eabi/13.2.1/../../../arm-none-eabi/lib/thumb/v7e-m/nofp/libc.a(libc_a-mallocr.o)
                0x20000138                __malloc_av_
                0x20000540                __malloc_sbrk_base
                0x20000544                __malloc_trim_threshold
 *(.data*)
                0x20000548                        . = ALIGN (0x4)
                0x20000548                        _edata = .

.tm_clone_table
                0x20000548        0x0 load address 0x08008dc0
 .tm_clone_table
                0x20000548        0x0 /usr/lib/gcc/arm-none-eabi/13.2.1/thumb/v7e-m/nofp/crtbegin.o
 .tm_clone_table
                0x20000548        0x0 /usr/lib/gcc/arm-none-eabi/13.2.1/thumb/v7e-m/nofp/crtend.o

.igot.plt       0x20000548        0x0 load address 0x08008dc0
 .igot.plt      0x20000548        0x0 /usr/lib/gcc/arm-none-eabi/13.2.1/thumb/v7e-m/nofp/crtbegin.o
                0x20000548                        . = ALIGN (0x4)

.bss            0x20000548      0x538 load address 0x08008dc0
                0x20000548                        _sbss = .
                0x20000548                        __bss_start__ = _sbss
 *(.bss)
 .bss           0x20000548       0x1c /usr/lib/gcc/arm-none-eabi/13.2.1/thumb/v7e-m/nofp/crtbegin.o
 .bss           0x20000564        0x8 out/configuration.o
 .bss           0x2000056c        0x1 out/operation.o
                0x2000056c                operation_state
 *fill*         0x2000056d        0x3 
 .bss           0x20000570       0x1c out/lora_get_config.o
 .bss           0x2000058c        0x1 out/tremo_delay.o
 *fill*         0x2000058d        0x3 
 .bss           0x20000590       0x11 out/timer.o
                0x200005a0                HasLoopedThroughMain
 *fill*         0x200005a1        0x3 
 .bss           0x200005a4      0x1a6 out/radio.o
                0x200005a8                TxTimeoutTimer
                0x200005bc                RxTimeoutTimer
                0x200005d0                CadTimeoutTimer
                0x200005e4                IrqFired
                0x200005e8                SX126x
                0x20000624                TxTimeout
                0x20000628                RxContinuous
                0x2000062c                RxTimeout
                0x20000630                irqRegs
                0x20000632                RadioRxPayload
                0x20000734                RadioPktStatus
 *fill*         0x2000074a        0x2 
 .bss           0x2000074c        0x8 out/sx126x.o
                0x20000750                FrequencyError
 *fill*         0x20000754        0x4 
 .bss           0x20000758       0x1d out/rtc-board.o
                0x2000075c                RtcCalendarContext
                0x20000768                RtcTimerContext
                0x20000770                McuWakeUpTime
                0x20000774                NonScheduledWakeUp
 .bss           0x20000775        0x1 out/sx1262-board.o
                0x20000775                gPaOptSetting
 *fill*         0x20000776        0x2 
 .bss           0x20000778       0x34 /usr/lib/gcc/arm-none-eabi/13.2.1/../../../arm-none-eabi/lib/thumb/v7e-m/nofp/libc.a(libc_a-mallocr.o)
                0x20000778                __malloc_top_pad
                0x2000077c                __malloc_current_mallinfo
                0x200007a4                __malloc_max_sbrked_mem
                0x200007a8                __malloc_max_total_mem
 .bss           0x200007ac        0x4 /usr/lib/gcc/arm-none-eabi/13.2.1/../../../arm-none-eabi/lib/thumb/v7e-m/nofp/libc.a(libc_a-__call_atexit.o)
                0x200007ac                __atexit
 .bss           0x200007b0      0x190 /usr/lib/gcc/arm-none-eabi/13.2.1/../../../arm-none-eabi/lib/thumb/v7e-m/nofp/libc.a(libc_a-__atexit.o)
                0x200007b0                __atexit0
 .bss           0x20000940      0x13c /usr/lib/gcc/arm-none-eabi/13.2.1/../../../arm-none-eabi/lib/thumb/v7e-m/nofp/libc.a(libc_a-findfp.o)
                0x20000940                __sf
                0x20000a78                __stdio_exit_handler
 .bss           0x20000a7c        0x4 /usr/lib/gcc/arm-none-eabi/13.2.1/../../../arm-none-eabi/lib/thumb/v7e-m/nofp/libc.a(libc_a-reent.o)
                0x20000a7c                errno
 *(.bss*)
 *(COMMON)
                0x20000a80                        . = ALIGN (0x4)
                0x20000a80                        _ebss = .
                0x20000a80                        __bss_end__ = _ebss

.heap           0x20000a80        0x0 load address 0x08008dc0
                0x20000a80                        . = ALIGN (0x4)
                0x20000a80                        _heap_bottom = .
                0x20000a80                        end = _heap_bottom
                0x20000a80                        _end = end
                0x20000a80                        __end = end
                0x20000a80                        . = (. + _HEAP_SIZE)
                0x20000a80                        _heap_top = .

.stack          0x20000a80     0x1000 load address 0x08008dc0
                0x20000a80                        . = ALIGN (0x4)
                0x20000a80                        _stack_bottom = .
                0x20001a80                        . = (. + _STACK_SIZE)
 *fill*         0x20000a80     0x1000 
                0x20001a80                        _stack_top = .

/DISCARD/
 libc.a(*)
 libm.a(*)
 libgcc.a(*)

.ARM.attributes
                0x00000000       0x2e
 *(.ARM.attributes)
 .ARM.attributes
                0x00000000       0x1e /usr/lib/gcc/arm-none-eabi/13.2.1/thumb/v7e-m/nofp/crti.o
 .ARM.attributes
                0x0000001e       0x2e /usr/lib/gcc/arm-none-eabi/13.2.1/thumb/v7e-m/nofp/crtbegin.o
 .ARM.attributes
                0x0000004c       0x32 out/custom_sbrk.o
 .ARM.attributes
                0x0000007e       0x32 out/main.o
 .ARM.attributes
                0x000000b0       0x32 out/pingpong.o
 .ARM.attributes
                0x000000e2       0x32 out/tremo_it.o
 .ARM.attributes
                0x00000114       0x32 out/check_hexa_input.o
 .ARM.attributes
                0x00000146       0x32 out/check_if_have_done_yet_in_that_section.o
 .ARM.attributes
                0x00000178       0x32 out/interval_format.o
 .ARM.attributes
                0x000001aa       0x32 out/take_bytes_from_flash.o
 .ARM.attributes
                0x000001dc       0x32 out/dealing_with_flash.o
 .ARM.attributes
                0x0000020e       0x32 out/rewrite_data_to_flash.o
 .ARM.attributes
                0x00000240       0x32 out/take_authentication_information_from_flash.o
 .ARM.attributes
                0x00000272       0x32 out/authentication.o
 .ARM.attributes
                0x000002a4       0x32 out/configuration.o
 .ARM.attributes
                0x000002d6       0x32 out/operation.o
 .ARM.attributes
                0x00000308       0x32 out/uart_receive.o
 .ARM.attributes
                0x0000033a       0x32 out/authentication_assign.o
 .ARM.attributes
                0x0000036c       0x32 out/configuration_funcs.o
 .ARM.attributes
                0x0000039e       0x32 out/operation_funcs.o
 .ARM.attributes
                0x000003d0       0x32 out/lora_get_config.o
 .ARM.attributes
                0x00000402       0x32 out/lora_send.o
 .ARM.attributes
                0x00000434       0x32 out/lora_get_config_funcs.o
 .ARM.attributes
                0x00000466       0x32 out/printf-stdarg.o
 .ARM.attributes
                0x00000498       0x32 out/system_cm4.o
 .ARM.attributes
                0x000004ca       0x32 out/tremo_delay.o
 .ARM.attributes
                0x000004fc       0x32 out/tremo_flash.o
 .ARM.attributes
                0x0000052e       0x32 out/tremo_gpio.o
 .ARM.attributes
                0x00000560       0x32 out/tremo_pwr.o
 .ARM.attributes
                0x00000592       0x32 out/tremo_rcc.o
 .ARM.attributes
                0x000005c4       0x32 out/tremo_rtc.o
 .ARM.attributes
                0x000005f6       0x32 out/tremo_uart.o
 .ARM.attributes
                0x00000628       0x32 out/delay.o
 .ARM.attributes
                0x0000065a       0x32 out/timer.o
 .ARM.attributes
                0x0000068c       0x32 out/radio.o
 .ARM.attributes
                0x000006be       0x32 out/sx126x.o
 .ARM.attributes
                0x000006f0       0x32 out/rtc-board.o
 .ARM.attributes
                0x00000722       0x32 out/sx1262-board.o
 .ARM.attributes
                0x00000754       0x32 out/utilities.o
 .ARM.attributes
                0x00000786       0x21 out/startup_cm4.o
 .ARM.attributes
                0x000007a7       0x1e /usr/lib/gcc/arm-none-eabi/13.2.1/thumb/v7e-m/nofp/libgcc.a(_arm_addsubdf3.o)
 .ARM.attributes
                0x000007c5       0x1e /usr/lib/gcc/arm-none-eabi/13.2.1/thumb/v7e-m/nofp/libgcc.a(_arm_muldivdf3.o)
 .ARM.attributes
                0x000007e3       0x1e /usr/lib/gcc/arm-none-eabi/13.2.1/thumb/v7e-m/nofp/libgcc.a(_arm_cmpdf2.o)
 .ARM.attributes
                0x00000801       0x1e /usr/lib/gcc/arm-none-eabi/13.2.1/thumb/v7e-m/nofp/libgcc.a(_arm_fixdfsi.o)
 .ARM.attributes
                0x0000081f       0x1e /usr/lib/gcc/arm-none-eabi/13.2.1/thumb/v7e-m/nofp/libgcc.a(_arm_fixunsdfsi.o)
 .ARM.attributes
                0x0000083d       0x1e /usr/lib/gcc/arm-none-eabi/13.2.1/thumb/v7e-m/nofp/libgcc.a(_aeabi_uldivmod.o)
 .ARM.attributes
                0x0000085b       0x2e /usr/lib/gcc/arm-none-eabi/13.2.1/thumb/v7e-m/nofp/libgcc.a(_fixunsdfdi.o)
 .ARM.attributes
                0x00000889       0x2e /usr/lib/gcc/arm-none-eabi/13.2.1/thumb/v7e-m/nofp/libgcc.a(_udivmoddi4.o)
 .ARM.attributes
                0x000008b7       0x1e /usr/lib/gcc/arm-none-eabi/13.2.1/thumb/v7e-m/nofp/libgcc.a(_dvmd_tls.o)
 .ARM.attributes
                0x000008d5       0x2e /usr/lib/gcc/arm-none-eabi/13.2.1/../../../arm-none-eabi/lib/thumb/v7e-m/nofp/libc.a(libc_a-memset.o)
 .ARM.attributes
                0x00000903       0x2e /usr/lib/gcc/arm-none-eabi/13.2.1/../../../arm-none-eabi/lib/thumb/v7e-m/nofp/libc.a(libc_a-strncmp.o)
 .ARM.attributes
                0x00000931       0x2e /usr/lib/gcc/arm-none-eabi/13.2.1/../../../arm-none-eabi/lib/thumb/v7e-m/nofp/libc.a(libc_a-atoi.o)
 .ARM.attributes
                0x0000095f       0x2e /usr/lib/gcc/arm-none-eabi/13.2.1/../../../arm-none-eabi/lib/thumb/v7e-m/nofp/libc.a(libc_a-strtol.o)
 .ARM.attributes
                0x0000098d       0x2e /usr/lib/gcc/arm-none-eabi/13.2.1/../../../arm-none-eabi/lib/thumb/v7e-m/nofp/libc.a(libc_a-malloc.o)
 .ARM.attributes
                0x000009bb       0x1c /usr/lib/gcc/arm-none-eabi/13.2.1/../../../arm-none-eabi/lib/thumb/v7e-m/nofp/libc.a(libc_a-memcpy.o)
 .ARM.attributes
                0x000009d7       0x2e /usr/lib/gcc/arm-none-eabi/13.2.1/../../../arm-none-eabi/lib/thumb/v7e-m/nofp/libc.a(libc_a-init.o)
 .ARM.attributes
                0x00000a05       0x2e /usr/lib/gcc/arm-none-eabi/13.2.1/../../../arm-none-eabi/lib/thumb/v7e-m/nofp/libc.a(libc_a-ctype_.o)
 .ARM.attributes
                0x00000a33       0x2e /usr/lib/gcc/arm-none-eabi/13.2.1/../../../arm-none-eabi/lib/thumb/v7e-m/nofp/libc.a(libc_a-atexit.o)
 .ARM.attributes
                0x00000a61       0x2e /usr/lib/gcc/arm-none-eabi/13.2.1/../../../arm-none-eabi/lib/thumb/v7e-m/nofp/libc.a(libc_a-fini.o)
 .ARM.attributes
                0x00000a8f       0x2e /usr/lib/gcc/arm-none-eabi/13.2.1/../../../arm-none-eabi/lib/thumb/v7e-m/nofp/libc.a(libc_a-errno.o)
 .ARM.attributes
                0x00000abd       0x2e /usr/lib/gcc/arm-none-eabi/13.2.1/../../../arm-none-eabi/lib/thumb/v7e-m/nofp/libc.a(libc_a-impure.o)
 .ARM.attributes
                0x00000aeb       0x2e /usr/lib/gcc/arm-none-eabi/13.2.1/../../../arm-none-eabi/lib/thumb/v7e-m/nofp/libc.a(libc_a-mallocr.o)
 .ARM.attributes
                0x00000b19       0x2e /usr/lib/gcc/arm-none-eabi/13.2.1/../../../arm-none-eabi/lib/thumb/v7e-m/nofp/libc.a(libc_a-freer.o)
 .ARM.attributes
                0x00000b47       0x2e /usr/lib/gcc/arm-none-eabi/13.2.1/../../../arm-none-eabi/lib/thumb/v7e-m/nofp/libc.a(libc_a-__call_atexit.o)
 .ARM.attributes
                0x00000b75       0x2e /usr/lib/gcc/arm-none-eabi/13.2.1/../../../arm-none-eabi/lib/thumb/v7e-m/nofp/libc.a(libc_a-sysconf.o)
 .ARM.attributes
                0x00000ba3       0x2e /usr/lib/gcc/arm-none-eabi/13.2.1/../../../arm-none-eabi/lib/thumb/v7e-m/nofp/libc.a(libc_a-__atexit.o)
 .ARM.attributes
                0x00000bd1       0x2e /usr/lib/gcc/arm-none-eabi/13.2.1/../../../arm-none-eabi/lib/thumb/v7e-m/nofp/libc.a(libc_a-mlock.o)
 .ARM.attributes
                0x00000bff       0x2e /usr/lib/gcc/arm-none-eabi/13.2.1/../../../arm-none-eabi/lib/thumb/v7e-m/nofp/libc.a(libc_a-findfp.o)
 .ARM.attributes
                0x00000c2d       0x2e /usr/lib/gcc/arm-none-eabi/13.2.1/../../../arm-none-eabi/lib/thumb/v7e-m/nofp/libc.a(libc_a-sbrkr.o)
 .ARM.attributes
                0x00000c5b       0x2e /usr/lib/gcc/arm-none-eabi/13.2.1/../../../arm-none-eabi/lib/thumb/v7e-m/nofp/libc.a(libc_a-reent.o)
 .ARM.attributes
                0x00000c89       0x2e /usr/lib/gcc/arm-none-eabi/13.2.1/thumb/v7e-m/nofp/crtend.o
 .ARM.attributes
                0x00000cb7       0x1e /usr/lib/gcc/arm-none-eabi/13.2.1/thumb/v7e-m/nofp/crtn.o
OUTPUT(out/node_lora.elf elf32-littlearm)
LOAD linker stubs
LOAD /usr/lib/gcc/arm-none-eabi/13.2.1/../../../arm-none-eabi/lib/thumb/v7e-m/nofp/libc.a
LOAD /usr/lib/gcc/arm-none-eabi/13.2.1/../../../arm-none-eabi/lib/thumb/v7e-m/nofp/libm.a
LOAD /usr/lib/gcc/arm-none-eabi/13.2.1/thumb/v7e-m/nofp/libgcc.a

.comment        0x00000000       0x26
 .comment       0x00000000       0x26 /usr/lib/gcc/arm-none-eabi/13.2.1/thumb/v7e-m/nofp/crtbegin.o
                                 0x27 (size before relaxing)
 .comment       0x00000026       0x27 out/custom_sbrk.o
 .comment       0x00000026       0x27 out/main.o
 .comment       0x00000026       0x27 out/pingpong.o
 .comment       0x00000026       0x27 out/tremo_it.o
 .comment       0x00000026       0x27 out/check_hexa_input.o
 .comment       0x00000026       0x27 out/check_if_have_done_yet_in_that_section.o
 .comment       0x00000026       0x27 out/interval_format.o
 .comment       0x00000026       0x27 out/take_bytes_from_flash.o
 .comment       0x00000026       0x27 out/dealing_with_flash.o
 .comment       0x00000026       0x27 out/rewrite_data_to_flash.o
 .comment       0x00000026       0x27 out/take_authentication_information_from_flash.o
 .comment       0x00000026       0x27 out/authentication.o
 .comment       0x00000026       0x27 out/configuration.o
 .comment       0x00000026       0x27 out/operation.o
 .comment       0x00000026       0x27 out/uart_receive.o
 .comment       0x00000026       0x27 out/authentication_assign.o
 .comment       0x00000026       0x27 out/configuration_funcs.o
 .comment       0x00000026       0x27 out/operation_funcs.o
 .comment       0x00000026       0x27 out/lora_get_config.o
 .comment       0x00000026       0x27 out/lora_send.o
 .comment       0x00000026       0x27 out/lora_get_config_funcs.o
 .comment       0x00000026       0x27 out/printf-stdarg.o
 .comment       0x00000026       0x27 out/system_cm4.o
 .comment       0x00000026       0x27 out/tremo_delay.o
 .comment       0x00000026       0x27 out/tremo_flash.o
 .comment       0x00000026       0x27 out/tremo_gpio.o
 .comment       0x00000026       0x27 out/tremo_pwr.o
 .comment       0x00000026       0x27 out/tremo_rcc.o
 .comment       0x00000026       0x27 out/tremo_rtc.o
 .comment       0x00000026       0x27 out/tremo_uart.o
 .comment       0x00000026       0x27 out/delay.o
 .comment       0x00000026       0x27 out/timer.o
 .comment       0x00000026       0x27 out/radio.o
 .comment       0x00000026       0x27 out/sx126x.o
 .comment       0x00000026       0x27 out/rtc-board.o
 .comment       0x00000026       0x27 out/sx1262-board.o
 .comment       0x00000026       0x27 out/utilities.o
 .comment       0x00000026       0x27 /usr/lib/gcc/arm-none-eabi/13.2.1/thumb/v7e-m/nofp/libgcc.a(_fixunsdfdi.o)
 .comment       0x00000026       0x27 /usr/lib/gcc/arm-none-eabi/13.2.1/thumb/v7e-m/nofp/libgcc.a(_udivmoddi4.o)
 .comment       0x00000026       0x27 /usr/lib/gcc/arm-none-eabi/13.2.1/../../../arm-none-eabi/lib/thumb/v7e-m/nofp/libc.a(libc_a-memset.o)
 .comment       0x00000026       0x27 /usr/lib/gcc/arm-none-eabi/13.2.1/../../../arm-none-eabi/lib/thumb/v7e-m/nofp/libc.a(libc_a-strncmp.o)
 .comment       0x00000026       0x27 /usr/lib/gcc/arm-none-eabi/13.2.1/../../../arm-none-eabi/lib/thumb/v7e-m/nofp/libc.a(libc_a-atoi.o)
 .comment       0x00000026       0x27 /usr/lib/gcc/arm-none-eabi/13.2.1/../../../arm-none-eabi/lib/thumb/v7e-m/nofp/libc.a(libc_a-strtol.o)
 .comment       0x00000026       0x27 /usr/lib/gcc/arm-none-eabi/13.2.1/../../../arm-none-eabi/lib/thumb/v7e-m/nofp/libc.a(libc_a-malloc.o)
 .comment       0x00000026       0x27 /usr/lib/gcc/arm-none-eabi/13.2.1/../../../arm-none-eabi/lib/thumb/v7e-m/nofp/libc.a(libc_a-init.o)
 .comment       0x00000026       0x27 /usr/lib/gcc/arm-none-eabi/13.2.1/../../../arm-none-eabi/lib/thumb/v7e-m/nofp/libc.a(libc_a-ctype_.o)
 .comment       0x00000026       0x27 /usr/lib/gcc/arm-none-eabi/13.2.1/../../../arm-none-eabi/lib/thumb/v7e-m/nofp/libc.a(libc_a-atexit.o)
 .comment       0x00000026       0x27 /usr/lib/gcc/arm-none-eabi/13.2.1/../../../arm-none-eabi/lib/thumb/v7e-m/nofp/libc.a(libc_a-fini.o)
 .comment       0x00000026       0x27 /usr/lib/gcc/arm-none-eabi/13.2.1/../../../arm-none-eabi/lib/thumb/v7e-m/nofp/libc.a(libc_a-errno.o)
 .comment       0x00000026       0x27 /usr/lib/gcc/arm-none-eabi/13.2.1/../../../arm-none-eabi/lib/thumb/v7e-m/nofp/libc.a(libc_a-impure.o)
 .comment       0x00000026       0x27 /usr/lib/gcc/arm-none-eabi/13.2.1/../../../arm-none-eabi/lib/thumb/v7e-m/nofp/libc.a(libc_a-mallocr.o)
 .comment       0x00000026       0x27 /usr/lib/gcc/arm-none-eabi/13.2.1/../../../arm-none-eabi/lib/thumb/v7e-m/nofp/libc.a(libc_a-freer.o)
 .comment       0x00000026       0x27 /usr/lib/gcc/arm-none-eabi/13.2.1/../../../arm-none-eabi/lib/thumb/v7e-m/nofp/libc.a(libc_a-__call_atexit.o)
 .comment       0x00000026       0x27 /usr/lib/gcc/arm-none-eabi/13.2.1/../../../arm-none-eabi/lib/thumb/v7e-m/nofp/libc.a(libc_a-sysconf.o)
 .comment       0x00000026       0x27 /usr/lib/gcc/arm-none-eabi/13.2.1/../../../arm-none-eabi/lib/thumb/v7e-m/nofp/libc.a(libc_a-__atexit.o)
 .comment       0x00000026       0x27 /usr/lib/gcc/arm-none-eabi/13.2.1/../../../arm-none-eabi/lib/thumb/v7e-m/nofp/libc.a(libc_a-mlock.o)
 .comment       0x00000026       0x27 /usr/lib/gcc/arm-none-eabi/13.2.1/../../../arm-none-eabi/lib/thumb/v7e-m/nofp/libc.a(libc_a-findfp.o)
 .comment       0x00000026       0x27 /usr/lib/gcc/arm-none-eabi/13.2.1/../../../arm-none-eabi/lib/thumb/v7e-m/nofp/libc.a(libc_a-sbrkr.o)
 .comment       0x00000026       0x27 /usr/lib/gcc/arm-none-eabi/13.2.1/../../../arm-none-eabi/lib/thumb/v7e-m/nofp/libc.a(libc_a-reent.o)
 .comment       0x00000026       0x27 /usr/lib/gcc/arm-none-eabi/13.2.1/thumb/v7e-m/nofp/crtend.o

.debug_line     0x00000000     0x385c
 .debug_line    0x00000000      0x16f /usr/lib/gcc/arm-none-eabi/13.2.1/thumb/v7e-m/nofp/libgcc.a(_arm_addsubdf3.o)
 .debug_line    0x0000016f      0x184 /usr/lib/gcc/arm-none-eabi/13.2.1/thumb/v7e-m/nofp/libgcc.a(_arm_muldivdf3.o)
 .debug_line    0x000002f3       0xa6 /usr/lib/gcc/arm-none-eabi/13.2.1/thumb/v7e-m/nofp/libgcc.a(_arm_cmpdf2.o)
 .debug_line    0x00000399       0x62 /usr/lib/gcc/arm-none-eabi/13.2.1/thumb/v7e-m/nofp/libgcc.a(_arm_fixdfsi.o)
 .debug_line    0x000003fb       0x5e /usr/lib/gcc/arm-none-eabi/13.2.1/thumb/v7e-m/nofp/libgcc.a(_arm_fixunsdfsi.o)
 .debug_line    0x00000459       0x4e /usr/lib/gcc/arm-none-eabi/13.2.1/thumb/v7e-m/nofp/libgcc.a(_aeabi_uldivmod.o)
 .debug_line    0x000004a7       0xad /usr/lib/gcc/arm-none-eabi/13.2.1/thumb/v7e-m/nofp/libgcc.a(_fixunsdfdi.o)
 .debug_line    0x00000554      0x574 /usr/lib/gcc/arm-none-eabi/13.2.1/thumb/v7e-m/nofp/libgcc.a(_udivmoddi4.o)
 .debug_line    0x00000ac8       0x4a /usr/lib/gcc/arm-none-eabi/13.2.1/thumb/v7e-m/nofp/libgcc.a(_dvmd_tls.o)
 .debug_line    0x00000b12      0x1b6 /usr/lib/gcc/arm-none-eabi/13.2.1/../../../arm-none-eabi/lib/thumb/v7e-m/nofp/libc.a(libc_a-memset.o)
 .debug_line    0x00000cc8      0x1f6 /usr/lib/gcc/arm-none-eabi/13.2.1/../../../arm-none-eabi/lib/thumb/v7e-m/nofp/libc.a(libc_a-strncmp.o)
 .debug_line    0x00000ebe      0x15b /usr/lib/gcc/arm-none-eabi/13.2.1/../../../arm-none-eabi/lib/thumb/v7e-m/nofp/libc.a(libc_a-atoi.o)
 .debug_line    0x00001019      0x42f /usr/lib/gcc/arm-none-eabi/13.2.1/../../../arm-none-eabi/lib/thumb/v7e-m/nofp/libc.a(libc_a-strtol.o)
 .debug_line    0x00001448      0x16b /usr/lib/gcc/arm-none-eabi/13.2.1/../../../arm-none-eabi/lib/thumb/v7e-m/nofp/libc.a(libc_a-malloc.o)
 .debug_line    0x000015b3       0xb9 /usr/lib/gcc/arm-none-eabi/13.2.1/../../../arm-none-eabi/lib/thumb/v7e-m/nofp/libc.a(libc_a-memcpy.o)
 .debug_line    0x0000166c      0x11e /usr/lib/gcc/arm-none-eabi/13.2.1/../../../arm-none-eabi/lib/thumb/v7e-m/nofp/libc.a(libc_a-init.o)
 .debug_line    0x0000178a       0x97 /usr/lib/gcc/arm-none-eabi/13.2.1/../../../arm-none-eabi/lib/thumb/v7e-m/nofp/libc.a(libc_a-ctype_.o)
 .debug_line    0x00001821       0xc3 /usr/lib/gcc/arm-none-eabi/13.2.1/../../../arm-none-eabi/lib/thumb/v7e-m/nofp/libc.a(libc_a-atexit.o)
 .debug_line    0x000018e4       0xd2 /usr/lib/gcc/arm-none-eabi/13.2.1/../../../arm-none-eabi/lib/thumb/v7e-m/nofp/libc.a(libc_a-fini.o)
 .debug_line    0x000019b6      0x10c /usr/lib/gcc/arm-none-eabi/13.2.1/../../../arm-none-eabi/lib/thumb/v7e-m/nofp/libc.a(libc_a-errno.o)
 .debug_line    0x00001ac2       0xe7 /usr/lib/gcc/arm-none-eabi/13.2.1/../../../arm-none-eabi/lib/thumb/v7e-m/nofp/libc.a(libc_a-impure.o)
 .debug_line    0x00001ba9      0x8e9 /usr/lib/gcc/arm-none-eabi/13.2.1/../../../arm-none-eabi/lib/thumb/v7e-m/nofp/libc.a(libc_a-mallocr.o)
 .debug_line    0x00002492      0x544 /usr/lib/gcc/arm-none-eabi/13.2.1/../../../arm-none-eabi/lib/thumb/v7e-m/nofp/libc.a(libc_a-freer.o)
 .debug_line    0x000029d6      0x27f /usr/lib/gcc/arm-none-eabi/13.2.1/../../../arm-none-eabi/lib/thumb/v7e-m/nofp/libc.a(libc_a-__call_atexit.o)
 .debug_line    0x00002c55       0xe6 /usr/lib/gcc/arm-none-eabi/13.2.1/../../../arm-none-eabi/lib/thumb/v7e-m/nofp/libc.a(libc_a-sysconf.o)
 .debug_line    0x00002d3b      0x14f /usr/lib/gcc/arm-none-eabi/13.2.1/../../../arm-none-eabi/lib/thumb/v7e-m/nofp/libc.a(libc_a-__atexit.o)
 .debug_line    0x00002e8a      0x153 /usr/lib/gcc/arm-none-eabi/13.2.1/../../../arm-none-eabi/lib/thumb/v7e-m/nofp/libc.a(libc_a-mlock.o)
 .debug_line    0x00002fdd      0x4fc /usr/lib/gcc/arm-none-eabi/13.2.1/../../../arm-none-eabi/lib/thumb/v7e-m/nofp/libc.a(libc_a-findfp.o)
 .debug_line    0x000034d9      0x193 /usr/lib/gcc/arm-none-eabi/13.2.1/../../../arm-none-eabi/lib/thumb/v7e-m/nofp/libc.a(libc_a-sbrkr.o)
 .debug_line    0x0000366c      0x1f0 /usr/lib/gcc/arm-none-eabi/13.2.1/../../../arm-none-eabi/lib/thumb/v7e-m/nofp/libc.a(libc_a-reent.o)

.debug_line_str
                0x00000000      0x13e
 .debug_line_str
                0x00000000      0x13e /usr/lib/gcc/arm-none-eabi/13.2.1/thumb/v7e-m/nofp/libgcc.a(_arm_addsubdf3.o)
                                 0x99 (size before relaxing)
 .debug_line_str
                0x0000013e       0x99 /usr/lib/gcc/arm-none-eabi/13.2.1/thumb/v7e-m/nofp/libgcc.a(_arm_muldivdf3.o)
 .debug_line_str
                0x0000013e       0x99 /usr/lib/gcc/arm-none-eabi/13.2.1/thumb/v7e-m/nofp/libgcc.a(_arm_cmpdf2.o)
 .debug_line_str
                0x0000013e       0x99 /usr/lib/gcc/arm-none-eabi/13.2.1/thumb/v7e-m/nofp/libgcc.a(_arm_fixdfsi.o)
 .debug_line_str
                0x0000013e       0x99 /usr/lib/gcc/arm-none-eabi/13.2.1/thumb/v7e-m/nofp/libgcc.a(_arm_fixunsdfsi.o)
 .debug_line_str
                0x0000013e       0x94 /usr/lib/gcc/arm-none-eabi/13.2.1/thumb/v7e-m/nofp/libgcc.a(_aeabi_uldivmod.o)
 .debug_line_str
                0x0000013e       0x98 /usr/lib/gcc/arm-none-eabi/13.2.1/thumb/v7e-m/nofp/libgcc.a(_dvmd_tls.o)
 .debug_line_str
                0x0000013e       0x91 /usr/lib/gcc/arm-none-eabi/13.2.1/../../../arm-none-eabi/lib/thumb/v7e-m/nofp/libc.a(libc_a-memcpy.o)

.debug_info     0x00000000     0x821a
 .debug_info    0x00000000       0xd3 /usr/lib/gcc/arm-none-eabi/13.2.1/thumb/v7e-m/nofp/libgcc.a(_arm_addsubdf3.o)
 .debug_info    0x000000d3       0x57 /usr/lib/gcc/arm-none-eabi/13.2.1/thumb/v7e-m/nofp/libgcc.a(_arm_muldivdf3.o)
 .debug_info    0x0000012a       0xdf /usr/lib/gcc/arm-none-eabi/13.2.1/thumb/v7e-m/nofp/libgcc.a(_arm_cmpdf2.o)
 .debug_info    0x00000209       0x3c /usr/lib/gcc/arm-none-eabi/13.2.1/thumb/v7e-m/nofp/libgcc.a(_arm_fixdfsi.o)
 .debug_info    0x00000245       0x3c /usr/lib/gcc/arm-none-eabi/13.2.1/thumb/v7e-m/nofp/libgcc.a(_arm_fixunsdfsi.o)
 .debug_info    0x00000281       0x24 /usr/lib/gcc/arm-none-eabi/13.2.1/thumb/v7e-m/nofp/libgcc.a(_aeabi_uldivmod.o)
 .debug_info    0x000002a5      0x374 /usr/lib/gcc/arm-none-eabi/13.2.1/thumb/v7e-m/nofp/libgcc.a(_fixunsdfdi.o)
 .debug_info    0x00000619      0x6f5 /usr/lib/gcc/arm-none-eabi/13.2.1/thumb/v7e-m/nofp/libgcc.a(_udivmoddi4.o)
 .debug_info    0x00000d0e       0x3c /usr/lib/gcc/arm-none-eabi/13.2.1/thumb/v7e-m/nofp/libgcc.a(_dvmd_tls.o)
 .debug_info    0x00000d4a      0x135 /usr/lib/gcc/arm-none-eabi/13.2.1/../../../arm-none-eabi/lib/thumb/v7e-m/nofp/libc.a(libc_a-memset.o)
 .debug_info    0x00000e7f      0x108 /usr/lib/gcc/arm-none-eabi/13.2.1/../../../arm-none-eabi/lib/thumb/v7e-m/nofp/libc.a(libc_a-strncmp.o)
 .debug_info    0x00000f87      0x7ed /usr/lib/gcc/arm-none-eabi/13.2.1/../../../arm-none-eabi/lib/thumb/v7e-m/nofp/libc.a(libc_a-atoi.o)
 .debug_info    0x00001774      0xd95 /usr/lib/gcc/arm-none-eabi/13.2.1/../../../arm-none-eabi/lib/thumb/v7e-m/nofp/libc.a(libc_a-strtol.o)
 .debug_info    0x00002509      0x7b4 /usr/lib/gcc/arm-none-eabi/13.2.1/../../../arm-none-eabi/lib/thumb/v7e-m/nofp/libc.a(libc_a-malloc.o)
 .debug_info    0x00002cbd       0x33 /usr/lib/gcc/arm-none-eabi/13.2.1/../../../arm-none-eabi/lib/thumb/v7e-m/nofp/libc.a(libc_a-memcpy.o)
 .debug_info    0x00002cf0      0x10b /usr/lib/gcc/arm-none-eabi/13.2.1/../../../arm-none-eabi/lib/thumb/v7e-m/nofp/libc.a(libc_a-init.o)
 .debug_info    0x00002dfb       0xb9 /usr/lib/gcc/arm-none-eabi/13.2.1/../../../arm-none-eabi/lib/thumb/v7e-m/nofp/libc.a(libc_a-ctype_.o)
 .debug_info    0x00002eb4      0x11e /usr/lib/gcc/arm-none-eabi/13.2.1/../../../arm-none-eabi/lib/thumb/v7e-m/nofp/libc.a(libc_a-atexit.o)
 .debug_info    0x00002fd2       0xf7 /usr/lib/gcc/arm-none-eabi/13.2.1/../../../arm-none-eabi/lib/thumb/v7e-m/nofp/libc.a(libc_a-fini.o)
 .debug_info    0x000030c9      0x70f /usr/lib/gcc/arm-none-eabi/13.2.1/../../../arm-none-eabi/lib/thumb/v7e-m/nofp/libc.a(libc_a-errno.o)
 .debug_info    0x000037d8      0x729 /usr/lib/gcc/arm-none-eabi/13.2.1/../../../arm-none-eabi/lib/thumb/v7e-m/nofp/libc.a(libc_a-impure.o)
 .debug_info    0x00003f01      0xcd9 /usr/lib/gcc/arm-none-eabi/13.2.1/../../../arm-none-eabi/lib/thumb/v7e-m/nofp/libc.a(libc_a-mallocr.o)
 .debug_info    0x00004bda      0xb55 /usr/lib/gcc/arm-none-eabi/13.2.1/../../../arm-none-eabi/lib/thumb/v7e-m/nofp/libc.a(libc_a-freer.o)
 .debug_info    0x0000572f      0x284 /usr/lib/gcc/arm-none-eabi/13.2.1/../../../arm-none-eabi/lib/thumb/v7e-m/nofp/libc.a(libc_a-__call_atexit.o)
 .debug_info    0x000059b3       0xc1 /usr/lib/gcc/arm-none-eabi/13.2.1/../../../arm-none-eabi/lib/thumb/v7e-m/nofp/libc.a(libc_a-sysconf.o)
 .debug_info    0x00005a74      0x1fd /usr/lib/gcc/arm-none-eabi/13.2.1/../../../arm-none-eabi/lib/thumb/v7e-m/nofp/libc.a(libc_a-__atexit.o)
 .debug_info    0x00005c71      0x73a /usr/lib/gcc/arm-none-eabi/13.2.1/../../../arm-none-eabi/lib/thumb/v7e-m/nofp/libc.a(libc_a-mlock.o)
 .debug_info    0x000063ab      0xea8 /usr/lib/gcc/arm-none-eabi/13.2.1/../../../arm-none-eabi/lib/thumb/v7e-m/nofp/libc.a(libc_a-findfp.o)
 .debug_info    0x00007253      0x796 /usr/lib/gcc/arm-none-eabi/13.2.1/../../../arm-none-eabi/lib/thumb/v7e-m/nofp/libc.a(libc_a-sbrkr.o)
 .debug_info    0x000079e9      0x831 /usr/lib/gcc/arm-none-eabi/13.2.1/../../../arm-none-eabi/lib/thumb/v7e-m/nofp/libc.a(libc_a-reent.o)

.debug_abbrev   0x00000000     0x2534
 .debug_abbrev  0x00000000       0x28 /usr/lib/gcc/arm-none-eabi/13.2.1/thumb/v7e-m/nofp/libgcc.a(_arm_addsubdf3.o)
 .debug_abbrev  0x00000028       0x28 /usr/lib/gcc/arm-none-eabi/13.2.1/thumb/v7e-m/nofp/libgcc.a(_arm_muldivdf3.o)
 .debug_abbrev  0x00000050       0x28 /usr/lib/gcc/arm-none-eabi/13.2.1/thumb/v7e-m/nofp/libgcc.a(_arm_cmpdf2.o)
 .debug_abbrev  0x00000078       0x28 /usr/lib/gcc/arm-none-eabi/13.2.1/thumb/v7e-m/nofp/libgcc.a(_arm_fixdfsi.o)
 .debug_abbrev  0x000000a0       0x28 /usr/lib/gcc/arm-none-eabi/13.2.1/thumb/v7e-m/nofp/libgcc.a(_arm_fixunsdfsi.o)
 .debug_abbrev  0x000000c8       0x14 /usr/lib/gcc/arm-none-eabi/13.2.1/thumb/v7e-m/nofp/libgcc.a(_aeabi_uldivmod.o)
 .debug_abbrev  0x000000dc      0x103 /usr/lib/gcc/arm-none-eabi/13.2.1/thumb/v7e-m/nofp/libgcc.a(_fixunsdfdi.o)
 .debug_abbrev  0x000001df      0x16a /usr/lib/gcc/arm-none-eabi/13.2.1/thumb/v7e-m/nofp/libgcc.a(_udivmoddi4.o)
 .debug_abbrev  0x00000349       0x26 /usr/lib/gcc/arm-none-eabi/13.2.1/thumb/v7e-m/nofp/libgcc.a(_dvmd_tls.o)
 .debug_abbrev  0x0000036f       0xb7 /usr/lib/gcc/arm-none-eabi/13.2.1/../../../arm-none-eabi/lib/thumb/v7e-m/nofp/libc.a(libc_a-memset.o)
 .debug_abbrev  0x00000426       0x92 /usr/lib/gcc/arm-none-eabi/13.2.1/../../../arm-none-eabi/lib/thumb/v7e-m/nofp/libc.a(libc_a-strncmp.o)
 .debug_abbrev  0x000004b8      0x1ee /usr/lib/gcc/arm-none-eabi/13.2.1/../../../arm-none-eabi/lib/thumb/v7e-m/nofp/libc.a(libc_a-atoi.o)
 .debug_abbrev  0x000006a6      0x326 /usr/lib/gcc/arm-none-eabi/13.2.1/../../../arm-none-eabi/lib/thumb/v7e-m/nofp/libc.a(libc_a-strtol.o)
 .debug_abbrev  0x000009cc      0x20b /usr/lib/gcc/arm-none-eabi/13.2.1/../../../arm-none-eabi/lib/thumb/v7e-m/nofp/libc.a(libc_a-malloc.o)
 .debug_abbrev  0x00000bd7       0x28 /usr/lib/gcc/arm-none-eabi/13.2.1/../../../arm-none-eabi/lib/thumb/v7e-m/nofp/libc.a(libc_a-memcpy.o)
 .debug_abbrev  0x00000bff       0xc9 /usr/lib/gcc/arm-none-eabi/13.2.1/../../../arm-none-eabi/lib/thumb/v7e-m/nofp/libc.a(libc_a-init.o)
 .debug_abbrev  0x00000cc8       0x62 /usr/lib/gcc/arm-none-eabi/13.2.1/../../../arm-none-eabi/lib/thumb/v7e-m/nofp/libc.a(libc_a-ctype_.o)
 .debug_abbrev  0x00000d2a       0xc1 /usr/lib/gcc/arm-none-eabi/13.2.1/../../../arm-none-eabi/lib/thumb/v7e-m/nofp/libc.a(libc_a-atexit.o)
 .debug_abbrev  0x00000deb       0xcc /usr/lib/gcc/arm-none-eabi/13.2.1/../../../arm-none-eabi/lib/thumb/v7e-m/nofp/libc.a(libc_a-fini.o)
 .debug_abbrev  0x00000eb7      0x19a /usr/lib/gcc/arm-none-eabi/13.2.1/../../../arm-none-eabi/lib/thumb/v7e-m/nofp/libc.a(libc_a-errno.o)
 .debug_abbrev  0x00001051      0x185 /usr/lib/gcc/arm-none-eabi/13.2.1/../../../arm-none-eabi/lib/thumb/v7e-m/nofp/libc.a(libc_a-impure.o)
 .debug_abbrev  0x000011d6      0x2d7 /usr/lib/gcc/arm-none-eabi/13.2.1/../../../arm-none-eabi/lib/thumb/v7e-m/nofp/libc.a(libc_a-mallocr.o)
 .debug_abbrev  0x000014ad      0x27f /usr/lib/gcc/arm-none-eabi/13.2.1/../../../arm-none-eabi/lib/thumb/v7e-m/nofp/libc.a(libc_a-freer.o)
 .debug_abbrev  0x0000172c      0x1dd /usr/lib/gcc/arm-none-eabi/13.2.1/../../../arm-none-eabi/lib/thumb/v7e-m/nofp/libc.a(libc_a-__call_atexit.o)
 .debug_abbrev  0x00001909       0x80 /usr/lib/gcc/arm-none-eabi/13.2.1/../../../arm-none-eabi/lib/thumb/v7e-m/nofp/libc.a(libc_a-sysconf.o)
 .debug_abbrev  0x00001989      0x157 /usr/lib/gcc/arm-none-eabi/13.2.1/../../../arm-none-eabi/lib/thumb/v7e-m/nofp/libc.a(libc_a-__atexit.o)
 .debug_abbrev  0x00001ae0      0x1ce /usr/lib/gcc/arm-none-eabi/13.2.1/../../../arm-none-eabi/lib/thumb/v7e-m/nofp/libc.a(libc_a-mlock.o)
 .debug_abbrev  0x00001cae      0x446 /usr/lib/gcc/arm-none-eabi/13.2.1/../../../arm-none-eabi/lib/thumb/v7e-m/nofp/libc.a(libc_a-findfp.o)
 .debug_abbrev  0x000020f4      0x216 /usr/lib/gcc/arm-none-eabi/13.2.1/../../../arm-none-eabi/lib/thumb/v7e-m/nofp/libc.a(libc_a-sbrkr.o)
 .debug_abbrev  0x0000230a      0x22a /usr/lib/gcc/arm-none-eabi/13.2.1/../../../arm-none-eabi/lib/thumb/v7e-m/nofp/libc.a(libc_a-reent.o)

.debug_aranges  0x00000000      0x3b8
 .debug_aranges
                0x00000000       0x20 /usr/lib/gcc/arm-none-eabi/13.2.1/thumb/v7e-m/nofp/libgcc.a(_arm_addsubdf3.o)
 .debug_aranges
                0x00000020       0x20 /usr/lib/gcc/arm-none-eabi/13.2.1/thumb/v7e-m/nofp/libgcc.a(_arm_muldivdf3.o)
 .debug_aranges
                0x00000040       0x20 /usr/lib/gcc/arm-none-eabi/13.2.1/thumb/v7e-m/nofp/libgcc.a(_arm_cmpdf2.o)
 .debug_aranges
                0x00000060       0x20 /usr/lib/gcc/arm-none-eabi/13.2.1/thumb/v7e-m/nofp/libgcc.a(_arm_fixdfsi.o)
 .debug_aranges
                0x00000080       0x20 /usr/lib/gcc/arm-none-eabi/13.2.1/thumb/v7e-m/nofp/libgcc.a(_arm_fixunsdfsi.o)
 .debug_aranges
                0x000000a0       0x20 /usr/lib/gcc/arm-none-eabi/13.2.1/thumb/v7e-m/nofp/libgcc.a(_aeabi_uldivmod.o)
 .debug_aranges
                0x000000c0       0x20 /usr/lib/gcc/arm-none-eabi/13.2.1/thumb/v7e-m/nofp/libgcc.a(_fixunsdfdi.o)
 .debug_aranges
                0x000000e0       0x20 /usr/lib/gcc/arm-none-eabi/13.2.1/thumb/v7e-m/nofp/libgcc.a(_udivmoddi4.o)
 .debug_aranges
                0x00000100       0x20 /usr/lib/gcc/arm-none-eabi/13.2.1/thumb/v7e-m/nofp/libgcc.a(_dvmd_tls.o)
 .debug_aranges
                0x00000120       0x20 /usr/lib/gcc/arm-none-eabi/13.2.1/../../../arm-none-eabi/lib/thumb/v7e-m/nofp/libc.a(libc_a-memset.o)
 .debug_aranges
                0x00000140       0x20 /usr/lib/gcc/arm-none-eabi/13.2.1/../../../arm-none-eabi/lib/thumb/v7e-m/nofp/libc.a(libc_a-strncmp.o)
 .debug_aranges
                0x00000160       0x20 /usr/lib/gcc/arm-none-eabi/13.2.1/../../../arm-none-eabi/lib/thumb/v7e-m/nofp/libc.a(libc_a-atoi.o)
 .debug_aranges
                0x00000180       0x20 /usr/lib/gcc/arm-none-eabi/13.2.1/../../../arm-none-eabi/lib/thumb/v7e-m/nofp/libc.a(libc_a-strtol.o)
 .debug_aranges
                0x000001a0       0x20 /usr/lib/gcc/arm-none-eabi/13.2.1/../../../arm-none-eabi/lib/thumb/v7e-m/nofp/libc.a(libc_a-malloc.o)
 .debug_aranges
                0x000001c0       0x20 /usr/lib/gcc/arm-none-eabi/13.2.1/../../../arm-none-eabi/lib/thumb/v7e-m/nofp/libc.a(libc_a-memcpy.o)
 .debug_aranges
                0x000001e0       0x20 /usr/lib/gcc/arm-none-eabi/13.2.1/../../../arm-none-eabi/lib/thumb/v7e-m/nofp/libc.a(libc_a-init.o)
 .debug_aranges
                0x00000200       0x18 /usr/lib/gcc/arm-none-eabi/13.2.1/../../../arm-none-eabi/lib/thumb/v7e-m/nofp/libc.a(libc_a-ctype_.o)
 .debug_aranges
                0x00000218       0x20 /usr/lib/gcc/arm-none-eabi/13.2.1/../../../arm-none-eabi/lib/thumb/v7e-m/nofp/libc.a(libc_a-atexit.o)
 .debug_aranges
                0x00000238       0x20 /usr/lib/gcc/arm-none-eabi/13.2.1/../../../arm-none-eabi/lib/thumb/v7e-m/nofp/libc.a(libc_a-fini.o)
 .debug_aranges
                0x00000258       0x20 /usr/lib/gcc/arm-none-eabi/13.2.1/../../../arm-none-eabi/lib/thumb/v7e-m/nofp/libc.a(libc_a-errno.o)
 .debug_aranges
                0x00000278       0x18 /usr/lib/gcc/arm-none-eabi/13.2.1/../../../arm-none-eabi/lib/thumb/v7e-m/nofp/libc.a(libc_a-impure.o)
 .debug_aranges
                0x00000290       0x20 /usr/lib/gcc/arm-none-eabi/13.2.1/../../../arm-none-eabi/lib/thumb/v7e-m/nofp/libc.a(libc_a-mallocr.o)
 .debug_aranges
                0x000002b0       0x20 /usr/lib/gcc/arm-none-eabi/13.2.1/../../../arm-none-eabi/lib/thumb/v7e-m/nofp/libc.a(libc_a-freer.o)
 .debug_aranges
                0x000002d0       0x28 /usr/lib/gcc/arm-none-eabi/13.2.1/../../../arm-none-eabi/lib/thumb/v7e-m/nofp/libc.a(libc_a-__call_atexit.o)
 .debug_aranges
                0x000002f8       0x20 /usr/lib/gcc/arm-none-eabi/13.2.1/../../../arm-none-eabi/lib/thumb/v7e-m/nofp/libc.a(libc_a-sysconf.o)
 .debug_aranges
                0x00000318       0x20 /usr/lib/gcc/arm-none-eabi/13.2.1/../../../arm-none-eabi/lib/thumb/v7e-m/nofp/libc.a(libc_a-__atexit.o)
 .debug_aranges
                0x00000338       0x20 /usr/lib/gcc/arm-none-eabi/13.2.1/../../../arm-none-eabi/lib/thumb/v7e-m/nofp/libc.a(libc_a-mlock.o)
 .debug_aranges
                0x00000358       0x20 /usr/lib/gcc/arm-none-eabi/13.2.1/../../../arm-none-eabi/lib/thumb/v7e-m/nofp/libc.a(libc_a-findfp.o)
 .debug_aranges
                0x00000378       0x20 /usr/lib/gcc/arm-none-eabi/13.2.1/../../../arm-none-eabi/lib/thumb/v7e-m/nofp/libc.a(libc_a-sbrkr.o)
 .debug_aranges
                0x00000398       0x20 /usr/lib/gcc/arm-none-eabi/13.2.1/../../../arm-none-eabi/lib/thumb/v7e-m/nofp/libc.a(libc_a-reent.o)

.debug_str      0x00000000     0x18da
 .debug_str     0x00000000     0x18da /usr/lib/gcc/arm-none-eabi/13.2.1/thumb/v7e-m/nofp/libgcc.a(_arm_addsubdf3.o)
                                0x151 (size before relaxing)
 .debug_str     0x000018da       0xd1 /usr/lib/gcc/arm-none-eabi/13.2.1/thumb/v7e-m/nofp/libgcc.a(_arm_muldivdf3.o)
 .debug_str     0x000018da      0x15a /usr/lib/gcc/arm-none-eabi/13.2.1/thumb/v7e-m/nofp/libgcc.a(_arm_cmpdf2.o)
 .debug_str     0x000018da       0xbc /usr/lib/gcc/arm-none-eabi/13.2.1/thumb/v7e-m/nofp/libgcc.a(_arm_fixdfsi.o)
 .debug_str     0x000018da       0xc0 /usr/lib/gcc/arm-none-eabi/13.2.1/thumb/v7e-m/nofp/libgcc.a(_arm_fixunsdfsi.o)
 .debug_str     0x000018da       0xa0 /usr/lib/gcc/arm-none-eabi/13.2.1/thumb/v7e-m/nofp/libgcc.a(_aeabi_uldivmod.o)
 .debug_str     0x000018da      0x667 /usr/lib/gcc/arm-none-eabi/13.2.1/thumb/v7e-m/nofp/libgcc.a(_fixunsdfdi.o)
 .debug_str     0x000018da      0x67f /usr/lib/gcc/arm-none-eabi/13.2.1/thumb/v7e-m/nofp/libgcc.a(_udivmoddi4.o)
 .debug_str     0x000018da       0xc0 /usr/lib/gcc/arm-none-eabi/13.2.1/thumb/v7e-m/nofp/libgcc.a(_dvmd_tls.o)
 .debug_str     0x000018da      0x1a2 /usr/lib/gcc/arm-none-eabi/13.2.1/../../../arm-none-eabi/lib/thumb/v7e-m/nofp/libc.a(libc_a-memset.o)
 .debug_str     0x000018da      0x190 /usr/lib/gcc/arm-none-eabi/13.2.1/../../../arm-none-eabi/lib/thumb/v7e-m/nofp/libc.a(libc_a-strncmp.o)
 .debug_str     0x000018da      0x4a5 /usr/lib/gcc/arm-none-eabi/13.2.1/../../../arm-none-eabi/lib/thumb/v7e-m/nofp/libc.a(libc_a-atoi.o)
 .debug_str     0x000018da      0x722 /usr/lib/gcc/arm-none-eabi/13.2.1/../../../arm-none-eabi/lib/thumb/v7e-m/nofp/libc.a(libc_a-strtol.o)
 .debug_str     0x000018da      0x4c6 /usr/lib/gcc/arm-none-eabi/13.2.1/../../../arm-none-eabi/lib/thumb/v7e-m/nofp/libc.a(libc_a-malloc.o)
 .debug_str     0x000018da       0xa4 /usr/lib/gcc/arm-none-eabi/13.2.1/../../../arm-none-eabi/lib/thumb/v7e-m/nofp/libc.a(libc_a-memcpy.o)
 .debug_str     0x000018da      0x1ef /usr/lib/gcc/arm-none-eabi/13.2.1/../../../arm-none-eabi/lib/thumb/v7e-m/nofp/libc.a(libc_a-init.o)
 .debug_str     0x000018da      0x187 /usr/lib/gcc/arm-none-eabi/13.2.1/../../../arm-none-eabi/lib/thumb/v7e-m/nofp/libc.a(libc_a-ctype_.o)
 .debug_str     0x000018da      0x1cb /usr/lib/gcc/arm-none-eabi/13.2.1/../../../arm-none-eabi/lib/thumb/v7e-m/nofp/libc.a(libc_a-atexit.o)
 .debug_str     0x000018da      0x1c5 /usr/lib/gcc/arm-none-eabi/13.2.1/../../../arm-none-eabi/lib/thumb/v7e-m/nofp/libc.a(libc_a-fini.o)
 .debug_str     0x000018da      0x49b /usr/lib/gcc/arm-none-eabi/13.2.1/../../../arm-none-eabi/lib/thumb/v7e-m/nofp/libc.a(libc_a-errno.o)
 .debug_str     0x000018da      0x4a6 /usr/lib/gcc/arm-none-eabi/13.2.1/../../../arm-none-eabi/lib/thumb/v7e-m/nofp/libc.a(libc_a-impure.o)
 .debug_str     0x000018da      0x6c9 /usr/lib/gcc/arm-none-eabi/13.2.1/../../../arm-none-eabi/lib/thumb/v7e-m/nofp/libc.a(libc_a-mallocr.o)
 .debug_str     0x000018da      0x611 /usr/lib/gcc/arm-none-eabi/13.2.1/../../../arm-none-eabi/lib/thumb/v7e-m/nofp/libc.a(libc_a-freer.o)
 .debug_str     0x000018da      0x258 /usr/lib/gcc/arm-none-eabi/13.2.1/../../../arm-none-eabi/lib/thumb/v7e-m/nofp/libc.a(libc_a-__call_atexit.o)
 .debug_str     0x000018da      0x197 /usr/lib/gcc/arm-none-eabi/13.2.1/../../../arm-none-eabi/lib/thumb/v7e-m/nofp/libc.a(libc_a-sysconf.o)
 .debug_str     0x000018da      0x236 /usr/lib/gcc/arm-none-eabi/13.2.1/../../../arm-none-eabi/lib/thumb/v7e-m/nofp/libc.a(libc_a-__atexit.o)
 .debug_str     0x000018da      0x4bf /usr/lib/gcc/arm-none-eabi/13.2.1/../../../arm-none-eabi/lib/thumb/v7e-m/nofp/libc.a(libc_a-mlock.o)
 .debug_str     0x000018da      0x6a9 /usr/lib/gcc/arm-none-eabi/13.2.1/../../../arm-none-eabi/lib/thumb/v7e-m/nofp/libc.a(libc_a-findfp.o)
 .debug_str     0x000018da      0x4aa /usr/lib/gcc/arm-none-eabi/13.2.1/../../../arm-none-eabi/lib/thumb/v7e-m/nofp/libc.a(libc_a-sbrkr.o)
 .debug_str     0x000018da      0x4c0 /usr/lib/gcc/arm-none-eabi/13.2.1/../../../arm-none-eabi/lib/thumb/v7e-m/nofp/libc.a(libc_a-reent.o)

.debug_frame    0x00000000      0x774
 .debug_frame   0x00000000       0xac /usr/lib/gcc/arm-none-eabi/13.2.1/thumb/v7e-m/nofp/libgcc.a(_arm_addsubdf3.o)
 .debug_frame   0x000000ac       0x50 /usr/lib/gcc/arm-none-eabi/13.2.1/thumb/v7e-m/nofp/libgcc.a(_arm_muldivdf3.o)
 .debug_frame   0x000000fc       0xc4 /usr/lib/gcc/arm-none-eabi/13.2.1/thumb/v7e-m/nofp/libgcc.a(_arm_cmpdf2.o)
 .debug_frame   0x000001c0       0x24 /usr/lib/gcc/arm-none-eabi/13.2.1/thumb/v7e-m/nofp/libgcc.a(_arm_fixdfsi.o)
 .debug_frame   0x000001e4       0x24 /usr/lib/gcc/arm-none-eabi/13.2.1/thumb/v7e-m/nofp/libgcc.a(_arm_fixunsdfsi.o)
 .debug_frame   0x00000208       0x2c /usr/lib/gcc/arm-none-eabi/13.2.1/thumb/v7e-m/nofp/libgcc.a(_aeabi_uldivmod.o)
 .debug_frame   0x00000234       0x2c /usr/lib/gcc/arm-none-eabi/13.2.1/thumb/v7e-m/nofp/libgcc.a(_fixunsdfdi.o)
 .debug_frame   0x00000260       0x34 /usr/lib/gcc/arm-none-eabi/13.2.1/thumb/v7e-m/nofp/libgcc.a(_udivmoddi4.o)
 .debug_frame   0x00000294       0x2c /usr/lib/gcc/arm-none-eabi/13.2.1/../../../arm-none-eabi/lib/thumb/v7e-m/nofp/libc.a(libc_a-memset.o)
 .debug_frame   0x000002c0       0x38 /usr/lib/gcc/arm-none-eabi/13.2.1/../../../arm-none-eabi/lib/thumb/v7e-m/nofp/libc.a(libc_a-strncmp.o)
 .debug_frame   0x000002f8       0x30 /usr/lib/gcc/arm-none-eabi/13.2.1/../../../arm-none-eabi/lib/thumb/v7e-m/nofp/libc.a(libc_a-atoi.o)
 .debug_frame   0x00000328       0x80 /usr/lib/gcc/arm-none-eabi/13.2.1/../../../arm-none-eabi/lib/thumb/v7e-m/nofp/libc.a(libc_a-strtol.o)
 .debug_frame   0x000003a8       0x30 /usr/lib/gcc/arm-none-eabi/13.2.1/../../../arm-none-eabi/lib/thumb/v7e-m/nofp/libc.a(libc_a-malloc.o)
 .debug_frame   0x000003d8       0x2c /usr/lib/gcc/arm-none-eabi/13.2.1/../../../arm-none-eabi/lib/thumb/v7e-m/nofp/libc.a(libc_a-init.o)
 .debug_frame   0x00000404       0x20 /usr/lib/gcc/arm-none-eabi/13.2.1/../../../arm-none-eabi/lib/thumb/v7e-m/nofp/libc.a(libc_a-atexit.o)
 .debug_frame   0x00000424       0x34 /usr/lib/gcc/arm-none-eabi/13.2.1/../../../arm-none-eabi/lib/thumb/v7e-m/nofp/libc.a(libc_a-fini.o)
 .debug_frame   0x00000458       0x20 /usr/lib/gcc/arm-none-eabi/13.2.1/../../../arm-none-eabi/lib/thumb/v7e-m/nofp/libc.a(libc_a-errno.o)
 .debug_frame   0x00000478       0x48 /usr/lib/gcc/arm-none-eabi/13.2.1/../../../arm-none-eabi/lib/thumb/v7e-m/nofp/libc.a(libc_a-mallocr.o)
 .debug_frame   0x000004c0       0x78 /usr/lib/gcc/arm-none-eabi/13.2.1/../../../arm-none-eabi/lib/thumb/v7e-m/nofp/libc.a(libc_a-freer.o)
 .debug_frame   0x00000538       0x54 /usr/lib/gcc/arm-none-eabi/13.2.1/../../../arm-none-eabi/lib/thumb/v7e-m/nofp/libc.a(libc_a-__call_atexit.o)
 .debug_frame   0x0000058c       0x28 /usr/lib/gcc/arm-none-eabi/13.2.1/../../../arm-none-eabi/lib/thumb/v7e-m/nofp/libc.a(libc_a-sysconf.o)
 .debug_frame   0x000005b4       0x34 /usr/lib/gcc/arm-none-eabi/13.2.1/../../../arm-none-eabi/lib/thumb/v7e-m/nofp/libc.a(libc_a-__atexit.o)
 .debug_frame   0x000005e8       0x30 /usr/lib/gcc/arm-none-eabi/13.2.1/../../../arm-none-eabi/lib/thumb/v7e-m/nofp/libc.a(libc_a-mlock.o)
 .debug_frame   0x00000618       0xf4 /usr/lib/gcc/arm-none-eabi/13.2.1/../../../arm-none-eabi/lib/thumb/v7e-m/nofp/libc.a(libc_a-findfp.o)
 .debug_frame   0x0000070c       0x2c /usr/lib/gcc/arm-none-eabi/13.2.1/../../../arm-none-eabi/lib/thumb/v7e-m/nofp/libc.a(libc_a-sbrkr.o)
 .debug_frame   0x00000738       0x3c /usr/lib/gcc/arm-none-eabi/13.2.1/../../../arm-none-eabi/lib/thumb/v7e-m/nofp/libc.a(libc_a-reent.o)

.debug_loclists
                0x00000000     0x27a1
 .debug_loclists
                0x00000000       0x7a /usr/lib/gcc/arm-none-eabi/13.2.1/thumb/v7e-m/nofp/libgcc.a(_fixunsdfdi.o)
 .debug_loclists